Component: ARM Compiler 5.05 update 1 (build 106) Tool: armlink [4d0efa]

==============================================================================

Section Cross References

    main.o(i.main) refers to appinit.o(i.AppInit) for AppInit
    main.o(i.main) refers to driver.o(i.All_Init) for All_Init
    main.o(i.main) refers to parameters.o(i.ParametersSave) for ParametersSave
    main.o(i.main) refers to timer.o(i.Delay_ms) for Delay_ms
    main.o(i.main) refers to parameters.o(.data) for ParaSavingFlag
    startup_stm32f427_437xx.o(RESET) refers to startup_stm32f427_437xx.o(STACK) for __initial_sp
    startup_stm32f427_437xx.o(RESET) refers to startup_stm32f427_437xx.o(.text) for Reset_Handler
    startup_stm32f427_437xx.o(RESET) refers to stm32f4xx_it.o(i.NMI_Handler) for NMI_Handler
    startup_stm32f427_437xx.o(RESET) refers to stm32f4xx_it.o(i.HardFault_Handler) for HardFault_Handler
    startup_stm32f427_437xx.o(RESET) refers to stm32f4xx_it.o(i.MemManage_Handler) for MemManage_Handler
    startup_stm32f427_437xx.o(RESET) refers to stm32f4xx_it.o(i.BusFault_Handler) for BusFault_Handler
    startup_stm32f427_437xx.o(RESET) refers to stm32f4xx_it.o(i.UsageFault_Handler) for UsageFault_Handler
    startup_stm32f427_437xx.o(RESET) refers to stm32f4xx_it.o(i.SVC_Handler) for SVC_Handler
    startup_stm32f427_437xx.o(RESET) refers to stm32f4xx_it.o(i.DebugMon_Handler) for DebugMon_Handler
    startup_stm32f427_437xx.o(RESET) refers to stm32f4xx_it.o(i.PendSV_Handler) for PendSV_Handler
    startup_stm32f427_437xx.o(RESET) refers to can.o(i.CAN1_TX_IRQHandler) for CAN1_TX_IRQHandler
    startup_stm32f427_437xx.o(RESET) refers to can.o(i.CAN1_RX0_IRQHandler) for CAN1_RX0_IRQHandler
    startup_stm32f427_437xx.o(RESET) refers to rc.o(i.USART1_IRQHandler) for USART1_IRQHandler
    startup_stm32f427_437xx.o(RESET) refers to usart2.o(i.USART2_IRQHandler) for USART2_IRQHandler
    startup_stm32f427_437xx.o(RESET) refers to usart3.o(i.USART3_IRQHandler) for USART3_IRQHandler
    startup_stm32f427_437xx.o(RESET) refers to timer.o(i.TIM5_IRQHandler) for TIM5_IRQHandler
    startup_stm32f427_437xx.o(RESET) refers to timer.o(i.TIM6_DAC_IRQHandler) for TIM6_DAC_IRQHandler
    startup_stm32f427_437xx.o(RESET) refers to can.o(i.CAN2_TX_IRQHandler) for CAN2_TX_IRQHandler
    startup_stm32f427_437xx.o(RESET) refers to can.o(i.CAN2_RX0_IRQHandler) for CAN2_RX0_IRQHandler
    startup_stm32f427_437xx.o(RESET) refers to usart6.o(i.USART6_IRQHandler) for USART6_IRQHandler
    startup_stm32f427_437xx.o(.text) refers to system_stm32f4xx.o(i.SystemInit) for SystemInit
    startup_stm32f427_437xx.o(.text) refers to entry.o(.ARM.Collect$$$$00000000) for __main
    bsp_flash.o(i.BSP_FLASH_Read) refers to bsp_flash.o(i.BSP_FLASH_ReadByte) for BSP_FLASH_ReadByte
    bsp_flash.o(i.BSP_FLASH_Write) refers to stm32f4xx_flash.o(i.FLASH_Unlock) for FLASH_Unlock
    bsp_flash.o(i.BSP_FLASH_Write) refers to stm32f4xx_flash.o(i.FLASH_DataCacheCmd) for FLASH_DataCacheCmd
    bsp_flash.o(i.BSP_FLASH_Write) refers to bsp_flash.o(i.BSP_FLASH_GetFlashSector) for BSP_FLASH_GetFlashSector
    bsp_flash.o(i.BSP_FLASH_Write) refers to stm32f4xx_flash.o(i.FLASH_EraseSector) for FLASH_EraseSector
    bsp_flash.o(i.BSP_FLASH_Write) refers to stm32f4xx_flash.o(i.FLASH_ProgramByte) for FLASH_ProgramByte
    bsp_flash.o(i.BSP_FLASH_Write) refers to stm32f4xx_flash.o(i.FLASH_Lock) for FLASH_Lock
    can.o(i.CAN1_RX0_IRQHandler) refers to stm32f4xx_can.o(i.CAN_GetITStatus) for CAN_GetITStatus
    can.o(i.CAN1_RX0_IRQHandler) refers to stm32f4xx_can.o(i.CAN_ClearITPendingBit) for CAN_ClearITPendingBit
    can.o(i.CAN1_RX0_IRQHandler) refers to stm32f4xx_can.o(i.CAN_ClearFlag) for CAN_ClearFlag
    can.o(i.CAN1_RX0_IRQHandler) refers to stm32f4xx_can.o(i.CAN_Receive) for CAN_Receive
    can.o(i.CAN1_TX_IRQHandler) refers to stm32f4xx_can.o(i.CAN_GetITStatus) for CAN_GetITStatus
    can.o(i.CAN1_TX_IRQHandler) refers to stm32f4xx_can.o(i.CAN_ClearITPendingBit) for CAN_ClearITPendingBit
    can.o(i.CAN2_RX0_IRQHandler) refers to stm32f4xx_can.o(i.CAN_GetITStatus) for CAN_GetITStatus
    can.o(i.CAN2_RX0_IRQHandler) refers to stm32f4xx_can.o(i.CAN_ClearITPendingBit) for CAN_ClearITPendingBit
    can.o(i.CAN2_RX0_IRQHandler) refers to stm32f4xx_can.o(i.CAN_Receive) for CAN_Receive
    can.o(i.CAN2_TX_IRQHandler) refers to stm32f4xx_can.o(i.CAN_GetITStatus) for CAN_GetITStatus
    can.o(i.CAN2_TX_IRQHandler) refers to stm32f4xx_can.o(i.CAN_ClearITPendingBit) for CAN_ClearITPendingBit
    can.o(i.Can1_Init) refers to stm32f4xx_rcc.o(i.RCC_AHB1PeriphClockCmd) for RCC_AHB1PeriphClockCmd
    can.o(i.Can1_Init) refers to stm32f4xx_rcc.o(i.RCC_APB1PeriphClockCmd) for RCC_APB1PeriphClockCmd
    can.o(i.Can1_Init) refers to stm32f4xx_gpio.o(i.GPIO_PinAFConfig) for GPIO_PinAFConfig
    can.o(i.Can1_Init) refers to stm32f4xx_gpio.o(i.GPIO_Init) for GPIO_Init
    can.o(i.Can1_Init) refers to misc.o(i.NVIC_Init) for NVIC_Init
[...]
    i.IST_Reg_Read_By_MPU                    0x08002fb8   Section        0  ist8310.o(i.IST_Reg_Read_By_MPU)
    IST_Reg_Read_By_MPU                      0x08002fb9   Thumb Code    58  ist8310.o(i.IST_Reg_Read_By_MPU)
    i.IST_Reg_Write_By_MPU                   0x08002ff2   Section        0  ist8310.o(i.IST_Reg_Write_By_MPU)
    IST_Reg_Write_By_MPU                     0x08002ff3   Thumb Code    64  ist8310.o(i.IST_Reg_Write_By_MPU)
    i.InnerLoopInit                          0x08003032   Section        0  timer.o(i.InnerLoopInit)
    i.IsDeviceLost                           0x08003048   Section        0  selfcheck.o(i.IsDeviceLost)
    i.Led_Configuration                      0x08003068   Section        0  led.o(i.Led_Configuration)
    i.MPU6500_Data_Cali                      0x080030e0   Section        0  mpu6500.o(i.MPU6500_Data_Cali)
    i.MPU6500_Data_Prepare                   0x080032d8   Section        0  mpu6500.o(i.MPU6500_Data_Prepare)
    i.MPU6500_Init                           0x0800364c   Section        0  mpu6500.o(i.MPU6500_Init)
    i.MPU6500_ReadValueRaw                   0x080036ec   Section        0  mpu6500.o(i.MPU6500_ReadValueRaw)
    i.MPU6500_Read_Reg                       0x08003798   Section        0  spi.o(i.MPU6500_Read_Reg)
    i.MPU6500_Write_Reg                      0x080037c4   Section        0  spi.o(i.MPU6500_Write_Reg)
    i.MPU_Auto_Read_IST_config               0x080037f0   Section        0  ist8310.o(i.MPU_Auto_Read_IST_config)
    MPU_Auto_Read_IST_config                 0x080037f1   Thumb Code   140  ist8310.o(i.MPU_Auto_Read_IST_config)
    i.MemManage_Handler                      0x0800387c   Section        0  stm32f4xx_it.o(i.MemManage_Handler)
    i.NMI_Handler                            0x08003880   Section        0  stm32f4xx_it.o(i.NMI_Handler)
    i.NVIC_Init                              0x08003884   Section        0  misc.o(i.NVIC_Init)
    i.NVIC_PriorityGroupConfig               0x080038fc   Section        0  misc.o(i.NVIC_PriorityGroupConfig)
    i.PWM_Init                               0x08003910   Section        0  pwm.o(i.PWM_Init)
    i.ParametersInit                         0x080039e0   Section        0  parameters.o(i.ParametersInit)
    i.ParametersSave                         0x08003a14   Section        0  parameters.o(i.ParametersSave)
    i.PendSV_Handler                         0x08003a70   Section        0  stm32f4xx_it.o(i.PendSV_Handler)
    i.RCC_AHB1PeriphClockCmd                 0x08003a74   Section        0  stm32f4xx_rcc.o(i.RCC_AHB1PeriphClockCmd)
    i.RCC_APB1PeriphClockCmd                 0x08003a94   Section        0  stm32f4xx_rcc.o(i.RCC_APB1PeriphClockCmd)
    i.RCC_APB1PeriphResetCmd                 0x08003ab4   Section        0  stm32f4xx_rcc.o(i.RCC_APB1PeriphResetCmd)
    i.RCC_APB2PeriphClockCmd                 0x08003ad4   Section        0  stm32f4xx_rcc.o(i.RCC_APB2PeriphClockCmd)
    i.RCC_APB2PeriphResetCmd                 0x08003af4   Section        0  stm32f4xx_rcc.o(i.RCC_APB2PeriphResetCmd)
    i.RCC_GetClocksFreq                      0x08003b14   Section        0  stm32f4xx_rcc.o(i.RCC_GetClocksFreq)
    i.RcProtocolAnalysis                     0x08003bfc   Section        0  protocol.o(i.RcProtocolAnalysis)
    i.Rc_Init                                0x08003ca4   Section        0  rc.o(i.Rc_Init)
    i.SPI5_Init                              0x08003cac   Section        0  spi.o(i.SPI5_Init)
    i.SPI5_Read_Write_Byte                   0x08003d88   Section        0  spi.o(i.SPI5_Read_Write_Byte)
    i.SPI_Cmd                                0x08003ddc   Section        0  stm32f4xx_spi.o(i.SPI_Cmd)
    i.SPI_I2S_GetFlagStatus                  0x08003df4   Section        0  stm32f4xx_spi.o(i.SPI_I2S_GetFlagStatus)
    i.SPI_I2S_ReceiveData                    0x08003e06   Section        0  stm32f4xx_spi.o(i.SPI_I2S_ReceiveData)
    i.SPI_I2S_SendData                       0x08003e0c   Section        0  stm32f4xx_spi.o(i.SPI_I2S_SendData)
    i.SPI_Init                               0x08003e10   Section        0  stm32f4xx_spi.o(i.SPI_Init)
    i.SVC_Handler                            0x08003e4c   Section        0  stm32f4xx_it.o(i.SVC_Handler)
    i.SensorOffsetInit                       0x08003e50   Section        0  parameters.o(i.SensorOffsetInit)
    i.SetSysClock                            0x08003eb4   Section        0  system_stm32f4xx.o(i.SetSysClock)
    SetSysClock                              0x08003eb5   Thumb Code   220  system_stm32f4xx.o(i.SetSysClock)
    i.SystemInit                             0x08003fa0   Section        0  system_stm32f4xx.o(i.SystemInit)
    i.TIM5_Configuration                     0x08004008   Section        0  timer.o(i.TIM5_Configuration)
    i.TIM5_IRQHandler                        0x08004048   Section        0  timer.o(i.TIM5_IRQHandler)
    i.TIM6_Configuration                     0x0800406c   Section        0  timer.o(i.TIM6_Configuration)
    i.TIM6_DAC_IRQHandler                    0x080040b8   Section        0  timer.o(i.TIM6_DAC_IRQHandler)
    i.TIM6_Start                             0x080040e0   Section        0  timer.o(i.TIM6_Start)
    i.TIM_ARRPreloadConfig                   0x08004104   Section        0  stm32f4xx_tim.o(i.TIM_ARRPreloadConfig)
    i.TIM_ClearFlag                          0x0800411c   Section        0  stm32f4xx_tim.o(i.TIM_ClearFlag)
    i.TIM_ClearITPendingBit                  0x08004122   Section        0  stm32f4xx_tim.o(i.TIM_ClearITPendingBit)
    i.TIM_Cmd                                0x08004128   Section        0  stm32f4xx_tim.o(i.TIM_Cmd)
    i.TIM_GetITStatus                        0x08004140   Section        0  stm32f4xx_tim.o(i.TIM_GetITStatus)
    i.TIM_ITConfig                           0x08004162   Section        0  stm32f4xx_tim.o(i.TIM_ITConfig)
    i.TIM_OC1Init                            0x08004174   Section        0  stm32f4xx_tim.o(i.TIM_OC1Init)
    i.TIM_OC1PreloadConfig                   0x080041f0   Section        0  stm32f4xx_tim.o(i.TIM_OC1PreloadConfig)
    i.TIM_OC2Init                            0x08004204   Section        0  stm32f4xx_tim.o(i.TIM_OC2Init)
    i.TIM_OC2PreloadConfig                   0x080042a8   Section        0  stm32f4xx_tim.o(i.TIM_OC2PreloadConfig)
    i.TIM_TimeBaseInit                       0x080042c4   Section        0  stm32f4xx_tim.o(i.TIM_TimeBaseInit)
    i.USART1_IRQHandler                      0x08004348   Section        0  rc.o(i.USART1_IRQHandler)
    i.USART2_IRQHandler                      0x08004410   Section        0  usart2.o(i.USART2_IRQHandler)
    i.USART3_IRQHandler                      0x0800443c   Section        0  usart3.o(i.USART3_IRQHandler)
    i.USART6_IRQHandler                      0x0800447c   Section        0  usart6.o(i.USART6_IRQHandler)
    i.USART_ClearITPendingBit                0x080044bc   Section        0  stm32f4xx_usart.o(i.USART_ClearITPendingBit)
    i.USART_ClockInit                        0x080044da   Section        0  stm32f4xx_usart.o(i.USART_ClockInit)
    i.USART_Cmd                              0x080044fa   Section        0  stm32f4xx_usart.o(i.USART_Cmd)
    i.USART_DMACmd                           0x08004512   Section        0  stm32f4xx_usart.o(i.USART_DMACmd)
    i.USART_DeInit                           0x08004524   Section        0  stm32f4xx_usart.o(i.USART_DeInit)
    i.USART_GetITStatus                      0x080045d8   Section        0  stm32f4xx_usart.o(i.USART_GetITStatus)
    i.USART_ITConfig                         0x0800462c   Section        0  stm32f4xx_usart.o(i.USART_ITConfig)
    i.USART_Init                             0x08004678   Section        0  stm32f4xx_usart.o(i.USART_Init)
    i.USART_StructInit                       0x0800474c   Section        0  stm32f4xx_usart.o(i.USART_StructInit)
    i.UsageFault_Handler                     0x08004764   Section        0  stm32f4xx_it.o(i.UsageFault_Handler)
    i.Usart1_Init                            0x08004768   Section        0  rc.o(i.Usart1_Init)
    i.Usart2_DataPrepare                     0x080048c0   Section        0  datatransfer.o(i.Usart2_DataPrepare)
    i.Usart2_Init                            0x080049a8   Section        0  usart2.o(i.Usart2_Init)
    i.Usart2_Send                            0x08004b04   Section        0  usart2.o(i.Usart2_Send)
    i.Usart3_DataPrepare                     0x08004bd0   Section        0  datatransfer.o(i.Usart3_DataPrepare)
    i.Usart3_Init                            0x08004cb8   Section        0  usart3.o(i.Usart3_Init)
    i.Usart3_Send                            0x08004e18   Section        0  usart3.o(i.Usart3_Send)
    i.Usart6_DataPrepare                     0x08004ee4   Section        0  datatransfer.o(i.Usart6_DataPrepare)
    i.Usart6_Init                            0x08004fcc   Section        0  usart6.o(i.Usart6_Init)
    i.WorkStateFSM                           0x08004fd0   Section        0  modeduty.o(i.WorkStateFSM)
    i.__0sprintf$6                           0x08004ff0   Section        0  printf6.o(i.__0sprintf$6)
    i.__ARM_fpclassify                       0x08005018   Section        0  fpclassify.o(i.__ARM_fpclassify)
    i.__ARM_fpclassifyf                      0x08005048   Section        0  fpclassifyf.o(i.__ARM_fpclassifyf)
    i.__hardfp_asinf                         0x08005070   Section        0  asinf.o(i.__hardfp_asinf)
    i.__hardfp_atan                          0x080051a0   Section        0  atan.o(i.__hardfp_atan)
    i.__hardfp_atan2                         0x08005478   Section        0  atan2.o(i.__hardfp_atan2)
    i.__hardfp_atan2f                        0x08005668   Section        0  atan2f.o(i.__hardfp_atan2f)
    i.__hardfp_cosf                          0x080058b8   Section        0  cosf.o(i.__hardfp_cosf)
    i.__hardfp_sinf                          0x08005a08   Section        0  sinf.o(i.__hardfp_sinf)
    i.__hardfp_sqrt                          0x08005b98   Section        0  sqrt.o(i.__hardfp_sqrt)
    i.__kernel_poly                          0x08005c12   Section        0  poly.o(i.__kernel_poly)
    i.__mathlib_dbl_infnan                   0x08005d0a   Section        0  dunder.o(i.__mathlib_dbl_infnan)
    i.__mathlib_dbl_infnan2                  0x08005d1e   Section        0  dunder.o(i.__mathlib_dbl_infnan2)
    i.__mathlib_dbl_underflow                0x08005d38   Section        0  dunder.o(i.__mathlib_dbl_underflow)
    i.__mathlib_flt_infnan                   0x08005d58   Section        0  funder.o(i.__mathlib_flt_infnan)
    i.__mathlib_flt_infnan2                  0x08005d5e   Section        0  funder.o(i.__mathlib_flt_infnan2)
    i.__mathlib_flt_invalid                  0x08005d64   Section        0  funder.o(i.__mathlib_flt_invalid)
    i.__mathlib_flt_underflow                0x08005d74   Section        0  funder.o(i.__mathlib_flt_underflow)
    i.__mathlib_rredf2                       0x08005d84   Section        0  rredf.o(i.__mathlib_rredf2)
    i.__scatterload_copy                     0x08005ed8   Section       14  handlers.o(i.__scatterload_copy)
    i.__scatterload_null                     0x08005ee6   Section        2  handlers.o(i.__scatterload_null)
    i.__scatterload_zeroinit                 0x08005ee8   Section       14  handlers.o(i.__scatterload_zeroinit)
    i.__set_errno                            0x08005ef8   Section        0  errno.o(i.__set_errno)
    i._printf_core                           0x08005f04   Section        0  printf6.o(i._printf_core)
    _printf_core                             0x08005f05   Thumb Code   748  printf6.o(i._printf_core)
    i._printf_post_padding                   0x080061f4   Section        0  printf6.o(i._printf_post_padding)
    _printf_post_padding                     0x080061f5   Thumb Code    36  printf6.o(i._printf_post_padding)
    i._printf_pre_padding                    0x08006218   Section        0  printf6.o(i._printf_pre_padding)
    _printf_pre_padding                      0x08006219   Thumb Code    46  printf6.o(i._printf_pre_padding)
    i._sputc                                 0x08006246   Section        0  printf6.o(i._sputc)
    _sputc                                   0x08006247   Thumb Code    10  printf6.o(i._sputc)
    i.atan                                   0x08006250   Section        0  atan.o(i.atan)
    i.fabs                                   0x08006260   Section        0  fabs.o(i.fabs)
    i.invSqrt                                0x08006278   Section        0  imu.o(i.invSqrt)
    i.main                                   0x080062e4   Section        0  main.o(i.main)
    i.sqrtf                                  0x0800630c   Section        0  sqrtf.o(i.sqrtf)
    .constdata                               0x0800634a   Section       22  selfcheck.o(.constdata)
    .constdata                               0x08006360   Section      152  atan.o(.constdata)
    atanhi                                   0x08006360   Data          32  atan.o(.constdata)
    atanlo                                   0x08006380   Data          32  atan.o(.constdata)
    aTodd                                    0x080063a0   Data          40  atan.o(.constdata)
    aTeven                                   0x080063c8   Data          48  atan.o(.constdata)
    .constdata                               0x080063f8   Section        8  qnan.o(.constdata)
    .constdata                               0x08006400   Section       32  rredf.o(.constdata)
    twooverpi                                0x08006400   Data          32  rredf.o(.constdata)
    .data                                    0x20000000   Section        4  rc.o(.data)
    this_time_rx_len                         0x20000000   Data           4  rc.o(.data)
    .data                                    0x20000004   Section        5  usart2.o(.data)
    num                                      0x20000006   Data           2  usart2.o(.data)
    len                                      0x20000008   Data           1  usart2.o(.data)
    .data                                    0x2000000a   Section        5  usart3.o(.data)
    num                                      0x2000000c   Data           2  usart3.o(.data)
    len                                      0x2000000e   Data           1  usart3.o(.data)
    .data                                    0x20000010   Section       18  mpu6500.o(.data)
    .data                                    0x20000022   Section       34  ist8310.o(.data)
    ADDR_BASE_EXTER                          0x20000028   Data           1  ist8310.o(.data)
    MagMAX                                   0x20000029   Data          12  ist8310.o(.data)
    MagMIN                                   0x20000035   Data          12  ist8310.o(.data)
    cnt_m                                    0x20000042   Data           2  ist8310.o(.data)
    .data                                    0x20000044   Section        1  modeduty.o(.data)
    .data                                    0x20000045   Section        6  protocol.o(.data)
    .data                                    0x2000004b   Section        9  datatransfer.o(.data)
    _data_len                                0x2000004b   Data           1  datatransfer.o(.data)
    _data_cnt                                0x2000004c   Data           1  datatransfer.o(.data)
    state                                    0x2000004d   Data           1  datatransfer.o(.data)
    _data_len                                0x2000004e   Data           1  datatransfer.o(.data)
    _data_cnt                                0x2000004f   Data           1  datatransfer.o(.data)
    state                                    0x20000050   Data           1  datatransfer.o(.data)
    _data_len                                0x20000051   Data           1  datatransfer.o(.data)
    _data_cnt                                0x20000052   Data           1  datatransfer.o(.data)
    state                                    0x20000053   Data           1  datatransfer.o(.data)
    .data                                    0x20000054   Section        4  dutytasks.o(.data)
    systime_ms                               0x20000054   Data           4  dutytasks.o(.data)
    .data                                    0x20000058   Section        4  selfcheck.o(.data)
    .data                                    0x2000005c   Section        3  parameters.o(.data)
    .data                                    0x20000060   Section      145  imu.o(.data)
    pn                                       0x200000dc   Data           1  imu.o(.data)
    h_tmp_x                                  0x200000e0   Data           4  imu.o(.data)
    h_tmp_y                                  0x200000e4   Data           4  imu.o(.data)
    yaw_correct                              0x200000e8   Data           4  imu.o(.data)
    yaw_mag                                  0x200000ec   Data           4  imu.o(.data)
    StartFlag                                0x200000f0   Data           1  imu.o(.data)
    .data                                    0x200000f1   Section       16  stm32f4xx_rcc.o(.data)
    APBAHBPrescTable                         0x200000f1   Data          16  stm32f4xx_rcc.o(.data)
    .data                                    0x20000104   Section        4  errno.o(.data)
    _errno                                   0x20000104   Data           4  errno.o(.data)
    .bss                                     0x20000108   Section       60  rc.o(.bss)
    .bss                                     0x20000144   Section      160  timer.o(.bss)
    Time                                     0x20000144   Data         160  timer.o(.bss)
    .bss                                     0x200001e4   Section      768  usart2.o(.bss)
    .bss                                     0x200004e4   Section      768  usart3.o(.bss)
    .bss                                     0x200007e4   Section      282  mpu6500.o(.bss)
    .bss                                     0x200008fe   Section       24  ist8310.o(.bss)
    .bss                                     0x20000916   Section       22  protocol.o(.bss)
    .bss                                     0x2000092c   Section      200  datatransfer.o(.bss)
    RxBuffer                                 0x2000095e   Data          50  datatransfer.o(.bss)
    RxBuffer                                 0x20000990   Data          50  datatransfer.o(.bss)
    RxBuffer                                 0x200009c2   Data          50  datatransfer.o(.bss)
    .bss                                     0x200009f4   Section       22  selfcheck.o(.bss)
    .bss                                     0x20000a0a   Section      409  parameters.o(.bss)
    .bss                                     0x20000ba4   Section      144  imu.o(.bss)
    mag_tmp                                  0x20000c28   Data          12  imu.o(.bss)
    STACK                                    0x20000c38   Section     1024  startup_stm32f427_437xx.o(STACK)

    Global Symbols

    Symbol Name                              Value     Ov Type        Size  Object(Section)

    BuildAttributes$$THM_ISAv4$E$P$D$K$B$S$7EM$VFPi3$EXTD16$VFPS$VFMA$PE$A:L22UL41UL21$X:L11$S22US41US21$IEEE1$IW$USESV6$~STKCKD$USESV7$~SHL$OTIME$ROPI$IEEEX$EBA8$MICROLIB$REQ8$PRES8$EABIv2 0x00000000   Number         0  anon$$obj.o ABSOLUTE
    __ARM_use_no_argv                        0x00000000   Number         0  main.o ABSOLUTE
    _printf_a                                0x00000000   Number         0  stubs.o ABSOLUTE
    _printf_c                                0x00000000   Number         0  stubs.o ABSOLUTE
    _printf_charcount                        0x00000000   Number         0  stubs.o ABSOLUTE
    _printf_d                                0x00000000   Number         0  stubs.o ABSOLUTE
    _printf_e                                0x00000000   Number         0  stubs.o ABSOLUTE
    _printf_f                                0x00000000   Number         0  stubs.o ABSOLUTE
    _printf_flags                            0x00000000   Number         0  stubs.o ABSOLUTE
    _printf_fp_dec                           0x00000000   Number         0  stubs.o ABSOLUTE
    _printf_fp_hex                           0x00000000   Number         0  stubs.o ABSOLUTE
    _printf_g                                0x00000000   Number         0  stubs.o ABSOLUTE
    _printf_i                                0x00000000   Number         0  stubs.o ABSOLUTE
    _printf_int_dec                          0x00000000   Number         0  stubs.o ABSOLUTE
    _printf_l                                0x00000000   Number         0  stubs.o ABSOLUTE
    _printf_lc                               0x00000000   Number         0  stubs.o ABSOLUTE
    _printf_ll                               0x00000000   Number         0  stubs.o ABSOLUTE
    _printf_lld                              0x00000000   Number         0  stubs.o ABSOLUTE
    _printf_lli                              0x00000000   Number         0  stubs.o ABSOLUTE
    _printf_llo                              0x00000000   Number         0  stubs.o ABSOLUTE
    _printf_llu                              0x00000000   Number         0  stubs.o ABSOLUTE
    _printf_llx                              0x00000000   Number         0  stubs.o ABSOLUTE
    _printf_longlong_dec                     0x00000000   Number         0  stubs.o ABSOLUTE
    _printf_longlong_hex                     0x00000000   Number         0  stubs.o ABSOLUTE
    _printf_longlong_oct                     0x00000000   Number         0  stubs.o ABSOLUTE
    _printf_ls                               0x00000000   Number         0  stubs.o ABSOLUTE
    _printf_mbtowc                           0x00000000   Number         0  stubs.o ABSOLUTE
    _printf_n                                0x00000000   Number         0  stubs.o ABSOLUTE
    _printf_o                                0x00000000   Number         0  stubs.o ABSOLUTE
    _printf_p                                0x00000000   Number         0  stubs.o ABSOLUTE
    _printf_percent                          0x00000000   Number         0  stubs.o ABSOLUTE
    _printf_pre_padding                      0x00000000   Number         0  stubs.o ABSOLUTE
    _printf_return_value                     0x00000000   Number         0  stubs.o ABSOLUTE
    _printf_s                                0x00000000   Number         0  stubs.o ABSOLUTE
    _printf_sizespec                         0x00000000   Number         0  stubs.o ABSOLUTE
    _printf_str                              0x00000000   Number         0  stubs.o ABSOLUTE
    _printf_truncate_signed                  0x00000000   Number         0  stubs.o ABSOLUTE
    _printf_truncate_unsigned                0x00000000   Number         0  stubs.o ABSOLUTE
    _printf_u                                0x00000000   Number         0  stubs.o ABSOLUTE
    _printf_wc                               0x00000000   Number         0  stubs.o ABSOLUTE
    _printf_wctomb                           0x00000000   Number         0  stubs.o ABSOLUTE
    _printf_widthprec                        0x00000000   Number         0  stubs.o ABSOLUTE
    _printf_x                                0x00000000   Number         0  stubs.o ABSOLUTE
    __cpp_initialize__aeabi_                  - Undefined Weak Reference
    __cxa_finalize                            - Undefined Weak Reference
    __decompress                              - Undefined Weak Reference
    _clock_init                               - Undefined Weak Reference
    _microlib_exit                            - Undefined Weak Reference
    __Vectors_Size                           0x000001ac   Number         0  startup_stm32f427_437xx.o ABSOLUTE
    __Vectors                                0x08000000   Data           4  startup_stm32f427_437xx.o(RESET)
    __Vectors_End                            0x080001ac   Data           0  startup_stm32f427_437xx.o(RESET)
    __main                                   0x080001ad   Thumb Code     0  entry.o(.ARM.Collect$$$$00000000)
    _main_stk                                0x080001ad   Thumb Code     0  entry2.o(.ARM.Collect$$$$00000001)
    _main_scatterload                        0x080001b1   Thumb Code     0  entry5.o(.ARM.Collect$$$$00000004)
    __main_after_scatterload                 0x080001b5   Thumb Code     0  entry5.o(.ARM.Collect$$$$00000004)
    _main_clock                              0x080001b5   Thumb Code     0  entry7b.o(.ARM.Collect$$$$00000008)
    _main_cpp_init                           0x080001b5   Thumb Code     0  entry8b.o(.ARM.Collect$$$$0000000A)
    _main_init                               0x080001b5   Thumb Code     0  entry9a.o(.ARM.Collect$$$$0000000B)
    __rt_final_cpp                           0x080001bd   Thumb Code     0  entry10a.o(.ARM.Collect$$$$0000000D)
    __rt_final_exit                          0x080001bd   Thumb Code     0  entry11a.o(.ARM.Collect$$$$0000000F)
    Reset_Handler                            0x080001c1   Thumb Code     8  startup_stm32f427_437xx.o(.text)
    SysTick_Handler                          0x080001d9   Thumb Code     2  startup_stm32f427_437xx.o(.text)
    ADC_IRQHandler                           0x080001db   Thumb Code     0  startup_stm32f427_437xx.o(.text)
    CAN1_RX1_IRQHandler                      0x080001db   Thumb Code     0  startup_stm32f427_437xx.o(.text)
    CAN1_SCE_IRQHandler                      0x080001db   Thumb Code     0  startup_stm32f427_437xx.o(.text)
    CAN2_RX1_IRQHandler                      0x080001db   Thumb Code     0  startup_stm32f427_437xx.o(.text)
    CAN2_SCE_IRQHandler                      0x080001db   Thumb Code     0  startup_stm32f427_437xx.o(.text)
    CRYP_IRQHandler                          0x080001db   Thumb Code     0  startup_stm32f427_437xx.o(.text)
    DCMI_IRQHandler                          0x080001db   Thumb Code     0  startup_stm32f427_437xx.o(.text)
    DMA1_Stream0_IRQHandler                  0x080001db   Thumb Code     0  startup_stm32f427_437xx.o(.text)
    DMA1_Stream1_IRQHandler                  0x080001db   Thumb Code     0  startup_stm32f427_437xx.o(.text)
    DMA1_Stream2_IRQHandler                  0x080001db   Thumb Code     0  startup_stm32f427_437xx.o(.text)
    DMA1_Stream3_IRQHandler                  0x080001db   Thumb Code     0  startup_stm32f427_437xx.o(.text)
    DMA1_Stream4_IRQHandler                  0x080001db   Thumb Code     0  startup_stm32f427_437xx.o(.text)
    DMA1_Stream5_IRQHandler                  0x080001db   Thumb Code     0  startup_stm32f427_437xx.o(.text)
    DMA1_Stream6_IRQHandler                  0x080001db   Thumb Code     0  startup_stm32f427_437xx.o(.text)
    DMA1_Stream7_IRQHandler                  0x080001db   Thumb Code     0  startup_stm32f427_437xx.o(.text)
    DMA2D_IRQHandler                         0x080001db   Thumb Code     0  startup_stm32f427_437xx.o(.text)
    DMA2_Stream0_IRQHandler                  0x080001db   Thumb Code     0  startup_stm32f427_437xx.o(.text)
    DMA2_Stream1_IRQHandler                  0x080001db   Thumb Code     0  startup_stm32f427_437xx.o(.text)
    DMA2_Stream2_IRQHandler                  0x080001db   Thumb Code     0  startup_stm32f427_437xx.o(.text)
    DMA2_Stream3_IRQHandler                  0x080001db   Thumb Code     0  startup_stm32f427_437xx.o(.text)
    DMA2_Stream4_IRQHandler                  0x080001db   Thumb Code     0  startup_stm32f427_437xx.o(.text)
    DMA2_Stream5_IRQHandler                  0x080001db   Thumb Code     0  startup_stm32f427_437xx.o(.text)
    DMA2_Stream6_IRQHandler                  0x080001db   Thumb Code     0  startup_stm32f427_437xx.o(.text)
    DMA2_Stream7_IRQHandler                  0x080001db   Thumb Code     0  startup_stm32f427_437xx.o(.text)
    ETH_IRQHandler                           0x080001db   Thumb Code     0  startup_stm32f427_437xx.o(.text)
    ETH_WKUP_IRQHandler                      0x080001db   Thumb Code     0  startup_stm32f427_437xx.o(.text)
    EXTI0_IRQHandler                         0x080001db   Thumb Code     0  startup_stm32f427_437xx.o(.text)
    EXTI15_10_IRQHandler                     0x080001db   Thumb Code     0  startup_stm32f427_437xx.o(.text)
    EXTI1_IRQHandler                         0x080001db   Thumb Code     0  startup_stm32f427_437xx.o(.text)
    EXTI2_IRQHandler                         0x080001db   Thumb Code     0  startup_stm32f427_437xx.o(.text)
    EXTI3_IRQHandler                         0x080001db   Thumb Code     0  startup_stm32f427_437xx.o(.text)
    EXTI4_IRQHandler                         0x080001db   Thumb Code     0  startup_stm32f427_437xx.o(.text)
    EXTI9_5_IRQHandler                       0x080001db   Thumb Code     0  startup_stm32f427_437xx.o(.text)
    FLASH_IRQHandler                         0x080001db   Thumb Code     0  startup_stm32f427_437xx.o(.text)
    FMC_IRQHandler                           0x080001db   Thumb Code     0  startup_stm32f427_437xx.o(.text)
    FPU_IRQHandler                           0x080001db   Thumb Code     0  startup_stm32f427_437xx.o(.text)
    HASH_RNG_IRQHandler                      0x080001db   Thumb Code     0  startup_stm32f427_437xx.o(.text)
    I2C1_ER_IRQHandler                       0x080001db   Thumb Code     0  startup_stm32f427_437xx.o(.text)
    I2C1_EV_IRQHandler                       0x080001db   Thumb Code     0  startup_stm32f427_437xx.o(.text)
    I2C2_ER_IRQHandler                       0x080001db   Thumb Code     0  startup_stm32f427_437xx.o(.text)
    I2C2_EV_IRQHandler                       0x080001db   Thumb Code     0  startup_stm32f427_437xx.o(.text)
    I2C3_ER_IRQHandler                       0x080001db   Thumb Code     0  startup_stm32f427_437xx.o(.text)
    I2C3_EV_IRQHandler                       0x080001db   Thumb Code     0  startup_stm32f427_437xx.o(.text)
    OTG_FS_IRQHandler                        0x080001db   Thumb Code     0  startup_stm32f427_437xx.o(.text)
    OTG_FS_WKUP_IRQHandler                   0x080001db   Thumb Code     0  startup_stm32f427_437xx.o(.text)
    OTG_HS_EP1_IN_IRQHandler                 0x080001db   Thumb Code     0  startup_stm32f427_437xx.o(.text)
    OTG_HS_EP1_OUT_IRQHandler                0x080001db   Thumb Code     0  startup_stm32f427_437xx.o(.text)
    OTG_HS_IRQHandler                        0x080001db   Thumb Code     0  startup_stm32f427_437xx.o(.text)
    OTG_HS_WKUP_IRQHandler                   0x080001db   Thumb Code     0  startup_stm32f427_437xx.o(.text)
    PVD_IRQHandler                           0x080001db   Thumb Code     0  startup_stm32f427_437xx.o(.text)
    RCC_IRQHandler                           0x080001db   Thumb Code     0  startup_stm32f427_437xx.o(.text)
    RTC_Alarm_IRQHandler                     0x080001db   Thumb Code     0  startup_stm32f427_437xx.o(.text)
    RTC_WKUP_IRQHandler                      0x080001db   Thumb Code     0  startup_stm32f427_437xx.o(.text)
    SAI1_IRQHandler                          0x080001db   Thumb Code     0  startup_stm32f427_437xx.o(.text)
    SDIO_IRQHandler                          0x080001db   Thumb Code     0  startup_stm32f427_437xx.o(.text)
    SPI1_IRQHandler                          0x080001db   Thumb Code     0  startup_stm32f427_437xx.o(.text)
    SPI2_IRQHandler                          0x080001db   Thumb Code     0  startup_stm32f427_437xx.o(.text)
    SPI3_IRQHandler                          0x080001db   Thumb Code     0  startup_stm32f427_437xx.o(.text)
    SPI4_IRQHandler                          0x080001db   Thumb Code     0  startup_stm32f427_437xx.o(.text)
    SPI5_IRQHandler                          0x080001db   Thumb Code     0  startup_stm32f427_437xx.o(.text)
    SPI6_IRQHandler                          0x080001db   Thumb Code     0  startup_stm32f427_437xx.o(.text)
    TAMP_STAMP_IRQHandler                    0x080001db   Thumb Code     0  startup_stm32f427_437xx.o(.text)
    TIM1_BRK_TIM9_IRQHandler                 0x080001db   Thumb Code     0  startup_stm32f427_437xx.o(.text)
    TIM1_CC_IRQHandler                       0x080001db   Thumb Code     0  startup_stm32f427_437xx.o(.text)
    TIM1_TRG_COM_TIM11_IRQHandler            0x080001db   Thumb Code     0  startup_stm32f427_437xx.o(.text)
    TIM1_UP_TIM10_IRQHandler                 0x080001db   Thumb Code     0  startup_stm32f427_437xx.o(.text)
    TIM2_IRQHandler                          0x080001db   Thumb Code     0  startup_stm32f427_437xx.o(.text)
    TIM3_IRQHandler                          0x080001db   Thumb Code     0  startup_stm32f427_437xx.o(.text)
    TIM4_IRQHandler                          0x080001db   Thumb Code     0  startup_stm32f427_437xx.o(.text)
    TIM7_IRQHandler                          0x080001db   Thumb Code     0  startup_stm32f427_437xx.o(.text)
    TIM8_BRK_TIM12_IRQHandler                0x080001db   Thumb Code     0  startup_stm32f427_437xx.o(.text)
    TIM8_CC_IRQHandler                       0x080001db   Thumb Code     0  startup_stm32f427_437xx.o(.text)
    TIM8_TRG_COM_TIM14_IRQHandler            0x080001db   Thumb Code     0  startup_stm32f427_437xx.o(.text)
    TIM8_UP_TIM13_IRQHandler                 0x080001db   Thumb Code     0  startup_stm32f427_437xx.o(.text)
    UART4_IRQHandler                         0x080001db   Thumb Code     0  startup_stm32f427_437xx.o(.text)
    UART5_IRQHandler                         0x080001db   Thumb Code     0  startup_stm32f427_437xx.o(.text)
    UART7_IRQHandler                         0x080001db   Thumb Code     0  startup_stm32f427_437xx.o(.text)
    UART8_IRQHandler                         0x080001db   Thumb Code     0  startup_stm32f427_437xx.o(.text)
    WWDG_IRQHandler                          0x080001db   Thumb Code     0  startup_stm32f427_437xx.o(.text)
    __aeabi_memcpy                           0x080001e5   Thumb Code    36  memcpya.o(.text)
    __aeabi_memcpy4                          0x080001e5   Thumb Code     0  memcpya.o(.text)
    __aeabi_memcpy8                          0x080001e5   Thumb Code     0  memcpya.o(.text)
    __aeabi_memset                           0x08000209   Thumb Code    14  memseta.o(.text)
    __aeabi_memset4                          0x08000209   Thumb Code     0  memseta.o(.text)
    __aeabi_memset8                          0x08000209   Thumb Code     0  memseta.o(.text)
    __aeabi_memclr                           0x08000217   Thumb Code     4  memseta.o(.text)
    __aeabi_memclr4                          0x08000217   Thumb Code     0  memseta.o(.text)
    __aeabi_memclr8                          0x08000217   Thumb Code     0  memseta.o(.text)
    _memset$wrapper                          0x0800021b   Thumb Code    18  memseta.o(.text)
    __aeabi_dadd                             0x0800022d   Thumb Code   322  dadd.o(.text)
    __aeabi_dsub                             0x0800036f   Thumb Code     6  dadd.o(.text)
    __aeabi_drsub                            0x08000375   Thumb Code     6  dadd.o(.text)
    __aeabi_dmul                             0x0800037b   Thumb Code   228  dmul.o(.text)
    __aeabi_i2d                              0x0800045f   Thumb Code    34  dflti.o(.text)
    __aeabi_f2d                              0x08000481   Thumb Code    38  f2d.o(.text)
    __aeabi_d2f                              0x080004a7   Thumb Code    56  d2f.o(.text)
    __aeabi_uidiv                            0x080004df   Thumb Code     0  uidiv.o(.text)
    __aeabi_uidivmod                         0x080004df   Thumb Code    44  uidiv.o(.text)
    __aeabi_llsl                             0x0800050b   Thumb Code    30  llshl.o(.text)
    _ll_shift_l                              0x0800050b   Thumb Code     0  llshl.o(.text)
    __aeabi_lasr                             0x08000529   Thumb Code    36  llsshr.o(.text)
    _ll_sshift_r                             0x08000529   Thumb Code     0  llsshr.o(.text)
    __I$use$fp                               0x0800054d   Thumb Code     0  iusefp.o(.text)
    _float_round                             0x0800054d   Thumb Code    18  fepilogue.o(.text)
    _float_epilogue                          0x0800055f   Thumb Code    92  fepilogue.o(.text)
    _double_round                            0x080005bb   Thumb Code    30  depilogue.o(.text)
    _double_epilogue                         0x080005d9   Thumb Code   156  depilogue.o(.text)
    __aeabi_ddiv                             0x08000675   Thumb Code   222  ddiv.o(.text)
    _dsqrt                                   0x08000753   Thumb Code   162  dsqrt.o(.text)
    __scatterload                            0x080007f5   Thumb Code    28  init.o(.text)
    __scatterload_rt2                        0x080007f5   Thumb Code     0  init.o(.text)
    __aeabi_llsr                             0x08000819   Thumb Code    32  llushr.o(.text)
    _ll_ushift_r                             0x08000819   Thumb Code     0  llushr.o(.text)
    AHRSInit                                 0x08000839   Thumb Code   684  imu.o(i.AHRSInit)
    AHRSUpdate                               0x08000b1d   Thumb Code  2116  imu.o(i.AHRSUpdate)
    ANO_DT_Send_Check                        0x080013b1   Thumb Code    66  datatransfer.o(i.ANO_DT_Send_Check)
    ANO_DT_Send_Senser                       0x080013f9   Thumb Code   406  datatransfer.o(i.ANO_DT_Send_Senser)
    ANO_DT_Send_Status                       0x08001595   Thumb Code   336  datatransfer.o(i.ANO_DT_Send_Status)
    All_Init                                 0x080016ed   Thumb Code   122  driver.o(i.All_Init)
    AppInit                                  0x08001767   Thumb Code    16  appinit.o(i.AppInit)
    BSP_FLASH_GetFlashSector                 0x08001779   Thumb Code   116  bsp_flash.o(i.BSP_FLASH_GetFlashSector)
    BSP_FLASH_Read                           0x08001819   Thumb Code    34  bsp_flash.o(i.BSP_FLASH_Read)
    BSP_FLASH_Write                          0x08001841   Thumb Code   168  bsp_flash.o(i.BSP_FLASH_Write)
    BasicProtocolAnalysis                    0x080018ed   Thumb Code  1198  protocol.o(i.BasicProtocolAnalysis)
    BusFault_Handler                         0x08001da1   Thumb Code     4  stm32f4xx_it.o(i.BusFault_Handler)
    CAN1_RX0_IRQHandler                      0x08001da5   Thumb Code    44  can.o(i.CAN1_RX0_IRQHandler)
    CAN1_TX_IRQHandler                       0x08001dd9   Thumb Code    22  can.o(i.CAN1_TX_IRQHandler)
    CAN2_RX0_IRQHandler                      0x08001df5   Thumb Code    36  can.o(i.CAN2_RX0_IRQHandler)
    CAN2_TX_IRQHandler                       0x08001e1d   Thumb Code    22  can.o(i.CAN2_TX_IRQHandler)
    CAN_ClearFlag                            0x08001e39   Thumb Code    52  stm32f4xx_can.o(i.CAN_ClearFlag)
    CAN_ClearITPendingBit                    0x08001e71   Thumb Code   162  stm32f4xx_can.o(i.CAN_ClearITPendingBit)
    CAN_GetITStatus                          0x08001f19   Thumb Code   284  stm32f4xx_can.o(i.CAN_GetITStatus)
    CAN_Receive                              0x08002039   Thumb Code   240  stm32f4xx_can.o(i.CAN_Receive)
    ChassisControl                           0x08002129   Thumb Code     2  controltask.o(i.ChassisControl)
    CheckDog                                 0x0800212d   Thumb Code    82  selfcheck.o(i.CheckDog)
    DMA_ClearFlag                            0x080021a5   Thumb Code    38  stm32f4xx_dma.o(i.DMA_ClearFlag)
    DMA_Cmd                                  0x080021d9   Thumb Code    22  stm32f4xx_dma.o(i.DMA_Cmd)
    DMA_DeInit                               0x080021f1   Thumb Code   324  stm32f4xx_dma.o(i.DMA_DeInit)
    DMA_DoubleBufferModeCmd                  0x08002349   Thumb Code    22  stm32f4xx_dma.o(i.DMA_DoubleBufferModeCmd)
    DMA_DoubleBufferModeConfig               0x0800235f   Thumb Code    24  stm32f4xx_dma.o(i.DMA_DoubleBufferModeConfig)
    DMA_GetCmdStatus                         0x08002377   Thumb Code    20  stm32f4xx_dma.o(i.DMA_GetCmdStatus)
    DMA_GetCurrDataCounter                   0x0800238b   Thumb Code     8  stm32f4xx_dma.o(i.DMA_GetCurrDataCounter)
    DMA_GetCurrentMemoryTarget               0x08002393   Thumb Code    20  stm32f4xx_dma.o(i.DMA_GetCurrentMemoryTarget)
    DMA_Init                                 0x080023a9   Thumb Code    82  stm32f4xx_dma.o(i.DMA_Init)
    DMA_StructInit                           0x08002401   Thumb Code    34  stm32f4xx_dma.o(i.DMA_StructInit)
    DatatransferTask                         0x08002425   Thumb Code   298  datatransfer.o(i.DatatransferTask)
    DebugMon_Handler                         0x08002575   Thumb Code     2  stm32f4xx_it.o(i.DebugMon_Handler)
    Delay_ms                                 0x08002577   Thumb Code    24  timer.o(i.Delay_ms)
    Delay_us                                 0x08002591   Thumb Code    18  timer.o(i.Delay_us)
    DogInit                                  0x080025a9   Thumb Code    28  selfcheck.o(i.DogInit)
    Duty_loop                                0x0800277d   Thumb Code   160  dutytasks.o(i.Duty_loop)
    EncoderInit                              0x08002821   Thumb Code     2  encoder.o(i.EncoderInit)
    FLASH_DataCacheCmd                       0x08002825   Thumb Code    30  stm32f4xx_flash.o(i.FLASH_DataCacheCmd)
    FLASH_EraseSector                        0x08002849   Thumb Code   130  stm32f4xx_flash.o(i.FLASH_EraseSector)
    FLASH_GetStatus                          0x080028d1   Thumb Code    66  stm32f4xx_flash.o(i.FLASH_GetStatus)
    FLASH_Lock                               0x08002919   Thumb Code    14  stm32f4xx_flash.o(i.FLASH_Lock)
    FLASH_ProgramByte                        0x0800292d   Thumb Code    70  stm32f4xx_flash.o(i.FLASH_ProgramByte)
    FLASH_Unlock                             0x08002979   Thumb Code    24  stm32f4xx_flash.o(i.FLASH_Unlock)
    FLASH_WaitForLastOperation               0x0800299d   Thumb Code    34  stm32f4xx_flash.o(i.FLASH_WaitForLastOperation)
    FeedDog                                  0x080029c1   Thumb Code    24  selfcheck.o(i.FeedDog)
    FireControl                              0x080029e1   Thumb Code     2  controltask.o(i.FireControl)
    GPIO_Init                                0x080029e3   Thumb Code   144  stm32f4xx_gpio.o(i.GPIO_Init)
    GPIO_PinAFConfig                         0x08002a73   Thumb Code    70  stm32f4xx_gpio.o(i.GPIO_PinAFConfig)
    GPIO_ResetBits                           0x08002ab9   Thumb Code     4  stm32f4xx_gpio.o(i.GPIO_ResetBits)
    GPIO_SetBits                             0x08002abd   Thumb Code     4  stm32f4xx_gpio.o(i.GPIO_SetBits)
    GPIO_StructInit                          0x08002ac1   Thumb Code    18  stm32f4xx_gpio.o(i.GPIO_StructInit)
    GPIO_ToggleBits                          0x08002ad3   Thumb Code     8  stm32f4xx_gpio.o(i.GPIO_ToggleBits)
    GetInnerLoop                             0x08002add   Thumb Code    42  timer.o(i.GetInnerLoop)
    GimbalControl                            0x08002b11   Thumb Code     2  controltask.o(i.GimbalControl)
    HardFault_Handler                        0x08002b13   Thumb Code     4  stm32f4xx_it.o(i.HardFault_Handler)
    IMU_ACCERDataCali                        0x08002b19   Thumb Code    14  parameters.o(i.IMU_ACCERDataCali)
    IMU_GYRODataCali                         0x08002b2d   Thumb Code    14  parameters.o(i.IMU_GYRODataCali)
    IMU_MAGDataCali                          0x08002b41   Thumb Code    14  parameters.o(i.IMU_MAGDataCali)
    IST8310_CALI                             0x08002b55   Thumb Code   586  ist8310.o(i.IST8310_CALI)
    IST8310_Data_Prepare                     0x08002dc5   Thumb Code   100  ist8310.o(i.IST8310_Data_Prepare)
    IST8310_Init                             0x08002e35   Thumb Code   242  ist8310.o(i.IST8310_Init)
    IST8310_getRawEX                         0x08002f29   Thumb Code   130  ist8310.o(i.IST8310_getRawEX)
    InnerLoopInit                            0x08003033   Thumb Code    22  timer.o(i.InnerLoopInit)
    IsDeviceLost                             0x08003049   Thumb Code    28  selfcheck.o(i.IsDeviceLost)
    Led_Configuration                        0x08003069   Thumb Code   112  led.o(i.Led_Configuration)
    MPU6500_Data_Cali                        0x080030e1   Thumb Code   458  mpu6500.o(i.MPU6500_Data_Cali)
    MPU6500_Data_Prepare                     0x080032d9   Thumb Code   840  mpu6500.o(i.MPU6500_Data_Prepare)
    MPU6500_Init                             0x0800364d   Thumb Code   160  mpu6500.o(i.MPU6500_Init)
    MPU6500_ReadValueRaw                     0x080036ed   Thumb Code   156  mpu6500.o(i.MPU6500_ReadValueRaw)
    MPU6500_Read_Reg                         0x08003799   Thumb Code    40  spi.o(i.MPU6500_Read_Reg)
    MPU6500_Write_Reg                        0x080037c5   Thumb Code    40  spi.o(i.MPU6500_Write_Reg)
    MemManage_Handler                        0x0800387d   Thumb Code     4  stm32f4xx_it.o(i.MemManage_Handler)
    NMI_Handler                              0x08003881   Thumb Code     2  stm32f4xx_it.o(i.NMI_Handler)
    NVIC_Init                                0x08003885   Thumb Code   106  misc.o(i.NVIC_Init)
    NVIC_PriorityGroupConfig                 0x080038fd   Thumb Code    10  misc.o(i.NVIC_PriorityGroupConfig)
    PWM_Init                                 0x08003911   Thumb Code   198  pwm.o(i.PWM_Init)
    ParametersInit                           0x080039e1   Thumb Code    42  parameters.o(i.ParametersInit)
    ParametersSave                           0x08003a15   Thumb Code    74  parameters.o(i.ParametersSave)
    PendSV_Handler                           0x08003a71   Thumb Code     2  stm32f4xx_it.o(i.PendSV_Handler)
    RCC_AHB1PeriphClockCmd                   0x08003a75   Thumb Code    26  stm32f4xx_rcc.o(i.RCC_AHB1PeriphClockCmd)
    RCC_APB1PeriphClockCmd                   0x08003a95   Thumb Code    26  stm32f4xx_rcc.o(i.RCC_APB1PeriphClockCmd)
    RCC_APB1PeriphResetCmd                   0x08003ab5   Thumb Code    26  stm32f4xx_rcc.o(i.RCC_APB1PeriphResetCmd)
    RCC_APB2PeriphClockCmd                   0x08003ad5   Thumb Code    26  stm32f4xx_rcc.o(i.RCC_APB2PeriphClockCmd)
    RCC_APB2PeriphResetCmd                   0x08003af5   Thumb Code    26  stm32f4xx_rcc.o(i.RCC_APB2PeriphResetCmd)
    RCC_GetClocksFreq                        0x08003b15   Thumb Code   214  stm32f4xx_rcc.o(i.RCC_GetClocksFreq)
    RcProtocolAnalysis                       0x08003bfd   Thumb Code   162  protocol.o(i.RcProtocolAnalysis)
    Rc_Init                                  0x08003ca5   Thumb Code     8  rc.o(i.Rc_Init)
    SPI5_Init                                0x08003cad   Thumb Code   212  spi.o(i.SPI5_Init)
    SPI5_Read_Write_Byte                     0x08003d89   Thumb Code    78  spi.o(i.SPI5_Read_Write_Byte)
    SPI_Cmd                                  0x08003ddd   Thumb Code    24  stm32f4xx_spi.o(i.SPI_Cmd)
    SPI_I2S_GetFlagStatus                    0x08003df5   Thumb Code    18  stm32f4xx_spi.o(i.SPI_I2S_GetFlagStatus)
    SPI_I2S_ReceiveData                      0x08003e07   Thumb Code     6  stm32f4xx_spi.o(i.SPI_I2S_ReceiveData)
    SPI_I2S_SendData                         0x08003e0d   Thumb Code     4  stm32f4xx_spi.o(i.SPI_I2S_SendData)
    SPI_Init                                 0x08003e11   Thumb Code    60  stm32f4xx_spi.o(i.SPI_Init)
    SVC_Handler                              0x08003e4d   Thumb Code     2  stm32f4xx_it.o(i.SVC_Handler)
    SensorOffsetInit                         0x08003e51   Thumb Code    80  parameters.o(i.SensorOffsetInit)
    SystemInit                               0x08003fa1   Thumb Code    88  system_stm32f4xx.o(i.SystemInit)
    TIM5_Configuration                       0x08004009   Thumb Code    58  timer.o(i.TIM5_Configuration)
    TIM5_IRQHandler                          0x08004049   Thumb Code    30  timer.o(i.TIM5_IRQHandler)
    TIM6_Configuration                       0x0800406d   Thumb Code    72  timer.o(i.TIM6_Configuration)
    TIM6_DAC_IRQHandler                      0x080040b9   Thumb Code    34  timer.o(i.TIM6_DAC_IRQHandler)
    TIM6_Start                               0x080040e1   Thumb Code    30  timer.o(i.TIM6_Start)
    TIM_ARRPreloadConfig                     0x08004105   Thumb Code    24  stm32f4xx_tim.o(i.TIM_ARRPreloadConfig)
    TIM_ClearFlag                            0x0800411d   Thumb Code     6  stm32f4xx_tim.o(i.TIM_ClearFlag)
    TIM_ClearITPendingBit                    0x08004123   Thumb Code     6  stm32f4xx_tim.o(i.TIM_ClearITPendingBit)
    TIM_Cmd                                  0x08004129   Thumb Code    24  stm32f4xx_tim.o(i.TIM_Cmd)
    TIM_GetITStatus                          0x08004141   Thumb Code    34  stm32f4xx_tim.o(i.TIM_GetITStatus)
    TIM_ITConfig                             0x08004163   Thumb Code    18  stm32f4xx_tim.o(i.TIM_ITConfig)
    TIM_OC1Init                              0x08004175   Thumb Code   114  stm32f4xx_tim.o(i.TIM_OC1Init)
    TIM_OC1PreloadConfig                     0x080041f1   Thumb Code    18  stm32f4xx_tim.o(i.TIM_OC1PreloadConfig)
    TIM_OC2Init                              0x08004205   Thumb Code   154  stm32f4xx_tim.o(i.TIM_OC2Init)
    TIM_OC2PreloadConfig                     0x080042a9   Thumb Code    26  stm32f4xx_tim.o(i.TIM_OC2PreloadConfig)
    TIM_TimeBaseInit                         0x080042c5   Thumb Code   104  stm32f4xx_tim.o(i.TIM_TimeBaseInit)
    USART1_IRQHandler                        0x08004349   Thumb Code   182  rc.o(i.USART1_IRQHandler)
    USART2_IRQHandler                        0x08004411   Thumb Code    40  usart2.o(i.USART2_IRQHandler)
    USART3_IRQHandler                        0x0800443d   Thumb Code    58  usart3.o(i.USART3_IRQHandler)
    USART6_IRQHandler                        0x0800447d   Thumb Code    58  usart6.o(i.USART6_IRQHandler)
    USART_ClearITPendingBit                  0x080044bd   Thumb Code    30  stm32f4xx_usart.o(i.USART_ClearITPendingBit)
    USART_ClockInit                          0x080044db   Thumb Code    32  stm32f4xx_usart.o(i.USART_ClockInit)
    USART_Cmd                                0x080044fb   Thumb Code    24  stm32f4xx_usart.o(i.USART_Cmd)
    USART_DMACmd                             0x08004513   Thumb Code    18  stm32f4xx_usart.o(i.USART_DMACmd)
    USART_DeInit                             0x08004525   Thumb Code   156  stm32f4xx_usart.o(i.USART_DeInit)
    USART_GetITStatus                        0x080045d9   Thumb Code    84  stm32f4xx_usart.o(i.USART_GetITStatus)
    USART_ITConfig                           0x0800462d   Thumb Code    74  stm32f4xx_usart.o(i.USART_ITConfig)
    USART_Init                               0x08004679   Thumb Code   204  stm32f4xx_usart.o(i.USART_Init)
    USART_StructInit                         0x0800474d   Thumb Code    24  stm32f4xx_usart.o(i.USART_StructInit)
    UsageFault_Handler                       0x08004765   Thumb Code     4  stm32f4xx_it.o(i.UsageFault_Handler)
    Usart1_Init                              0x08004769   Thumb Code   324  rc.o(i.Usart1_Init)
    Usart2_DataPrepare                       0x080048c1   Thumb Code   214  datatransfer.o(i.Usart2_DataPrepare)
    Usart2_Init                              0x080049a9   Thumb Code   332  usart2.o(i.Usart2_Init)
    Usart2_Send                              0x08004b05   Thumb Code   176  usart2.o(i.Usart2_Send)
    Usart3_DataPrepare                       0x08004bd1   Thumb Code   214  datatransfer.o(i.Usart3_DataPrepare)
    Usart3_Init                              0x08004cb9   Thumb Code   336  usart3.o(i.Usart3_Init)
    Usart3_Send                              0x08004e19   Thumb Code   178  usart3.o(i.Usart3_Send)
    Usart6_DataPrepare                       0x08004ee5   Thumb Code   214  datatransfer.o(i.Usart6_DataPrepare)
    Usart6_Init                              0x08004fcd   Thumb Code     2  usart6.o(i.Usart6_Init)
    WorkStateFSM                             0x08004fd1   Thumb Code    26  modeduty.o(i.WorkStateFSM)
    __0sprintf$6                             0x08004ff1   Thumb Code    34  printf6.o(i.__0sprintf$6)
    __1sprintf$6                             0x08004ff1   Thumb Code     0  printf6.o(i.__0sprintf$6)
    __2sprintf                               0x08004ff1   Thumb Code     0  printf6.o(i.__0sprintf$6)
    __ARM_fpclassify                         0x08005019   Thumb Code    48  fpclassify.o(i.__ARM_fpclassify)
    __ARM_fpclassifyf                        0x08005049   Thumb Code    38  fpclassifyf.o(i.__ARM_fpclassifyf)
    __hardfp_asinf                           0x08005071   Thumb Code   258  asinf.o(i.__hardfp_asinf)
    __hardfp_atan                            0x080051a1   Thumb Code   622  atan.o(i.__hardfp_atan)
    __hardfp_atan2                           0x08005479   Thumb Code   432  atan2.o(i.__hardfp_atan2)
    __hardfp_atan2f                          0x08005669   Thumb Code   502  atan2f.o(i.__hardfp_atan2f)
    __hardfp_cosf                            0x080058b9   Thumb Code   280  cosf.o(i.__hardfp_cosf)
    __hardfp_sinf                            0x08005a09   Thumb Code   344  sinf.o(i.__hardfp_sinf)
    __hardfp_sqrt                            0x08005b99   Thumb Code   122  sqrt.o(i.__hardfp_sqrt)
    __kernel_poly                            0x08005c13   Thumb Code   248  poly.o(i.__kernel_poly)
    __mathlib_dbl_infnan                     0x08005d0b   Thumb Code    20  dunder.o(i.__mathlib_dbl_infnan)
    __mathlib_dbl_infnan2                    0x08005d1f   Thumb Code    20  dunder.o(i.__mathlib_dbl_infnan2)
    __mathlib_dbl_underflow                  0x08005d39   Thumb Code    24  dunder.o(i.__mathlib_dbl_underflow)
    __mathlib_flt_infnan                     0x08005d59   Thumb Code     6  funder.o(i.__mathlib_flt_infnan)
    __mathlib_flt_infnan2                    0x08005d5f   Thumb Code     6  funder.o(i.__mathlib_flt_infnan2)
    __mathlib_flt_invalid                    0x08005d65   Thumb Code    10  funder.o(i.__mathlib_flt_invalid)
    __mathlib_flt_underflow                  0x08005d75   Thumb Code    10  funder.o(i.__mathlib_flt_underflow)
    __mathlib_rredf2                         0x08005d85   Thumb Code   316  rredf.o(i.__mathlib_rredf2)
    __scatterload_copy                       0x08005ed9   Thumb Code    14  handlers.o(i.__scatterload_copy)
    __scatterload_null                       0x08005ee7   Thumb Code     2  handlers.o(i.__scatterload_null)
    __scatterload_zeroinit                   0x08005ee9   Thumb Code    14  handlers.o(i.__scatterload_zeroinit)
    __set_errno                              0x08005ef9   Thumb Code     6  errno.o(i.__set_errno)
    atan                                     0x08006251   Thumb Code    16  atan.o(i.atan)
    fabs                                     0x08006261   Thumb Code    24  fabs.o(i.fabs)
    invSqrt                                  0x08006279   Thumb Code   102  imu.o(i.invSqrt)
    main                                     0x080062e5   Thumb Code    36  main.o(i.main)
    sqrtf                                    0x0800630d   Thumb Code    62  sqrtf.o(i.sqrtf)
    SelfCheckInitValue                       0x0800634a   Data          22  selfcheck.o(.constdata)
    __mathlib_zero                           0x080063f8   Data           8  qnan.o(.constdata)
    Region$$Table$$Base                      0x08006420   Number         0  anon$$obj.o(Region$$Table)
    Region$$Table$$Limit                     0x08006440   Number         0  anon$$obj.o(Region$$Table)
    Tx2Counter                               0x20000004   Data           1  usart2.o(.data)
    count2                                   0x20000005   Data           1  usart2.o(.data)
    Tx3Counter                               0x2000000a   Data           1  usart3.o(.data)
    count3                                   0x2000000b   Data           1  usart3.o(.data)
    MPU6500_Acc_Raw                          0x20000010   Data           6  mpu6500.o(.data)
    MPU6500_Gyro_Raw                         0x20000016   Data           6  mpu6500.o(.data)
    acc_sum_cnt                              0x2000001c   Data           2  mpu6500.o(.data)
    gyro_sum_cnt                             0x2000001e   Data           2  mpu6500.o(.data)
    filter_cnt                               0x20000020   Data           1  mpu6500.o(.data)
    filter_cnt_old                           0x20000021   Data           1  mpu6500.o(.data)
    temp_ist_buff                            0x20000022   Data           6  ist8310.o(.data)
    SysMode                                  0x20000044   Data           1  modeduty.o(.data)
    checkdata_to_send                        0x20000045   Data           1  protocol.o(.data)
    checksum_to_send                         0x20000046   Data           1  protocol.o(.data)
    send_check                               0x20000047   Data           1  protocol.o(.data)
    send_pid1                                0x20000048   Data           1  protocol.o(.data)
    send_pid2                                0x20000049   Data           1  protocol.o(.data)
    send_pid3                                0x2000004a   Data           1  protocol.o(.data)
    SelfCheckErrorFlag                       0x20000058   Data           4  selfcheck.o(.data)
    CALIFLAG                                 0x2000005c   Data           1  parameters.o(.data)
    ParamSavedFlag                           0x2000005d   Data           1  parameters.o(.data)
    ParaSavingFlag                           0x2000005e   Data           1  parameters.o(.data)
    Roll                                     0x20000060   Data           4  imu.o(.data)
    Pitch                                    0x20000064   Data           4  imu.o(.data)
    Yaw                                      0x20000068   Data           4  imu.o(.data)
    ref_q                                    0x2000006c   Data          16  imu.o(.data)
    norm_acc                                 0x2000007c   Data           4  imu.o(.data)
    norm_q                                   0x20000080   Data           4  imu.o(.data)
    norm_acc_lpf                             0x20000084   Data           4  imu.o(.data)
    mag_norm                                 0x20000088   Data           4  imu.o(.data)
    mag_norm_xyz                             0x2000008c   Data           4  imu.o(.data)
    acc_ng_cali                              0x20000090   Data           1  imu.o(.data)
    q0q0                                     0x20000094   Data           4  imu.o(.data)
    q0q1                                     0x20000098   Data           4  imu.o(.data)
    q0q2                                     0x2000009c   Data           4  imu.o(.data)
    q0q3                                     0x200000a0   Data           4  imu.o(.data)
    q1q1                                     0x200000a4   Data           4  imu.o(.data)
    q1q2                                     0x200000a8   Data           4  imu.o(.data)
    q1q3                                     0x200000ac   Data           4  imu.o(.data)
    q2q2                                     0x200000b0   Data           4  imu.o(.data)
    q2q3                                     0x200000b4   Data           4  imu.o(.data)
    q3q3                                     0x200000b8   Data           4  imu.o(.data)
    q0                                       0x200000bc   Data           4  imu.o(.data)
    q1                                       0x200000c0   Data           4  imu.o(.data)
    q2                                       0x200000c4   Data           4  imu.o(.data)
    q3                                       0x200000c8   Data           4  imu.o(.data)
    dq0                                      0x200000cc   Data           4  imu.o(.data)
    dq1                                      0x200000d0   Data           4  imu.o(.data)
    dq2                                      0x200000d4   Data           4  imu.o(.data)
    dq3                                      0x200000d8   Data           4  imu.o(.data)
    _USART1_DMA_RX_BUF                       0x20000108   Data          60  rc.o(.bss)
    Rx_2_Buf                                 0x200001e4   Data         256  usart2.o(.bss)
    Tx2Buffer                                0x200002e4   Data         256  usart2.o(.bss)
    Tx2DMABuffer                             0x200003e4   Data         256  usart2.o(.bss)
    Rx_3_Buf                                 0x200004e4   Data         256  usart3.o(.bss)
    Tx3Buffer                                0x200005e4   Data         256  usart3.o(.bss)
    Tx3DMABuffer                             0x200006e4   Data         256  usart3.o(.bss)
    MPU6500_Acc                              0x200007e4   Data          12  mpu6500.o(.bss)
    MPU6500_Gyro                             0x200007f0   Data          12  mpu6500.o(.bss)
    mpu6500_buf                              0x200007fc   Data          20  mpu6500.o(.bss)
    sum_temp                                 0x20000810   Data          28  mpu6500.o(.bss)
    mpu6500_tmp                              0x2000082c   Data          28  mpu6500.o(.bss)
    mpu_fil_tmp                              0x20000848   Data          28  mpu6500.o(.bss)
    FILT_BUF                                 0x20000864   Data         154  mpu6500.o(.bss)
    IST_Raw                                  0x200008fe   Data          12  ist8310.o(.bss)
    MagValue                                 0x2000090a   Data          12  ist8310.o(.bss)
    RC_CtrlData                              0x20000916   Data          22  protocol.o(.bss)
    data_to_send                             0x2000092c   Data          50  datatransfer.o(.bss)
    SelfCheckValue                           0x200009f4   Data          22  selfcheck.o(.bss)
    IMUSensor_Offset                         0x20000a0a   Data          36  parameters.o(.bss)
    AllDataUnion                             0x20000a2e   Data         205  parameters.o(.bss)
    PID_arg                                  0x20000afb   Data         168  parameters.o(.bss)
    reference_v                              0x20000ba4   Data          12  imu.o(.bss)
    ref                                      0x20000bb0   Data          60  imu.o(.bss)
    mag_sim_3d                               0x20000bec   Data          12  imu.o(.bss)
    acc_3d_hg                                0x20000bf8   Data          12  imu.o(.bss)
    acc_ng                                   0x20000c04   Data          12  imu.o(.bss)
    acc_ng_offset                            0x20000c10   Data          12  imu.o(.bss)
    gyro_bias                                0x20000c1c   Data          12  imu.o(.bss)
    __initial_sp                             0x20001038   Data           0  startup_stm32f427_437xx.o(STACK)



==============================================================================

Memory Map of the image

  Image Entry point : 0x080001ad

  Load Region LR_IROM1 (Base: 0x08000000, Size: 0x00006548, Max: 0x00200000, ABSOLUTE)

    Execution Region ER_IROM1 (Base: 0x08000000, Size: 0x00006440, Max: 0x00200000, ABSOLUTE)

    Base Addr    Size         Type   Attr      Idx    E Section Name        Object

    0x08000000   0x000001ac   Data   RO          262    RESET               startup_stm32f427_437xx.o
    0x080001ac   0x00000000   Code   RO         5655  * .ARM.Collect$$$$00000000  mc_w.l(entry.o)
    0x080001ac   0x00000004   Code   RO         6011    .ARM.Collect$$$$00000001  mc_w.l(entry2.o)
    0x080001b0   0x00000004   Code   RO         6014    .ARM.Collect$$$$00000004  mc_w.l(entry5.o)
    0x080001b4   0x00000000   Code   RO         6016    .ARM.Collect$$$$00000008  mc_w.l(entry7b.o)
    0x080001b4   0x00000000   Code   RO         6018    .ARM.Collect$$$$0000000A  mc_w.l(entry8b.o)
    0x080001b4   0x00000008   Code   RO         6019    .ARM.Collect$$$$0000000B  mc_w.l(entry9a.o)
    0x080001bc   0x00000000   Code   RO         6021    .ARM.Collect$$$$0000000D  mc_w.l(entry10a.o)
    0x080001bc   0x00000000   Code   RO         6023    .ARM.Collect$$$$0000000F  mc_w.l(entry11a.o)
    0x080001bc   0x00000004   Code   RO         6012    .ARM.Collect$$$$00002712  mc_w.l(entry2.o)
    0x080001c0   0x00000024   Code   RO          263    .text               startup_stm32f427_437xx.o
    0x080001e4   0x00000024   Code   RO         5658    .text               mc_w.l(memcpya.o)
    0x08000208   0x00000024   Code   RO         5660    .text               mc_w.l(memseta.o)
    0x0800022c   0x0000014e   Code   RO         5925    .text               mf_w.l(dadd.o)
    0x0800037a   0x000000e4   Code   RO         5927    .text               mf_w.l(dmul.o)
    0x0800045e   0x00000022   Code   RO         5931    .text               mf_w.l(dflti.o)
    0x08000480   0x00000026   Code   RO         5933    .text               mf_w.l(f2d.o)
    0x080004a6   0x00000038   Code   RO         5939    .text               mf_w.l(d2f.o)
    0x080004de   0x0000002c   Code   RO         6028    .text               mc_w.l(uidiv.o)
    0x0800050a   0x0000001e   Code   RO         6032    .text               mc_w.l(llshl.o)
    0x08000528   0x00000024   Code   RO         6034    .text               mc_w.l(llsshr.o)
    0x0800054c   0x00000000   Code   RO         6043    .text               mc_w.l(iusefp.o)
    0x0800054c   0x0000006e   Code   RO         6044    .text               mf_w.l(fepilogue.o)
    0x080005ba   0x000000ba   Code   RO         6046    .text               mf_w.l(depilogue.o)
    0x08000674   0x000000de   Code   RO         6048    .text               mf_w.l(ddiv.o)
    0x08000752   0x000000a2   Code   RO         6050    .text               mf_w.l(dsqrt.o)
    0x080007f4   0x00000024   Code   RO         6054    .text               mc_w.l(init.o)
    0x08000818   0x00000020   Code   RO         6057    .text               mc_w.l(llushr.o)
    0x08000838   0x000002e4   Code   RO         1213    i.AHRSInit          imu.o
    0x08000b1c   0x00000894   Code   RO         1214    i.AHRSUpdate        imu.o
    0x080013b0   0x00000048   Code   RO          912    i.ANO_DT_Send_Check  datatransfer.o
    0x080013f8   0x0000019c   Code   RO          913    i.ANO_DT_Send_Senser  datatransfer.o
    0x08001594   0x00000158   Code   RO          914    i.ANO_DT_Send_Status  datatransfer.o
    0x080016ec   0x0000007a   Code   RO          368    i.All_Init          driver.o
    0x08001766   0x00000010   Code   RO         1124    i.AppInit           appinit.o
    0x08001776   0x00000002   PAD
    0x08001778   0x000000a0   Code   RO          269    i.BSP_FLASH_GetFlashSector  bsp_flash.o
    0x08001818   0x00000022   Code   RO          270    i.BSP_FLASH_Read    bsp_flash.o
    0x0800183a   0x00000006   Code   RO          271    i.BSP_FLASH_ReadByte  bsp_flash.o
    0x08001840   0x000000ac   Code   RO          272    i.BSP_FLASH_Write   bsp_flash.o
    0x080018ec   0x000004b4   Code   RO          861    i.BasicProtocolAnalysis  protocol.o
    0x08001da0   0x00000004   Code   RO          197    i.BusFault_Handler  stm32f4xx_it.o
    0x08001da4   0x00000034   Code   RO          309    i.CAN1_RX0_IRQHandler  can.o
    0x08001dd8   0x0000001c   Code   RO          310    i.CAN1_TX_IRQHandler  can.o
    0x08001df4   0x00000028   Code   RO          311    i.CAN2_RX0_IRQHandler  can.o
    0x08001e1c   0x0000001c   Code   RO          312    i.CAN2_TX_IRQHandler  can.o
    0x08001e38   0x00000038   Code   RO         1585    i.CAN_ClearFlag     stm32f4xx_can.o
    0x08001e70   0x000000a8   Code   RO         1586    i.CAN_ClearITPendingBit  stm32f4xx_can.o
    0x08001f18   0x00000120   Code   RO         1592    i.CAN_GetITStatus   stm32f4xx_can.o
    0x08002038   0x000000f0   Code   RO         1600    i.CAN_Receive       stm32f4xx_can.o
    0x08002128   0x00000002   Code   RO         1066    i.ChassisControl    controltask.o
    0x0800212a   0x00000002   PAD
    0x0800212c   0x00000064   Code   RO         1023    i.CheckDog          selfcheck.o
    0x08002190   0x00000012   Code   RO         1608    i.CheckITStatus     stm32f4xx_can.o
    0x080021a2   0x00000002   PAD
    0x080021a4   0x00000034   Code   RO         2279    i.DMA_ClearFlag     stm32f4xx_dma.o
    0x080021d8   0x00000016   Code   RO         2281    i.DMA_Cmd           stm32f4xx_dma.o
    0x080021ee   0x00000002   PAD
    0x080021f0   0x00000158   Code   RO         2282    i.DMA_DeInit        stm32f4xx_dma.o
    0x08002348   0x00000016   Code   RO         2283    i.DMA_DoubleBufferModeCmd  stm32f4xx_dma.o
    0x0800235e   0x00000018   Code   RO         2284    i.DMA_DoubleBufferModeConfig  stm32f4xx_dma.o
    0x08002376   0x00000014   Code   RO         2286    i.DMA_GetCmdStatus  stm32f4xx_dma.o
    0x0800238a   0x00000008   Code   RO         2287    i.DMA_GetCurrDataCounter  stm32f4xx_dma.o
    0x08002392   0x00000014   Code   RO         2288    i.DMA_GetCurrentMemoryTarget  stm32f4xx_dma.o
    0x080023a6   0x00000002   PAD
    0x080023a8   0x00000058   Code   RO         2293    i.DMA_Init          stm32f4xx_dma.o
    0x08002400   0x00000022   Code   RO         2297    i.DMA_StructInit    stm32f4xx_dma.o
    0x08002422   0x00000002   PAD
    0x08002424   0x00000150   Code   RO          915    i.DatatransferTask  datatransfer.o
    0x08002574   0x00000002   Code   RO          198    i.DebugMon_Handler  stm32f4xx_it.o
    0x08002576   0x00000018   Code   RO          487    i.Delay_ms          timer.o
    0x0800258e   0x00000002   PAD
    0x08002590   0x00000018   Code   RO          488    i.Delay_us          timer.o
    0x080025a8   0x00000024   Code   RO         1024    i.DogInit           selfcheck.o
    0x080025cc   0x00000034   Code   RO          972    i.Duty_10ms         dutytasks.o
    0x08002600   0x000000bc   Code   RO          973    i.Duty_1ms          dutytasks.o
    0x080026bc   0x0000000e   Code   RO          974    i.Duty_20ms         dutytasks.o
    0x080026ca   0x0000000e   Code   RO          975    i.Duty_2ms          dutytasks.o
    0x080026d8   0x00000050   Code   RO          976    i.Duty_50ms         dutytasks.o
    0x08002728   0x00000054   Code   RO          977    i.Duty_5ms          dutytasks.o
    0x0800277c   0x000000a4   Code   RO          978    i.Duty_loop         dutytasks.o
    0x08002820   0x00000002   Code   RO          662    i.EncoderInit       encoder.o
    0x08002822   0x00000002   PAD
    0x08002824   0x00000024   Code   RO         2476    i.FLASH_DataCacheCmd  stm32f4xx_flash.o
    0x08002848   0x00000088   Code   RO         2479    i.FLASH_EraseSector  stm32f4xx_flash.o
    0x080028d0   0x00000048   Code   RO         2481    i.FLASH_GetStatus   stm32f4xx_flash.o
    0x08002918   0x00000014   Code   RO         2485    i.FLASH_Lock        stm32f4xx_flash.o
    0x0800292c   0x0000004c   Code   RO         2498    i.FLASH_ProgramByte  stm32f4xx_flash.o
    0x08002978   0x00000024   Code   RO         2503    i.FLASH_Unlock      stm32f4xx_flash.o
    0x0800299c   0x00000022   Code   RO         2504    i.FLASH_WaitForLastOperation  stm32f4xx_flash.o
    0x080029be   0x00000002   PAD
    0x080029c0   0x00000020   Code   RO         1025    i.FeedDog           selfcheck.o
    0x080029e0   0x00000002   Code   RO         1067    i.FireControl       controltask.o
    0x080029e2   0x00000090   Code   RO         2804    i.GPIO_Init         stm32f4xx_gpio.o
    0x08002a72   0x00000046   Code   RO         2805    i.GPIO_PinAFConfig  stm32f4xx_gpio.o
    0x08002ab8   0x00000004   Code   RO         2811    i.GPIO_ResetBits    stm32f4xx_gpio.o
    0x08002abc   0x00000004   Code   RO         2812    i.GPIO_SetBits      stm32f4xx_gpio.o
    0x08002ac0   0x00000012   Code   RO         2813    i.GPIO_StructInit   stm32f4xx_gpio.o
    0x08002ad2   0x00000008   Code   RO         2814    i.GPIO_ToggleBits   stm32f4xx_gpio.o
    0x08002ada   0x00000002   PAD
    0x08002adc   0x00000034   Code   RO          489    i.GetInnerLoop      timer.o
    0x08002b10   0x00000002   Code   RO         1068    i.GimbalControl     controltask.o
    0x08002b12   0x00000004   Code   RO          199    i.HardFault_Handler  stm32f4xx_it.o
    0x08002b16   0x00000002   PAD
    0x08002b18   0x00000014   Code   RO         1145    i.IMU_ACCERDataCali  parameters.o
    0x08002b2c   0x00000014   Code   RO         1146    i.IMU_GYRODataCali  parameters.o
    0x08002b40   0x00000014   Code   RO         1147    i.IMU_MAGDataCali   parameters.o
    0x08002b54   0x00000270   Code   RO          775    i.IST8310_CALI      ist8310.o
    0x08002dc4   0x00000070   Code   RO          776    i.IST8310_Data_Prepare  ist8310.o
    0x08002e34   0x000000f2   Code   RO          777    i.IST8310_Init      ist8310.o
    0x08002f26   0x00000002   PAD
    0x08002f28   0x00000090   Code   RO          778    i.IST8310_getRawEX  ist8310.o
    0x08002fb8   0x0000003a   Code   RO          779    i.IST_Reg_Read_By_MPU  ist8310.o
    0x08002ff2   0x00000040   Code   RO          780    i.IST_Reg_Write_By_MPU  ist8310.o
    0x08003032   0x00000016   Code   RO          490    i.InnerLoopInit     timer.o
    0x08003048   0x00000020   Code   RO         1026    i.IsDeviceLost      selfcheck.o
    0x08003068   0x00000078   Code   RO          408    i.Led_Configuration  led.o
    0x080030e0   0x000001f8   Code   RO          730    i.MPU6500_Data_Cali  mpu6500.o
    0x080032d8   0x00000374   Code   RO          731    i.MPU6500_Data_Prepare  mpu6500.o
    0x0800364c   0x000000a0   Code   RO          732    i.MPU6500_Init      mpu6500.o
    0x080036ec   0x000000ac   Code   RO          733    i.MPU6500_ReadValueRaw  mpu6500.o
    0x08003798   0x0000002c   Code   RO          692    i.MPU6500_Read_Reg  spi.o
    0x080037c4   0x0000002c   Code   RO          693    i.MPU6500_Write_Reg  spi.o
    0x080037f0   0x0000008c   Code   RO          781    i.MPU_Auto_Read_IST_config  ist8310.o
    0x0800387c   0x00000004   Code   RO          200    i.MemManage_Handler  stm32f4xx_it.o
    0x08003880   0x00000002   Code   RO          201    i.NMI_Handler       stm32f4xx_it.o
    0x08003882   0x00000002   PAD
    0x08003884   0x00000078   Code   RO         1269    i.NVIC_Init         misc.o
    0x080038fc   0x00000014   Code   RO         1270    i.NVIC_PriorityGroupConfig  misc.o
    0x08003910   0x000000d0   Code   RO          428    i.PWM_Init          pwm.o
    0x080039e0   0x00000034   Code   RO         1148    i.ParametersInit    parameters.o
    0x08003a14   0x0000005c   Code   RO         1149    i.ParametersSave    parameters.o
    0x08003a70   0x00000002   Code   RO          202    i.PendSV_Handler    stm32f4xx_it.o
    0x08003a72   0x00000002   PAD
    0x08003a74   0x00000020   Code   RO         3432    i.RCC_AHB1PeriphClockCmd  stm32f4xx_rcc.o
    0x08003a94   0x00000020   Code   RO         3441    i.RCC_APB1PeriphClockCmd  stm32f4xx_rcc.o
    0x08003ab4   0x00000020   Code   RO         3443    i.RCC_APB1PeriphResetCmd  stm32f4xx_rcc.o
    0x08003ad4   0x00000020   Code   RO         3444    i.RCC_APB2PeriphClockCmd  stm32f4xx_rcc.o
    0x08003af4   0x00000020   Code   RO         3446    i.RCC_APB2PeriphResetCmd  stm32f4xx_rcc.o
    0x08003b14   0x000000e8   Code   RO         3453    i.RCC_GetClocksFreq  stm32f4xx_rcc.o
    0x08003bfc   0x000000a8   Code   RO          864    i.RcProtocolAnalysis  protocol.o
    0x08003ca4   0x00000008   Code   RO          451    i.Rc_Init           rc.o
    0x08003cac   0x000000dc   Code   RO          694    i.SPI5_Init         spi.o
    0x08003d88   0x00000054   Code   RO          695    i.SPI5_Read_Write_Byte  spi.o
    0x08003ddc   0x00000018   Code   RO         4340    i.SPI_Cmd           stm32f4xx_spi.o
    0x08003df4   0x00000012   Code   RO         4348    i.SPI_I2S_GetFlagStatus  stm32f4xx_spi.o
    0x08003e06   0x00000006   Code   RO         4351    i.SPI_I2S_ReceiveData  stm32f4xx_spi.o
    0x08003e0c   0x00000004   Code   RO         4352    i.SPI_I2S_SendData  stm32f4xx_spi.o
    0x08003e10   0x0000003c   Code   RO         4353    i.SPI_Init          stm32f4xx_spi.o
    0x08003e4c   0x00000002   Code   RO          203    i.SVC_Handler       stm32f4xx_it.o
    0x08003e4e   0x00000002   PAD
    0x08003e50   0x00000064   Code   RO         1150    i.SensorOffsetInit  parameters.o
    0x08003eb4   0x000000ec   Code   RO         5375    i.SetSysClock       system_stm32f4xx.o
    0x08003fa0   0x00000068   Code   RO         5377    i.SystemInit        system_stm32f4xx.o
    0x08004008   0x00000040   Code   RO          491    i.TIM5_Configuration  timer.o
    0x08004048   0x00000024   Code   RO          492    i.TIM5_IRQHandler   timer.o
    0x0800406c   0x0000004c   Code   RO          493    i.TIM6_Configuration  timer.o
    0x080040b8   0x00000028   Code   RO          494    i.TIM6_DAC_IRQHandler  timer.o
    0x080040e0   0x00000024   Code   RO          495    i.TIM6_Start        timer.o
    0x08004104   0x00000018   Code   RO         4558    i.TIM_ARRPreloadConfig  stm32f4xx_tim.o
    0x0800411c   0x00000006   Code   RO         4564    i.TIM_ClearFlag     stm32f4xx_tim.o
    0x08004122   0x00000006   Code   RO         4565    i.TIM_ClearITPendingBit  stm32f4xx_tim.o
    0x08004128   0x00000018   Code   RO         4570    i.TIM_Cmd           stm32f4xx_tim.o
    0x08004140   0x00000022   Code   RO         4591    i.TIM_GetITStatus   stm32f4xx_tim.o
    0x08004162   0x00000012   Code   RO         4595    i.TIM_ITConfig      stm32f4xx_tim.o
    0x08004174   0x0000007c   Code   RO         4599    i.TIM_OC1Init       stm32f4xx_tim.o
    0x080041f0   0x00000012   Code   RO         4602    i.TIM_OC1PreloadConfig  stm32f4xx_tim.o
    0x08004202   0x00000002   PAD
    0x08004204   0x000000a4   Code   RO         4604    i.TIM_OC2Init       stm32f4xx_tim.o
    0x080042a8   0x0000001a   Code   RO         4607    i.TIM_OC2PreloadConfig  stm32f4xx_tim.o
    0x080042c2   0x00000002   PAD
    0x080042c4   0x00000084   Code   RO         4642    i.TIM_TimeBaseInit  stm32f4xx_tim.o
    0x08004348   0x000000c8   Code   RO          452    i.USART1_IRQHandler  rc.o
    0x08004410   0x0000002c   Code   RO          556    i.USART2_IRQHandler  usart2.o
    0x0800443c   0x00000040   Code   RO          592    i.USART3_IRQHandler  usart3.o
    0x0800447c   0x00000040   Code   RO          628    i.USART6_IRQHandler  usart6.o
    0x080044bc   0x0000001e   Code   RO         5120    i.USART_ClearITPendingBit  stm32f4xx_usart.o
    0x080044da   0x00000020   Code   RO         5121    i.USART_ClockInit   stm32f4xx_usart.o
    0x080044fa   0x00000018   Code   RO         5123    i.USART_Cmd         stm32f4xx_usart.o
    0x08004512   0x00000012   Code   RO         5124    i.USART_DMACmd      stm32f4xx_usart.o
    0x08004524   0x000000b4   Code   RO         5125    i.USART_DeInit      stm32f4xx_usart.o
    0x080045d8   0x00000054   Code   RO         5127    i.USART_GetITStatus  stm32f4xx_usart.o
    0x0800462c   0x0000004a   Code   RO         5129    i.USART_ITConfig    stm32f4xx_usart.o
    0x08004676   0x00000002   PAD
    0x08004678   0x000000d4   Code   RO         5130    i.USART_Init        stm32f4xx_usart.o
    0x0800474c   0x00000018   Code   RO         5146    i.USART_StructInit  stm32f4xx_usart.o
    0x08004764   0x00000004   Code   RO          204    i.UsageFault_Handler  stm32f4xx_it.o
    0x08004768   0x00000158   Code   RO          453    i.Usart1_Init       rc.o
    0x080048c0   0x000000e8   Code   RO          916    i.Usart2_DataPrepare  datatransfer.o
    0x080049a8   0x0000015c   Code   RO          557    i.Usart2_Init       usart2.o
    0x08004b04   0x000000cc   Code   RO          558    i.Usart2_Send       usart2.o
    0x08004bd0   0x000000e8   Code   RO          917    i.Usart3_DataPrepare  datatransfer.o
    0x08004cb8   0x00000160   Code   RO          593    i.Usart3_Init       usart3.o
    0x08004e18   0x000000cc   Code   RO          594    i.Usart3_Send       usart3.o
    0x08004ee4   0x000000e8   Code   RO          918    i.Usart6_DataPrepare  datatransfer.o
    0x08004fcc   0x00000002   Code   RO          629    i.Usart6_Init       usart6.o
    0x08004fce   0x00000002   PAD
    0x08004fd0   0x00000020   Code   RO          835    i.WorkStateFSM      modeduty.o
    0x08004ff0   0x00000028   Code   RO         5821    i.__0sprintf$6      mc_w.l(printf6.o)
    0x08005018   0x00000030   Code   RO         5975    i.__ARM_fpclassify  m_wm.l(fpclassify.o)
    0x08005048   0x00000026   Code   RO         5977    i.__ARM_fpclassifyf  m_wm.l(fpclassifyf.o)
    0x0800506e   0x00000002   PAD
    0x08005070   0x0000012c   Code   RO         5583    i.__hardfp_asinf    m_wm.l(asinf.o)
    0x0800519c   0x00000004   PAD
    0x080051a0   0x000002d8   Code   RO         5941    i.__hardfp_atan     m_wm.l(atan.o)
    0x08005478   0x000001f0   Code   RO         5595    i.__hardfp_atan2    m_wm.l(atan2.o)
    0x08005668   0x00000250   Code   RO         5607    i.__hardfp_atan2f   m_wm.l(atan2f.o)
    0x080058b8   0x00000150   Code   RO         5619    i.__hardfp_cosf     m_wm.l(cosf.o)
    0x08005a08   0x00000190   Code   RO         5631    i.__hardfp_sinf     m_wm.l(sinf.o)
    0x08005b98   0x0000007a   Code   RO         5643    i.__hardfp_sqrt     m_wm.l(sqrt.o)
    0x08005c12   0x000000f8   Code   RO         5993    i.__kernel_poly     m_wm.l(poly.o)
    0x08005d0a   0x00000014   Code   RO         5956    i.__mathlib_dbl_infnan  m_wm.l(dunder.o)
    0x08005d1e   0x00000014   Code   RO         5957    i.__mathlib_dbl_infnan2  m_wm.l(dunder.o)
    0x08005d32   0x00000006   PAD
    0x08005d38   0x00000020   Code   RO         5961    i.__mathlib_dbl_underflow  m_wm.l(dunder.o)
    0x08005d58   0x00000006   Code   RO         5980    i.__mathlib_flt_infnan  m_wm.l(funder.o)
    0x08005d5e   0x00000006   Code   RO         5981    i.__mathlib_flt_infnan2  m_wm.l(funder.o)
    0x08005d64   0x00000010   Code   RO         5982    i.__mathlib_flt_invalid  m_wm.l(funder.o)
    0x08005d74   0x00000010   Code   RO         5985    i.__mathlib_flt_underflow  m_wm.l(funder.o)
    0x08005d84   0x00000154   Code   RO         5996    i.__mathlib_rredf2  m_wm.l(rredf.o)
    0x08005ed8   0x0000000e   Code   RO         6062    i.__scatterload_copy  mc_w.l(handlers.o)
    0x08005ee6   0x00000002   Code   RO         6063    i.__scatterload_null  mc_w.l(handlers.o)
    0x08005ee8   0x0000000e   Code   RO         6064    i.__scatterload_zeroinit  mc_w.l(handlers.o)
    0x08005ef6   0x00000002   PAD
    0x08005ef8   0x0000000c   Code   RO         6038    i.__set_errno       mc_w.l(errno.o)
    0x08005f04   0x000002f0   Code   RO         5826    i._printf_core      mc_w.l(printf6.o)
    0x080061f4   0x00000024   Code   RO         5827    i._printf_post_padding  mc_w.l(printf6.o)
    0x08006218   0x0000002e   Code   RO         5828    i._printf_pre_padding  mc_w.l(printf6.o)
    0x08006246   0x0000000a   Code   RO         5830    i._sputc            mc_w.l(printf6.o)
    0x08006250   0x00000010   Code   RO         5943    i.atan              m_wm.l(atan.o)
    0x08006260   0x00000018   Code   RO         5971    i.fabs              m_wm.l(fabs.o)
    0x08006278   0x0000006c   Code   RO         1216    i.invSqrt           imu.o
    0x080062e4   0x00000028   Code   RO            3    i.main              main.o
    0x0800630c   0x0000003e   Code   RO         6001    i.sqrtf             m_wm.l(sqrtf.o)
    0x0800634a   0x00000016   Data   RO         1028    .constdata          selfcheck.o
    0x08006360   0x00000098   Data   RO         5944    .constdata          m_wm.l(atan.o)
    0x080063f8   0x00000008   Data   RO         5995    .constdata          m_wm.l(qnan.o)
    0x08006400   0x00000020   Data   RO         5997    .constdata          m_wm.l(rredf.o)
    0x08006420   0x00000020   Data   RO         6060    Region$$Table       anon$$obj.o


    Execution Region RW_IRAM1 (Base: 0x20000000, Size: 0x00001038, Max: 0x00030000, ABSOLUTE)

    Base Addr    Size         Type   Attr      Idx    E Section Name        Object

    0x20000000   0x00000004   Data   RW          455    .data               rc.o
    0x20000004   0x00000005   Data   RW          560    .data               usart2.o
    0x20000009   0x00000001   PAD
    0x2000000a   0x00000005   Data   RW          596    .data               usart3.o
    0x2000000f   0x00000001   PAD
    0x20000010   0x00000012   Data   RW          735    .data               mpu6500.o
    0x20000022   0x00000022   Data   RW          783    .data               ist8310.o
    0x20000044   0x00000001   Data   RW          836    .data               modeduty.o
    0x20000045   0x00000006   Data   RW          867    .data               protocol.o
    0x2000004b   0x00000009   Data   RW          920    .data               datatransfer.o
    0x20000054   0x00000004   Data   RW          979    .data               dutytasks.o
    0x20000058   0x00000004   Data   RW         1029    .data               selfcheck.o
    0x2000005c   0x00000003   Data   RW         1153    .data               parameters.o
    0x2000005f   0x00000001   PAD
    0x20000060   0x00000091   Data   RW         1219    .data               imu.o
    0x200000f1   0x00000010   Data   RW         3476    .data               stm32f4xx_rcc.o
    0x20000101   0x00000003   PAD
    0x20000104   0x00000004   Data   RW         6039    .data               mc_w.l(errno.o)
    0x20000108   0x0000003c   Zero   RW          454    .bss                rc.o
    0x20000144   0x000000a0   Zero   RW          496    .bss                timer.o
    0x200001e4   0x00000300   Zero   RW          559    .bss                usart2.o
    0x200004e4   0x00000300   Zero   RW          595    .bss                usart3.o
    0x200007e4   0x0000011a   Zero   RW          734    .bss                mpu6500.o
    0x200008fe   0x00000018   Zero   RW          782    .bss                ist8310.o
    0x20000916   0x00000016   Zero   RW          866    .bss                protocol.o
    0x2000092c   0x000000c8   Zero   RW          919    .bss                datatransfer.o
    0x200009f4   0x00000016   Zero   RW         1027    .bss                selfcheck.o
    0x20000a0a   0x00000199   Zero   RW         1152    .bss                parameters.o
    0x20000ba3   0x00000001   PAD
    0x20000ba4   0x00000090   Zero   RW         1218    .bss                imu.o
    0x20000c34   0x00000004   PAD
    0x20000c38   0x00000400   Zero   RW          260    STACK               startup_stm32f427_437xx.o


==============================================================================

Image component sizes


      Code (inc. data)   RO Data    RW Data    ZI Data      Debug   Object Name

        16          0          0          0          0        482   appinit.o
       372         48          0          0          0       3206   bsp_flash.o
       148         24          0          0          0       2062   can.o
         6          0          0          0          0       1531   controltask.o
      1860        112          0          9        200       6439   datatransfer.o
       122          0          0          0          0        559   driver.o
       596         62          0          4          0       3900   dutytasks.o
         2          0          0          0          0        442   encoder.o
      3044        198          0        145        144       7892   imu.o
      1384         64          0         34         24       4797   ist8310.o
       120          8          0          0          0        572   led.o
        40          4          0          0          0     295107   main.o
       140         24          0          0          0     210751   misc.o
        32          6          0          1          0        733   modeduty.o
      1720        106          0         18        282       3630   mpu6500.o
       304         66          0          3        409       4745   parameters.o
      1372         48          0          6         22       3343   protocol.o
       208         10          0          0          0        635   pwm.o
       552         38          0          4         60       2301   rc.o
       200         38         22          4         22       2773   selfcheck.o
       392         22          0          0          0       2518   spi.o
        36          8        428          0       1024        836   startup_stm32f427_437xx.o
       770         14          0          0          0      12508   stm32f4xx_can.o
       634         40          0          0          0      19987   stm32f4xx_dma.o
       410         42          0          0          0       9876   stm32f4xx_flash.o
       248          0          0          0          0      10399   stm32f4xx_gpio.o
        24          0          0          0          0       3688   stm32f4xx_it.o
       392         48          0         16          0      18701   stm32f4xx_rcc.o
       112          0          0          0          0      11614   stm32f4xx_spi.o
       576         48          0          0          0      27379   stm32f4xx_tim.o
       678         32          0          0          0      12827   stm32f4xx_usart.o
       340         32          0          0          0       1613   system_stm32f4xx.o
       374         44          0          0        160       4612   timer.o
       596         48          0          5        768       2844   usart2.o
       620         48          0          5        768       2856   usart3.o
        66          6          0          0          0       1026   usart6.o

    ----------------------------------------------------------------------
     18544       1288        482        260       3888     699184   Object Totals
         0          0         32          0          0          0   (incl. Generated)
        38          0          0          6          5          0   (incl. Padding)

    ----------------------------------------------------------------------

      Code (inc. data)   RO Data    RW Data    ZI Data      Debug   Library Member Name

       300         42          0          0          0        176   asinf.o
       744        106        152          0          0        352   atan.o
       496         64          0          0          0        192   atan2.o
       592         90          0          0          0        184   atan2f.o
       336         56          0          0          0        136   cosf.o
        72          8          0          0          0        372   dunder.o
        24          0          0          0          0        124   fabs.o
        48          0          0          0          0        124   fpclassify.o
        38          0          0          0          0        116   fpclassifyf.o
        44         12          0          0          0        464   funder.o
       248          0          0          0          0        152   poly.o
         0          0          8          0          0          0   qnan.o
       340         24         32          0          0        160   rredf.o
       400         56          0          0          0        212   sinf.o
       122          0          0          0          0        148   sqrt.o
        62          0          0          0          0        136   sqrtf.o
         0          0          0          0          0          0   entry.o
         0          0          0          0          0          0   entry10a.o
         0          0          0          0          0          0   entry11a.o
         8          4          0          0          0          0   entry2.o
         4          0          0          0          0          0   entry5.o
         0          0          0          0          0          0   entry7b.o
         0          0          0          0          0          0   entry8b.o
         8          4          0          0          0          0   entry9a.o
        12          6          0          4          0         68   errno.o
        30          0          0          0          0          0   handlers.o
        36          8          0          0          0         68   init.o
         0          0          0          0          0          0   iusefp.o
        30          0          0          0          0         68   llshl.o
        36          0          0          0          0         68   llsshr.o
        32          0          0          0          0         68   llushr.o
        36          0          0          0          0         68   memcpya.o
        36          0          0          0          0        108   memseta.o
       884         10          0          0          0        420   printf6.o
        44          0          0          0          0         80   uidiv.o
        56          0          0          0          0         88   d2f.o
       334          0          0          0          0        148   dadd.o
       222          0          0          0          0        100   ddiv.o
       186          0          0          0          0        176   depilogue.o
        34          0          0          0          0         76   dflti.o
       228          0          0          0          0         96   dmul.o
       162          0          0          0          0        100   dsqrt.o
        38          0          0          0          0         68   f2d.o
       110          0          0          0          0        168   fepilogue.o

    ----------------------------------------------------------------------
      6446        494        192          4          0       5084   Library Totals
        14          4          0          0          0          0   (incl. Padding)

    ----------------------------------------------------------------------

      Code (inc. data)   RO Data    RW Data    ZI Data      Debug   Library Name

      3866        458        192          0          0       3048   m_wm.l
      1196         32          0          4          0       1016   mc_w.l
      1370          0          0          0          0       1020   mf_w.l

    ----------------------------------------------------------------------
      6446        494        192          4          0       5084   Library Totals

    ----------------------------------------------------------------------

==============================================================================


      Code (inc. data)   RO Data    RW Data    ZI Data      Debug   

     24990       1782        674        264       3888     686984   Grand Totals
     24990       1782        674        264       3888     686984   ELF Image Totals
     24990       1782        674        264          0          0   ROM Totals

==============================================================================

    Total RO  Size (Code + RO Data)                25664 (  25.06kB)
    Total RW  Size (RW Data + ZI Data)              4152 (   4.05kB)
    Total ROM Size (Code + RO Data + RW Data)      25928 (  25.32kB)

==============================================================================

