<!doctype html public "-//w3c//dtd html 4.0 transitional//en">
<html><head>
<title>Static Call Graph - [.\output\RobotBasicControl.axf]</title></head>
<body><HR>
<H1>Static Call Graph for image .\output\RobotBasicControl.axf</H1><HR>
<BR><P>#&#060CALLGRAPH&#062# ARM Linker, 5050106: Last Updated: Wed Jan 24 18:47:38 2018
<BR><P>
<H3>Maximum Stack Usage =        480 bytes + Unknown(Cycles, Untraceable Function Pointers)</H3><H3>
Call chain for Maximum Stack Depth:</H3>
TIM6_DAC_IRQHandler &rArr; Duty_loop &rArr; Duty_1ms &rArr; AHRSUpdate &rArr; AHRSInit &rArr; __hardfp_atan2 &rArr; atan &rArr; __hardfp_atan &rArr; __kernel_poly &rArr; __aeabi_dmul &rArr; _double_epilogue &rArr; _double_round
<P>
<H3>
Mutually Recursive functions
</H3> <LI><a href="#[a]">SysTick_Handler</a>&nbsp;&nbsp;&nbsp;&rArr;&nbsp;&nbsp;&nbsp;<a href="#[a]">SysTick_Handler</a><BR>
 <LI><a href="#[1d]">ADC_IRQHandler</a>&nbsp;&nbsp;&nbsp;&rArr;&nbsp;&nbsp;&nbsp;<a href="#[1d]">ADC_IRQHandler</a><BR>
</UL>
<P>
<H3>
Function Pointers
</H3><UL>
 <LI><a href="#[1d]">ADC_IRQHandler</a> from startup_stm32f427_437xx.o(.text) referenced from startup_stm32f427_437xx.o(RESET)
 <LI><a href="#[5]">BusFault_Handler</a> from stm32f4xx_it.o(i.BusFault_Handler) referenced from startup_stm32f427_437xx.o(RESET)
 <LI><a href="#[1f]">CAN1_RX0_IRQHandler</a> from can.o(i.CAN1_RX0_IRQHandler) referenced from startup_stm32f427_437xx.o(RESET)
 <LI><a href="#[20]">CAN1_RX1_IRQHandler</a> from startup_stm32f427_437xx.o(.text) referenced from startup_stm32f427_437xx.o(RESET)
 <LI><a href="#[21]">CAN1_SCE_IRQHandler</a> from startup_stm32f427_437xx.o(.text) referenced from startup_stm32f427_437xx.o(RESET)
 <LI><a href="#[1e]">CAN1_TX_IRQHandler</a> from can.o(i.CAN1_TX_IRQHandler) referenced from startup_stm32f427_437xx.o(RESET)
 <LI><a href="#[4b]">CAN2_RX0_IRQHandler</a> from can.o(i.CAN2_RX0_IRQHandler) referenced from startup_stm32f427_437xx.o(RESET)
 <LI><a href="#[4c]">CAN2_RX1_IRQHandler</a> from startup_stm32f427_437xx.o(.text) referenced from startup_stm32f427_437xx.o(RESET)
 <LI><a href="#[4d]">CAN2_SCE_IRQHandler</a> from startup_stm32f427_437xx.o(.text) referenced from startup_stm32f427_437xx.o(RESET)
 <LI><a href="#[4a]">CAN2_TX_IRQHandler</a> from can.o(i.CAN2_TX_IRQHandler) referenced from startup_stm32f427_437xx.o(RESET)
 <LI><a href="#[5a]">CRYP_IRQHandler</a> from startup_stm32f427_437xx.o(.text) referenced from startup_stm32f427_437xx.o(RESET)
 <LI><a href="#[59]">DCMI_IRQHandler</a> from startup_stm32f427_437xx.o(.text) referenced from startup_stm32f427_437xx.o(RESET)
 <LI><a href="#[16]">DMA1_Stream0_IRQHandler</a> from startup_stm32f427_437xx.o(.text) referenced from startup_stm32f427_437xx.o(RESET)
 <LI><a href="#[17]">DMA1_Stream1_IRQHandler</a> from startup_stm32f427_437xx.o(.text) referenced from startup_stm32f427_437xx.o(RESET)
 <LI><a href="#[18]">DMA1_Stream2_IRQHandler</a> from startup_stm32f427_437xx.o(.text) referenced from startup_stm32f427_437xx.o(RESET)
 <LI><a href="#[19]">DMA1_Stream3_IRQHandler</a> from startup_stm32f427_437xx.o(.text) referenced from startup_stm32f427_437xx.o(RESET)
 <LI><a href="#[1a]">DMA1_Stream4_IRQHandler</a> from startup_stm32f427_437xx.o(.text) referenced from startup_stm32f427_437xx.o(RESET)
 <LI><a href="#[1b]">DMA1_Stream5_IRQHandler</a> from startup_stm32f427_437xx.o(.text) referenced from startup_stm32f427_437xx.o(RESET)
 <LI><a href="#[1c]">DMA1_Stream6_IRQHandler</a> from startup_stm32f427_437xx.o(.text) referenced from startup_stm32f427_437xx.o(RESET)
 <LI><a href="#[3a]">DMA1_Stream7_IRQHandler</a> from startup_stm32f427_437xx.o(.text) referenced from startup_stm32f427_437xx.o(RESET)
 <LI><a href="#[63]">DMA2D_IRQHandler</a> from startup_stm32f427_437xx.o(.text) referenced from startup_stm32f427_437xx.o(RESET)
 <LI><a href="#[43]">DMA2_Stream0_IRQHandler</a> from startup_stm32f427_437xx.o(.text) referenced from startup_stm32f427_437xx.o(RESET)
 <LI><a href="#[44]">DMA2_Stream1_IRQHandler</a> from startup_stm32f427_437xx.o(.text) referenced from startup_stm32f427_437xx.o(RESET)
 <LI><a href="#[45]">DMA2_Stream2_IRQHandler</a> from startup_stm32f427_437xx.o(.text) referenced from startup_stm32f427_437xx.o(RESET)
 <LI><a href="#[46]">DMA2_Stream3_IRQHandler</a> from startup_stm32f427_437xx.o(.text) referenced from startup_stm32f427_437xx.o(RESET)
 <LI><a href="#[47]">DMA2_Stream4_IRQHandler</a> from startup_stm32f427_437xx.o(.text) referenced from startup_stm32f427_437xx.o(RESET)
 <LI><a href="#[4f]">DMA2_Stream5_IRQHandler</a> from startup_stm32f427_437xx.o(.text) referenced from startup_stm32f427_437xx.o(RESET)
 <LI><a href="#[50]">DMA2_Stream6_IRQHandler</a> from startup_stm32f427_437xx.o(.text) referenced from startup_stm32f427_437xx.o(RESET)
 <LI><a href="#[51]">DMA2_Stream7_IRQHandler</a> from startup_stm32f427_437xx.o(.text) referenced from startup_stm32f427_437xx.o(RESET)
 <LI><a href="#[8]">DebugMon_Handler</a> from stm32f4xx_it.o(i.DebugMon_Handler) referenced from startup_stm32f427_437xx.o(RESET)
 <LI><a href="#[48]">ETH_IRQHandler</a> from startup_stm32f427_437xx.o(.text) referenced from startup_stm32f427_437xx.o(RESET)
 <LI><a href="#[49]">ETH_WKUP_IRQHandler</a> from startup_stm32f427_437xx.o(.text) referenced from startup_stm32f427_437xx.o(RESET)
 <LI><a href="#[11]">EXTI0_IRQHandler</a> from startup_stm32f427_437xx.o(.text) referenced from startup_stm32f427_437xx.o(RESET)
 <LI><a href="#[33]">EXTI15_10_IRQHandler</a> from startup_stm32f427_437xx.o(.text) referenced from startup_stm32f427_437xx.o(RESET)
 <LI><a href="#[12]">EXTI1_IRQHandler</a> from startup_stm32f427_437xx.o(.text) referenced from startup_stm32f427_437xx.o(RESET)
 <LI><a href="#[13]">EXTI2_IRQHandler</a> from startup_stm32f427_437xx.o(.text) referenced from startup_stm32f427_437xx.o(RESET)
 <LI><a href="#[14]">EXTI3_IRQHandler</a> from startup_stm32f427_437xx.o(.text) referenced from startup_stm32f427_437xx.o(RESET)
 <LI><a href="#[15]">EXTI4_IRQHandler</a> from startup_stm32f427_437xx.o(.text) referenced from startup_stm32f427_437xx.o(RESET)
 <LI><a href="#[22]">EXTI9_5_IRQHandler</a> from startup_stm32f427_437xx.o(.text) referenced from startup_stm32f427_437xx.o(RESET)
 <LI><a href="#[f]">FLASH_IRQHandler</a> from startup_stm32f427_437xx.o(.text) referenced from startup_stm32f427_437xx.o(RESET)
 <LI><a href="#[3b]">FMC_IRQHandler</a> from startup_stm32f427_437xx.o(.text) referenced from startup_stm32f427_437xx.o(RESET)
 <LI><a href="#[5c]">FPU_IRQHandler</a> from startup_stm32f427_437xx.o(.text) referenced from startup_stm32f427_437xx.o(RESET)
 <LI><a href="#[5b]">HASH_RNG_IRQHandler</a> from startup_stm32f427_437xx.o(.text) referenced from startup_stm32f427_437xx.o(RESET)
 <LI><a href="#[3]">HardFault_Handler</a> from stm32f4xx_it.o(i.HardFault_Handler) referenced from startup_stm32f427_437xx.o(RESET)
 <LI><a href="#[2b]">I2C1_ER_IRQHandler</a> from startup_stm32f427_437xx.o(.text) referenced from startup_stm32f427_437xx.o(RESET)
 <LI><a href="#[2a]">I2C1_EV_IRQHandler</a> from startup_stm32f427_437xx.o(.text) referenced from startup_stm32f427_437xx.o(RESET)
 <LI><a href="#[2d]">I2C2_ER_IRQHandler</a> from startup_stm32f427_437xx.o(.text) referenced from startup_stm32f427_437xx.o(RESET)
 <LI><a href="#[2c]">I2C2_EV_IRQHandler</a> from startup_stm32f427_437xx.o(.text) referenced from startup_stm32f427_437xx.o(RESET)
 <LI><a href="#[54]">I2C3_ER_IRQHandler</a> from startup_stm32f427_437xx.o(.text) referenced from startup_stm32f427_437xx.o(RESET)
 <LI><a href="#[53]">I2C3_EV_IRQHandler</a> from startup_stm32f427_437xx.o(.text) referenced from startup_stm32f427_437xx.o(RESET)
 <LI><a href="#[4]">MemManage_Handler</a> from stm32f4xx_it.o(i.MemManage_Handler) referenced from startup_stm32f427_437xx.o(RESET)
 <LI><a href="#[2]">NMI_Handler</a> from stm32f4xx_it.o(i.NMI_Handler) referenced from startup_stm32f427_437xx.o(RESET)
 <LI><a href="#[4e]">OTG_FS_IRQHandler</a> from startup_stm32f427_437xx.o(.text) referenced from startup_stm32f427_437xx.o(RESET)
 <LI><a href="#[35]">OTG_FS_WKUP_IRQHandler</a> from startup_stm32f427_437xx.o(.text) referenced from startup_stm32f427_437xx.o(RESET)
 <LI><a href="#[56]">OTG_HS_EP1_IN_IRQHandler</a> from startup_stm32f427_437xx.o(.text) referenced from startup_stm32f427_437xx.o(RESET)
 <LI><a href="#[55]">OTG_HS_EP1_OUT_IRQHandler</a> from startup_stm32f427_437xx.o(.text) referenced from startup_stm32f427_437xx.o(RESET)
 <LI><a href="#[58]">OTG_HS_IRQHandler</a> from startup_stm32f427_437xx.o(.text) referenced from startup_stm32f427_437xx.o(RESET)
 <LI><a href="#[57]">OTG_HS_WKUP_IRQHandler</a> from startup_stm32f427_437xx.o(.text) referenced from startup_stm32f427_437xx.o(RESET)
 <LI><a href="#[c]">PVD_IRQHandler</a> from startup_stm32f427_437xx.o(.text) referenced from startup_stm32f427_437xx.o(RESET)
 <LI><a href="#[9]">PendSV_Handler</a> from stm32f4xx_it.o(i.PendSV_Handler) referenced from startup_stm32f427_437xx.o(RESET)
 <LI><a href="#[10]">RCC_IRQHandler</a> from startup_stm32f427_437xx.o(.text) referenced from startup_stm32f427_437xx.o(RESET)
 <LI><a href="#[34]">RTC_Alarm_IRQHandler</a> from startup_stm32f427_437xx.o(.text) referenced from startup_stm32f427_437xx.o(RESET)
 <LI><a href="#[e]">RTC_WKUP_IRQHandler</a> from startup_stm32f427_437xx.o(.text) referenced from startup_stm32f427_437xx.o(RESET)
 <LI><a href="#[1]">Reset_Handler</a> from startup_stm32f427_437xx.o(.text) referenced from startup_stm32f427_437xx.o(RESET)
 <LI><a href="#[62]">SAI1_IRQHandler</a> from startup_stm32f427_437xx.o(.text) referenced from startup_stm32f427_437xx.o(RESET)
 <LI><a href="#[3c]">SDIO_IRQHandler</a> from startup_stm32f427_437xx.o(.text) referenced from startup_stm32f427_437xx.o(RESET)
 <LI><a href="#[2e]">SPI1_IRQHandler</a> from startup_stm32f427_437xx.o(.text) referenced from startup_stm32f427_437xx.o(RESET)
 <LI><a href="#[2f]">SPI2_IRQHandler</a> from startup_stm32f427_437xx.o(.text) referenced from startup_stm32f427_437xx.o(RESET)
 <LI><a href="#[3e]">SPI3_IRQHandler</a> from startup_stm32f427_437xx.o(.text) referenced from startup_stm32f427_437xx.o(RESET)
 <LI><a href="#[5f]">SPI4_IRQHandler</a> from startup_stm32f427_437xx.o(.text) referenced from startup_stm32f427_437xx.o(RESET)
 <LI><a href="#[60]">SPI5_IRQHandler</a> from startup_stm32f427_437xx.o(.text) referenced from startup_stm32f427_437xx.o(RESET)
 <LI><a href="#[61]">SPI6_IRQHandler</a> from startup_stm32f427_437xx.o(.text) referenced from startup_stm32f427_437xx.o(RESET)
 <LI><a href="#[7]">SVC_Handler</a> from stm32f4xx_it.o(i.SVC_Handler) referenced from startup_stm32f427_437xx.o(RESET)
 <LI><a href="#[a]">SysTick_Handler</a> from startup_stm32f427_437xx.o(.text) referenced from startup_stm32f427_437xx.o(RESET)
 <LI><a href="#[65]">SystemInit</a> from system_stm32f4xx.o(i.SystemInit) referenced from startup_stm32f427_437xx.o(.text)
 <LI><a href="#[d]">TAMP_STAMP_IRQHandler</a> from startup_stm32f427_437xx.o(.text) referenced from startup_stm32f427_437xx.o(RESET)
 <LI><a href="#[23]">TIM1_BRK_TIM9_IRQHandler</a> from startup_stm32f427_437xx.o(.text) referenced from startup_stm32f427_437xx.o(RESET)
 <LI><a href="#[26]">TIM1_CC_IRQHandler</a> from startup_stm32f427_437xx.o(.text) referenced from startup_stm32f427_437xx.o(RESET)
 <LI><a href="#[25]">TIM1_TRG_COM_TIM11_IRQHandler</a> from startup_stm32f427_437xx.o(.text) referenced from startup_stm32f427_437xx.o(RESET)
 <LI><a href="#[24]">TIM1_UP_TIM10_IRQHandler</a> from startup_stm32f427_437xx.o(.text) referenced from startup_stm32f427_437xx.o(RESET)
 <LI><a href="#[27]">TIM2_IRQHandler</a> from startup_stm32f427_437xx.o(.text) referenced from startup_stm32f427_437xx.o(RESET)
 <LI><a href="#[28]">TIM3_IRQHandler</a> from startup_stm32f427_437xx.o(.text) referenced from startup_stm32f427_437xx.o(RESET)
 <LI><a href="#[29]">TIM4_IRQHandler</a> from startup_stm32f427_437xx.o(.text) referenced from startup_stm32f427_437xx.o(RESET)
 <LI><a href="#[3d]">TIM5_IRQHandler</a> from timer.o(i.TIM5_IRQHandler) referenced from startup_stm32f427_437xx.o(RESET)
 <LI><a href="#[41]">TIM6_DAC_IRQHandler</a> from timer.o(i.TIM6_DAC_IRQHandler) referenced from startup_stm32f427_437xx.o(RESET)
 <LI><a href="#[42]">TIM7_IRQHandler</a> from startup_stm32f427_437xx.o(.text) referenced from startup_stm32f427_437xx.o(RESET)
 <LI><a href="#[36]">TIM8_BRK_TIM12_IRQHandler</a> from startup_stm32f427_437xx.o(.text) referenced from startup_stm32f427_437xx.o(RESET)
 <LI><a href="#[39]">TIM8_CC_IRQHandler</a> from startup_stm32f427_437xx.o(.text) referenced from startup_stm32f427_437xx.o(RESET)
 <LI><a href="#[38]">TIM8_TRG_COM_TIM14_IRQHandler</a> from startup_stm32f427_437xx.o(.text) referenced from startup_stm32f427_437xx.o(RESET)
 <LI><a href="#[37]">TIM8_UP_TIM13_IRQHandler</a> from startup_stm32f427_437xx.o(.text) referenced from startup_stm32f427_437xx.o(RESET)
 <LI><a href="#[3f]">UART4_IRQHandler</a> from startup_stm32f427_437xx.o(.text) referenced from startup_stm32f427_437xx.o(RESET)
 <LI><a href="#[40]">UART5_IRQHandler</a> from startup_stm32f427_437xx.o(.text) referenced from startup_stm32f427_437xx.o(RESET)
 <LI><a href="#[5d]">UART7_IRQHandler</a> from startup_stm32f427_437xx.o(.text) referenced from startup_stm32f427_437xx.o(RESET)
 <LI><a href="#[5e]">UART8_IRQHandler</a> from startup_stm32f427_437xx.o(.text) referenced from startup_stm32f427_437xx.o(RESET)
 <LI><a href="#[30]">USART1_IRQHandler</a> from rc.o(i.USART1_IRQHandler) referenced from startup_stm32f427_437xx.o(RESET)
 <LI><a href="#[31]">USART2_IRQHandler</a> from usart2.o(i.USART2_IRQHandler) referenced from startup_stm32f427_437xx.o(RESET)
 <LI><a href="#[32]">USART3_IRQHandler</a> from usart3.o(i.USART3_IRQHandler) referenced from startup_stm32f427_437xx.o(RESET)
 <LI><a href="#[52]">USART6_IRQHandler</a> from usart6.o(i.USART6_IRQHandler) referenced from startup_stm32f427_437xx.o(RESET)
 <LI><a href="#[6]">UsageFault_Handler</a> from stm32f4xx_it.o(i.UsageFault_Handler) referenced from startup_stm32f427_437xx.o(RESET)
 <LI><a href="#[b]">WWDG_IRQHandler</a> from startup_stm32f427_437xx.o(.text) referenced from startup_stm32f427_437xx.o(RESET)
 <LI><a href="#[66]">__main</a> from entry.o(.ARM.Collect$$$$00000000) referenced from startup_stm32f427_437xx.o(.text)
 <LI><a href="#[64]">main</a> from main.o(i.main) referenced from entry9a.o(.ARM.Collect$$$$0000000B)
</UL>
<P>
<H3>
Global Symbols
</H3>
<P><STRONG><a name="[66]"></a>__main</STRONG> (Thumb, 0 bytes, Stack size unknown bytes, entry.o(.ARM.Collect$$$$00000000))
<BR>[Address Reference Count : 1]<UL><LI> startup_stm32f427_437xx.o(.text)
</UL>
<P><STRONG><a name="[12b]"></a>_main_stk</STRONG> (Thumb, 0 bytes, Stack size unknown bytes, entry2.o(.ARM.Collect$$$$00000001))

<P><STRONG><a name="[67]"></a>_main_scatterload</STRONG> (Thumb, 0 bytes, Stack size unknown bytes, entry5.o(.ARM.Collect$$$$00000004))
<BR><BR>[Calls]<UL><LI><a href="#[68]">&gt;&gt;</a>&nbsp;&nbsp;&nbsp;__scatterload
</UL>

<P><STRONG><a name="[7a]"></a>__main_after_scatterload</STRONG> (Thumb, 0 bytes, Stack size unknown bytes, entry5.o(.ARM.Collect$$$$00000004))
<BR><BR>[Called By]<UL><LI><a href="#[68]">&gt;&gt;</a>&nbsp;&nbsp;&nbsp;__scatterload
</UL>

<P><STRONG><a name="[12c]"></a>_main_clock</STRONG> (Thumb, 0 bytes, Stack size unknown bytes, entry7b.o(.ARM.Collect$$$$00000008))

<P><STRONG><a name="[12d]"></a>_main_cpp_init</STRONG> (Thumb, 0 bytes, Stack size unknown bytes, entry8b.o(.ARM.Collect$$$$0000000A))

<P><STRONG><a name="[12e]"></a>_main_init</STRONG> (Thumb, 0 bytes, Stack size unknown bytes, entry9a.o(.ARM.Collect$$$$0000000B))

<P><STRONG><a name="[12f]"></a>__rt_final_cpp</STRONG> (Thumb, 0 bytes, Stack size unknown bytes, entry10a.o(.ARM.Collect$$$$0000000D))

<P><STRONG><a name="[130]"></a>__rt_final_exit</STRONG> (Thumb, 0 bytes, Stack size unknown bytes, entry11a.o(.ARM.Collect$$$$0000000F))

<P><STRONG><a name="[1]"></a>Reset_Handler</STRONG> (Thumb, 8 bytes, Stack size 0 bytes, startup_stm32f427_437xx.o(.text))
<BR>[Address Reference Count : 1]<UL><LI> startup_stm32f427_437xx.o(RESET)
</UL>
<P><STRONG><a name="[a]"></a>SysTick_Handler</STRONG> (Thumb, 2 bytes, Stack size 0 bytes, startup_stm32f427_437xx.o(.text))
<BR><BR>[Calls]<UL><LI><a href="#[a]">&gt;&gt;</a>&nbsp;&nbsp;&nbsp;SysTick_Handler
</UL>
<BR>[Called By]<UL><LI><a href="#[a]">&gt;&gt;</a>&nbsp;&nbsp;&nbsp;SysTick_Handler
</UL>
<BR>[Address Reference Count : 1]<UL><LI> startup_stm32f427_437xx.o(RESET)
</UL>
<P><STRONG><a name="[1d]"></a>ADC_IRQHandler</STRONG> (Thumb, 0 bytes, Stack size 0 bytes, startup_stm32f427_437xx.o(.text))
<BR><BR>[Calls]<UL><LI><a href="#[1d]">&gt;&gt;</a>&nbsp;&nbsp;&nbsp;ADC_IRQHandler
</UL>
<BR>[Called By]<UL><LI><a href="#[1d]">&gt;&gt;</a>&nbsp;&nbsp;&nbsp;ADC_IRQHandler
</UL>
<BR>[Address Reference Count : 1]<UL><LI> startup_stm32f427_437xx.o(RESET)
</UL>
<P><STRONG><a name="[20]"></a>CAN1_RX1_IRQHandler</STRONG> (Thumb, 0 bytes, Stack size 0 bytes, startup_stm32f427_437xx.o(.text))
<BR>[Address Reference Count : 1]<UL><LI> startup_stm32f427_437xx.o(RESET)
</UL>
<P><STRONG><a name="[21]"></a>CAN1_SCE_IRQHandler</STRONG> (Thumb, 0 bytes, Stack size 0 bytes, startup_stm32f427_437xx.o(.text))
<BR>[Address Reference Count : 1]<UL><LI> startup_stm32f427_437xx.o(RESET)
</UL>
<P><STRONG><a name="[4c]"></a>CAN2_RX1_IRQHandler</STRONG> (Thumb, 0 bytes, Stack size 0 bytes, startup_stm32f427_437xx.o(.text))
<BR>[Address Reference Count : 1]<UL><LI> startup_stm32f427_437xx.o(RESET)
</UL>
<P><STRONG><a name="[4d]"></a>CAN2_SCE_IRQHandler</STRONG> (Thumb, 0 bytes, Stack size 0 bytes, startup_stm32f427_437xx.o(.text))
<BR>[Address Reference Count : 1]<UL><LI> startup_stm32f427_437xx.o(RESET)
</UL>
<P><STRONG><a name="[5a]"></a>CRYP_IRQHandler</STRONG> (Thumb, 0 bytes, Stack size 0 bytes, startup_stm32f427_437xx.o(.text))
<BR>[Address Reference Count : 1]<UL><LI> startup_stm32f427_437xx.o(RESET)
</UL>
<P><STRONG><a name="[59]"></a>DCMI_IRQHandler</STRONG> (Thumb, 0 bytes, Stack size 0 bytes, startup_stm32f427_437xx.o(.text))
<BR>[Address Reference Count : 1]<UL><LI> startup_stm32f427_437xx.o(RESET)
</UL>
<P><STRONG><a name="[16]"></a>DMA1_Stream0_IRQHandler</STRONG> (Thumb, 0 bytes, Stack size 0 bytes, startup_stm32f427_437xx.o(.text))
<BR>[Address Reference Count : 1]<UL><LI> startup_stm32f427_437xx.o(RESET)
</UL>
<P><STRONG><a name="[17]"></a>DMA1_Stream1_IRQHandler</STRONG> (Thumb, 0 bytes, Stack size 0 bytes, startup_stm32f427_437xx.o(.text))
<BR>[Address Reference Count : 1]<UL><LI> startup_stm32f427_437xx.o(RESET)
</UL>
<P><STRONG><a name="[18]"></a>DMA1_Stream2_IRQHandler</STRONG> (Thumb, 0 bytes, Stack size 0 bytes, startup_stm32f427_437xx.o(.text))
<BR>[Address Reference Count : 1]<UL><LI> startup_stm32f427_437xx.o(RESET)
</UL>
<P><STRONG><a name="[19]"></a>DMA1_Stream3_IRQHandler</STRONG> (Thumb, 0 bytes, Stack size 0 bytes, startup_stm32f427_437xx.o(.text))
<BR>[Address Reference Count : 1]<UL><LI> startup_stm32f427_437xx.o(RESET)
</UL>
<P><STRONG><a name="[1a]"></a>DMA1_Stream4_IRQHandler</STRONG> (Thumb, 0 bytes, Stack size 0 bytes, startup_stm32f427_437xx.o(.text))
<BR>[Address Reference Count : 1]<UL><LI> startup_stm32f427_437xx.o(RESET)
</UL>
<P><STRONG><a name="[1b]"></a>DMA1_Stream5_IRQHandler</STRONG> (Thumb, 0 bytes, Stack size 0 bytes, startup_stm32f427_437xx.o(.text))
<BR>[Address Reference Count : 1]<UL><LI> startup_stm32f427_437xx.o(RESET)
</UL>
<P><STRONG><a name="[1c]"></a>DMA1_Stream6_IRQHandler</STRONG> (Thumb, 0 bytes, Stack size 0 bytes, startup_stm32f427_437xx.o(.text))
<BR>[Address Reference Count : 1]<UL><LI> startup_stm32f427_437xx.o(RESET)
</UL>
<P><STRONG><a name="[3a]"></a>DMA1_Stream7_IRQHandler</STRONG> (Thumb, 0 bytes, Stack size 0 bytes, startup_stm32f427_437xx.o(.text))
<BR>[Address Reference Count : 1]<UL><LI> startup_stm32f427_437xx.o(RESET)
</UL>
<P><STRONG><a name="[63]"></a>DMA2D_IRQHandler</STRONG> (Thumb, 0 bytes, Stack size 0 bytes, startup_stm32f427_437xx.o(.text))
<BR>[Address Reference Count : 1]<UL><LI> startup_stm32f427_437xx.o(RESET)
</UL>
<P><STRONG><a name="[43]"></a>DMA2_Stream0_IRQHandler</STRONG> (Thumb, 0 bytes, Stack size 0 bytes, startup_stm32f427_437xx.o(.text))
<BR>[Address Reference Count : 1]<UL><LI> startup_stm32f427_437xx.o(RESET)
</UL>
<P><STRONG><a name="[44]"></a>DMA2_Stream1_IRQHandler</STRONG> (Thumb, 0 bytes, Stack size 0 bytes, startup_stm32f427_437xx.o(.text))
<BR>[Address Reference Count : 1]<UL><LI> startup_stm32f427_437xx.o(RESET)
</UL>
<P><STRONG><a name="[45]"></a>DMA2_Stream2_IRQHandler</STRONG> (Thumb, 0 bytes, Stack size 0 bytes, startup_stm32f427_437xx.o(.text))
<BR>[Address Reference Count : 1]<UL><LI> startup_stm32f427_437xx.o(RESET)
</UL>
<P><STRONG><a name="[46]"></a>DMA2_Stream3_IRQHandler</STRONG> (Thumb, 0 bytes, Stack size 0 bytes, startup_stm32f427_437xx.o(.text))
<BR>[Address Reference Count : 1]<UL><LI> startup_stm32f427_437xx.o(RESET)
</UL>
<P><STRONG><a name="[47]"></a>DMA2_Stream4_IRQHandler</STRONG> (Thumb, 0 bytes, Stack size 0 bytes, startup_stm32f427_437xx.o(.text))
<BR>[Address Reference Count : 1]<UL><LI> startup_stm32f427_437xx.o(RESET)
</UL>
<P><STRONG><a name="[4f]"></a>DMA2_Stream5_IRQHandler</STRONG> (Thumb, 0 bytes, Stack size 0 bytes, startup_stm32f427_437xx.o(.text))
<BR>[Address Reference Count : 1]<UL><LI> startup_stm32f427_437xx.o(RESET)
</UL>
<P><STRONG><a name="[50]"></a>DMA2_Stream6_IRQHandler</STRONG> (Thumb, 0 bytes, Stack size 0 bytes, startup_stm32f427_437xx.o(.text))
<BR>[Address Reference Count : 1]<UL><LI> startup_stm32f427_437xx.o(RESET)
</UL>
<P><STRONG><a name="[51]"></a>DMA2_Stream7_IRQHandler</STRONG> (Thumb, 0 bytes, Stack size 0 bytes, startup_stm32f427_437xx.o(.text))
<BR>[Address Reference Count : 1]<UL><LI> startup_stm32f427_437xx.o(RESET)
</UL>
<P><STRONG><a name="[48]"></a>ETH_IRQHandler</STRONG> (Thumb, 0 bytes, Stack size 0 bytes, startup_stm32f427_437xx.o(.text))
<BR>[Address Reference Count : 1]<UL><LI> startup_stm32f427_437xx.o(RESET)
</UL>
<P><STRONG><a name="[49]"></a>ETH_WKUP_IRQHandler</STRONG> (Thumb, 0 bytes, Stack size 0 bytes, startup_stm32f427_437xx.o(.text))
<BR>[Address Reference Count : 1]<UL><LI> startup_stm32f427_437xx.o(RESET)
</UL>
<P><STRONG><a name="[11]"></a>EXTI0_IRQHandler</STRONG> (Thumb, 0 bytes, Stack size 0 bytes, startup_stm32f427_437xx.o(.text))
<BR>[Address Reference Count : 1]<UL><LI> startup_stm32f427_437xx.o(RESET)
</UL>
<P><STRONG><a name="[33]"></a>EXTI15_10_IRQHandler</STRONG> (Thumb, 0 bytes, Stack size 0 bytes, startup_stm32f427_437xx.o(.text))
<BR>[Address Reference Count : 1]<UL><LI> startup_stm32f427_437xx.o(RESET)
</UL>
<P><STRONG><a name="[12]"></a>EXTI1_IRQHandler</STRONG> (Thumb, 0 bytes, Stack size 0 bytes, startup_stm32f427_437xx.o(.text))
<BR>[Address Reference Count : 1]<UL><LI> startup_stm32f427_437xx.o(RESET)
</UL>
<P><STRONG><a name="[13]"></a>EXTI2_IRQHandler</STRONG> (Thumb, 0 bytes, Stack size 0 bytes, startup_stm32f427_437xx.o(.text))
<BR>[Address Reference Count : 1]<UL><LI> startup_stm32f427_437xx.o(RESET)
</UL>
<P><STRONG><a name="[14]"></a>EXTI3_IRQHandler</STRONG> (Thumb, 0 bytes, Stack size 0 bytes, startup_stm32f427_437xx.o(.text))
<BR>[Address Reference Count : 1]<UL><LI> startup_stm32f427_437xx.o(RESET)
</UL>
<P><STRONG><a name="[15]"></a>EXTI4_IRQHandler</STRONG> (Thumb, 0 bytes, Stack size 0 bytes, startup_stm32f427_437xx.o(.text))
<BR>[Address Reference Count : 1]<UL><LI> startup_stm32f427_437xx.o(RESET)
</UL>
<P><STRONG><a name="[22]"></a>EXTI9_5_IRQHandler</STRONG> (Thumb, 0 bytes, Stack size 0 bytes, startup_stm32f427_437xx.o(.text))
<BR>[Address Reference Count : 1]<UL><LI> startup_stm32f427_437xx.o(RESET)
</UL>
<P><STRONG><a name="[f]"></a>FLASH_IRQHandler</STRONG> (Thumb, 0 bytes, Stack size 0 bytes, startup_stm32f427_437xx.o(.text))
<BR>[Address Reference Count : 1]<UL><LI> startup_stm32f427_437xx.o(RESET)
</UL>
<P><STRONG><a name="[3b]"></a>FMC_IRQHandler</STRONG> (Thumb, 0 bytes, Stack size 0 bytes, startup_stm32f427_437xx.o(.text))
<BR>[Address Reference Count : 1]<UL><LI> startup_stm32f427_437xx.o(RESET)
</UL>
<P><STRONG><a name="[5c]"></a>FPU_IRQHandler</STRONG> (Thumb, 0 bytes, Stack size 0 bytes, startup_stm32f427_437xx.o(.text))
<BR>[Address Reference Count : 1]<UL><LI> startup_stm32f427_437xx.o(RESET)
</UL>
<P><STRONG><a name="[5b]"></a>HASH_RNG_IRQHandler</STRONG> (Thumb, 0 bytes, Stack size 0 bytes, startup_stm32f427_437xx.o(.text))
<BR>[Address Reference Count : 1]<UL><LI> startup_stm32f427_437xx.o(RESET)
</UL>
<P><STRONG><a name="[2b]"></a>I2C1_ER_IRQHandler</STRONG> (Thumb, 0 bytes, Stack size 0 bytes, startup_stm32f427_437xx.o(.text))
<BR>[Address Reference Count : 1]<UL><LI> startup_stm32f427_437xx.o(RESET)
</UL>
<P><STRONG><a name="[2a]"></a>I2C1_EV_IRQHandler</STRONG> (Thumb, 0 bytes, Stack size 0 bytes, startup_stm32f427_437xx.o(.text))
<BR>[Address Reference Count : 1]<UL><LI> startup_stm32f427_437xx.o(RESET)
</UL>
<P><STRONG><a name="[2d]"></a>I2C2_ER_IRQHandler</STRONG> (Thumb, 0 bytes, Stack size 0 bytes, startup_stm32f427_437xx.o(.text))
<BR>[Address Reference Count : 1]<UL><LI> startup_stm32f427_437xx.o(RESET)
</UL>
<P><STRONG><a name="[2c]"></a>I2C2_EV_IRQHandler</STRONG> (Thumb, 0 bytes, Stack size 0 bytes, startup_stm32f427_437xx.o(.text))
<BR>[Address Reference Count : 1]<UL><LI> startup_stm32f427_437xx.o(RESET)
</UL>
<P><STRONG><a name="[54]"></a>I2C3_ER_IRQHandler</STRONG> (Thumb, 0 bytes, Stack size 0 bytes, startup_stm32f427_437xx.o(.text))
<BR>[Address Reference Count : 1]<UL><LI> startup_stm32f427_437xx.o(RESET)
</UL>
<P><STRONG><a name="[53]"></a>I2C3_EV_IRQHandler</STRONG> (Thumb, 0 bytes, Stack size 0 bytes, startup_stm32f427_437xx.o(.text))
<BR>[Address Reference Count : 1]<UL><LI> startup_stm32f427_437xx.o(RESET)
</UL>
<P><STRONG><a name="[4e]"></a>OTG_FS_IRQHandler</STRONG> (Thumb, 0 bytes, Stack size 0 bytes, startup_stm32f427_437xx.o(.text))
<BR>[Address Reference Count : 1]<UL><LI> startup_stm32f427_437xx.o(RESET)
</UL>
<P><STRONG><a name="[35]"></a>OTG_FS_WKUP_IRQHandler</STRONG> (Thumb, 0 bytes, Stack size 0 bytes, startup_stm32f427_437xx.o(.text))
<BR>[Address Reference Count : 1]<UL><LI> startup_stm32f427_437xx.o(RESET)
</UL>
<P><STRONG><a name="[56]"></a>OTG_HS_EP1_IN_IRQHandler</STRONG> (Thumb, 0 bytes, Stack size 0 bytes, startup_stm32f427_437xx.o(.text))
<BR>[Address Reference Count : 1]<UL><LI> startup_stm32f427_437xx.o(RESET)
</UL>
<P><STRONG><a name="[55]"></a>OTG_HS_EP1_OUT_IRQHandler</STRONG> (Thumb, 0 bytes, Stack size 0 bytes, startup_stm32f427_437xx.o(.text))
<BR>[Address Reference Count : 1]<UL><LI> startup_stm32f427_437xx.o(RESET)
</UL>
<P><STRONG><a name="[58]"></a>OTG_HS_IRQHandler</STRONG> (Thumb, 0 bytes, Stack size 0 bytes, startup_stm32f427_437xx.o(.text))
<BR>[Address Reference Count : 1]<UL><LI> startup_stm32f427_437xx.o(RESET)
</UL>
<P><STRONG><a name="[57]"></a>OTG_HS_WKUP_IRQHandler</STRONG> (Thumb, 0 bytes, Stack size 0 bytes, startup_stm32f427_437xx.o(.text))
<BR>[Address Reference Count : 1]<UL><LI> startup_stm32f427_437xx.o(RESET)
</UL>
<P><STRONG><a name="[c]"></a>PVD_IRQHandler</STRONG> (Thumb, 0 bytes, Stack size 0 bytes, startup_stm32f427_437xx.o(.text))
<BR>[Address Reference Count : 1]<UL><LI> startup_stm32f427_437xx.o(RESET)
</UL>
<P><STRONG><a name="[10]"></a>RCC_IRQHandler</STRONG> (Thumb, 0 bytes, Stack size 0 bytes, startup_stm32f427_437xx.o(.text))
<BR>[Address Reference Count : 1]<UL><LI> startup_stm32f427_437xx.o(RESET)
</UL>
<P><STRONG><a name="[34]"></a>RTC_Alarm_IRQHandler</STRONG> (Thumb, 0 bytes, Stack size 0 bytes, startup_stm32f427_437xx.o(.text))
<BR>[Address Reference Count : 1]<UL><LI> startup_stm32f427_437xx.o(RESET)
</UL>
<P><STRONG><a name="[e]"></a>RTC_WKUP_IRQHandler</STRONG> (Thumb, 0 bytes, Stack size 0 bytes, startup_stm32f427_437xx.o(.text))
<BR>[Address Reference Count : 1]<UL><LI> startup_stm32f427_437xx.o(RESET)
</UL>
<P><STRONG><a name="[62]"></a>SAI1_IRQHandler</STRONG> (Thumb, 0 bytes, Stack size 0 bytes, startup_stm32f427_437xx.o(.text))
<BR>[Address Reference Count : 1]<UL><LI> startup_stm32f427_437xx.o(RESET)
</UL>
<P><STRONG><a name="[3c]"></a>SDIO_IRQHandler</STRONG> (Thumb, 0 bytes, Stack size 0 bytes, startup_stm32f427_437xx.o(.text))
<BR>[Address Reference Count : 1]<UL><LI> startup_stm32f427_437xx.o(RESET)
</UL>
<P><STRONG><a name="[2e]"></a>SPI1_IRQHandler</STRONG> (Thumb, 0 bytes, Stack size 0 bytes, startup_stm32f427_437xx.o(.text))
<BR>[Address Reference Count : 1]<UL><LI> startup_stm32f427_437xx.o(RESET)
</UL>
<P><STRONG><a name="[2f]"></a>SPI2_IRQHandler</STRONG> (Thumb, 0 bytes, Stack size 0 bytes, startup_stm32f427_437xx.o(.text))
<BR>[Address Reference Count : 1]<UL><LI> startup_stm32f427_437xx.o(RESET)
</UL>
<P><STRONG><a name="[3e]"></a>SPI3_IRQHandler</STRONG> (Thumb, 0 bytes, Stack size 0 bytes, startup_stm32f427_437xx.o(.text))
<BR>[Address Reference Count : 1]<UL><LI> startup_stm32f427_437xx.o(RESET)
</UL>
<P><STRONG><a name="[5f]"></a>SPI4_IRQHandler</STRONG> (Thumb, 0 bytes, Stack size 0 bytes, startup_stm32f427_437xx.o(.text))
<BR>[Address Reference Count : 1]<UL><LI> startup_stm32f427_437xx.o(RESET)
</UL>
<P><STRONG><a name="[60]"></a>SPI5_IRQHandler</STRONG> (Thumb, 0 bytes, Stack size 0 bytes, startup_stm32f427_437xx.o(.text))
<BR>[Address Reference Count : 1]<UL><LI> startup_stm32f427_437xx.o(RESET)
</UL>
<P><STRONG><a name="[61]"></a>SPI6_IRQHandler</STRONG> (Thumb, 0 bytes, Stack size 0 bytes, startup_stm32f427_437xx.o(.text))
<BR>[Address Reference Count : 1]<UL><LI> startup_stm32f427_437xx.o(RESET)
</UL>
<P><STRONG><a name="[d]"></a>TAMP_STAMP_IRQHandler</STRONG> (Thumb, 0 bytes, Stack size 0 bytes, startup_stm32f427_437xx.o(.text))
<BR>[Address Reference Count : 1]<UL><LI> startup_stm32f427_437xx.o(RESET)
</UL>
<P><STRONG><a name="[23]"></a>TIM1_BRK_TIM9_IRQHandler</STRONG> (Thumb, 0 bytes, Stack size 0 bytes, startup_stm32f427_437xx.o(.text))
<BR>[Address Reference Count : 1]<UL><LI> startup_stm32f427_437xx.o(RESET)
</UL>
<P><STRONG><a name="[26]"></a>TIM1_CC_IRQHandler</STRONG> (Thumb, 0 bytes, Stack size 0 bytes, startup_stm32f427_437xx.o(.text))
<BR>[Address Reference Count : 1]<UL><LI> startup_stm32f427_437xx.o(RESET)
</UL>
<P><STRONG><a name="[25]"></a>TIM1_TRG_COM_TIM11_IRQHandler</STRONG> (Thumb, 0 bytes, Stack size 0 bytes, startup_stm32f427_437xx.o(.text))
<BR>[Address Reference Count : 1]<UL><LI> startup_stm32f427_437xx.o(RESET)
</UL>
<P><STRONG><a name="[24]"></a>TIM1_UP_TIM10_IRQHandler</STRONG> (Thumb, 0 bytes, Stack size 0 bytes, startup_stm32f427_437xx.o(.text))
<BR>[Address Reference Count : 1]<UL><LI> startup_stm32f427_437xx.o(RESET)
</UL>
<P><STRONG><a name="[27]"></a>TIM2_IRQHandler</STRONG> (Thumb, 0 bytes, Stack size 0 bytes, startup_stm32f427_437xx.o(.text))
<BR>[Address Reference Count : 1]<UL><LI> startup_stm32f427_437xx.o(RESET)
</UL>
<P><STRONG><a name="[28]"></a>TIM3_IRQHandler</STRONG> (Thumb, 0 bytes, Stack size 0 bytes, startup_stm32f427_437xx.o(.text))
<BR>[Address Reference Count : 1]<UL><LI> startup_stm32f427_437xx.o(RESET)
</UL>
<P><STRONG><a name="[29]"></a>TIM4_IRQHandler</STRONG> (Thumb, 0 bytes, Stack size 0 bytes, startup_stm32f427_437xx.o(.text))
<BR>[Address Reference Count : 1]<UL><LI> startup_stm32f427_437xx.o(RESET)
</UL>
<P><STRONG><a name="[42]"></a>TIM7_IRQHandler</STRONG> (Thumb, 0 bytes, Stack size 0 bytes, startup_stm32f427_437xx.o(.text))
<BR>[Address Reference Count : 1]<UL><LI> startup_stm32f427_437xx.o(RESET)
</UL>
<P><STRONG><a name="[36]"></a>TIM8_BRK_TIM12_IRQHandler</STRONG> (Thumb, 0 bytes, Stack size 0 bytes, startup_stm32f427_437xx.o(.text))
<BR>[Address Reference Count : 1]<UL><LI> startup_stm32f427_437xx.o(RESET)
</UL>
<P><STRONG><a name="[39]"></a>TIM8_CC_IRQHandler</STRONG> (Thumb, 0 bytes, Stack size 0 bytes, startup_stm32f427_437xx.o(.text))
<BR>[Address Reference Count : 1]<UL><LI> startup_stm32f427_437xx.o(RESET)
</UL>
<P><STRONG><a name="[38]"></a>TIM8_TRG_COM_TIM14_IRQHandler</STRONG> (Thumb, 0 bytes, Stack size 0 bytes, startup_stm32f427_437xx.o(.text))
<BR>[Address Reference Count : 1]<UL><LI> startup_stm32f427_437xx.o(RESET)
</UL>
<P><STRONG><a name="[37]"></a>TIM8_UP_TIM13_IRQHandler</STRONG> (Thumb, 0 bytes, Stack size 0 bytes, startup_stm32f427_437xx.o(.text))
<BR>[Address Reference Count : 1]<UL><LI> startup_stm32f427_437xx.o(RESET)
</UL>
<P><STRONG><a name="[3f]"></a>UART4_IRQHandler</STRONG> (Thumb, 0 bytes, Stack size 0 bytes, startup_stm32f427_437xx.o(.text))
<BR>[Address Reference Count : 1]<UL><LI> startup_stm32f427_437xx.o(RESET)
</UL>
<P><STRONG><a name="[40]"></a>UART5_IRQHandler</STRONG> (Thumb, 0 bytes, Stack size 0 bytes, startup_stm32f427_437xx.o(.text))
<BR>[Address Reference Count : 1]<UL><LI> startup_stm32f427_437xx.o(RESET)
</UL>
<P><STRONG><a name="[5d]"></a>UART7_IRQHandler</STRONG> (Thumb, 0 bytes, Stack size 0 bytes, startup_stm32f427_437xx.o(.text))
<BR>[Address Reference Count : 1]<UL><LI> startup_stm32f427_437xx.o(RESET)
</UL>
<P><STRONG><a name="[5e]"></a>UART8_IRQHandler</STRONG> (Thumb, 0 bytes, Stack size 0 bytes, startup_stm32f427_437xx.o(.text))
<BR>[Address Reference Count : 1]<UL><LI> startup_stm32f427_437xx.o(RESET)
</UL>
<P><STRONG><a name="[b]"></a>WWDG_IRQHandler</STRONG> (Thumb, 0 bytes, Stack size 0 bytes, startup_stm32f427_437xx.o(.text))
<BR>[Address Reference Count : 1]<UL><LI> startup_stm32f427_437xx.o(RESET)
</UL>
<P><STRONG><a name="[f2]"></a>__aeabi_memcpy</STRONG> (Thumb, 36 bytes, Stack size 0 bytes, memcpya.o(.text))
<BR><BR>[Called By]<UL><LI><a href="#[f3]">&gt;&gt;</a>&nbsp;&nbsp;&nbsp;ParametersSave
<LI><a href="#[a1]">&gt;&gt;</a>&nbsp;&nbsp;&nbsp;SensorOffsetInit
<LI><a href="#[a2]">&gt;&gt;</a>&nbsp;&nbsp;&nbsp;ParametersInit
</UL>

<P><STRONG><a name="[131]"></a>__aeabi_memcpy4</STRONG> (Thumb, 0 bytes, Stack size 0 bytes, memcpya.o(.text), UNUSED)

<P><STRONG><a name="[132]"></a>__aeabi_memcpy8</STRONG> (Thumb, 0 bytes, Stack size 0 bytes, memcpya.o(.text), UNUSED)

<P><STRONG><a name="[6a]"></a>__aeabi_memset</STRONG> (Thumb, 14 bytes, Stack size 0 bytes, memseta.o(.text), UNUSED)
<BR><BR>[Called By]<UL><LI><a href="#[6b]">&gt;&gt;</a>&nbsp;&nbsp;&nbsp;_memset$wrapper
<LI><a href="#[69]">&gt;&gt;</a>&nbsp;&nbsp;&nbsp;__aeabi_memclr
</UL>

<P><STRONG><a name="[133]"></a>__aeabi_memset4</STRONG> (Thumb, 0 bytes, Stack size 0 bytes, memseta.o(.text), UNUSED)

<P><STRONG><a name="[134]"></a>__aeabi_memset8</STRONG> (Thumb, 0 bytes, Stack size 0 bytes, memseta.o(.text), UNUSED)

<P><STRONG><a name="[69]"></a>__aeabi_memclr</STRONG> (Thumb, 4 bytes, Stack size 0 bytes, memseta.o(.text), UNUSED)
<BR><BR>[Calls]<UL><LI><a href="#[6a]">&gt;&gt;</a>&nbsp;&nbsp;&nbsp;__aeabi_memset
</UL>

<P><STRONG><a name="[e8]"></a>__aeabi_memclr4</STRONG> (Thumb, 0 bytes, Stack size 0 bytes, memseta.o(.text))
<BR><BR>[Called By]<UL><LI><a href="#[d0]">&gt;&gt;</a>&nbsp;&nbsp;&nbsp;MPU6500_Data_Prepare
</UL>

<P><STRONG><a name="[135]"></a>__aeabi_memclr8</STRONG> (Thumb, 0 bytes, Stack size 0 bytes, memseta.o(.text), UNUSED)

<P><STRONG><a name="[6b]"></a>_memset$wrapper</STRONG> (Thumb, 18 bytes, Stack size 8 bytes, memseta.o(.text), UNUSED)
<BR><BR>[Calls]<UL><LI><a href="#[6a]">&gt;&gt;</a>&nbsp;&nbsp;&nbsp;__aeabi_memset
</UL>

<P><STRONG><a name="[6c]"></a>__aeabi_dadd</STRONG> (Thumb, 322 bytes, Stack size 48 bytes, dadd.o(.text))
<BR><BR>[Stack]<UL><LI>Max Depth = 88<LI>Call Chain = __aeabi_dadd &rArr; _double_epilogue &rArr; _double_round
</UL>
<BR>[Calls]<UL><LI><a href="#[6e]">&gt;&gt;</a>&nbsp;&nbsp;&nbsp;__aeabi_lasr
<LI><a href="#[6d]">&gt;&gt;</a>&nbsp;&nbsp;&nbsp;__aeabi_llsl
<LI><a href="#[70]">&gt;&gt;</a>&nbsp;&nbsp;&nbsp;_double_round
<LI><a href="#[6f]">&gt;&gt;</a>&nbsp;&nbsp;&nbsp;_double_epilogue
</UL>
<BR>[Called By]<UL><LI><a href="#[126]">&gt;&gt;</a>&nbsp;&nbsp;&nbsp;__kernel_poly
<LI><a href="#[127]">&gt;&gt;</a>&nbsp;&nbsp;&nbsp;__mathlib_dbl_infnan2
<LI><a href="#[122]">&gt;&gt;</a>&nbsp;&nbsp;&nbsp;__mathlib_dbl_infnan
<LI><a href="#[121]">&gt;&gt;</a>&nbsp;&nbsp;&nbsp;__hardfp_atan
<LI><a href="#[71]">&gt;&gt;</a>&nbsp;&nbsp;&nbsp;__aeabi_dsub
<LI><a href="#[72]">&gt;&gt;</a>&nbsp;&nbsp;&nbsp;__aeabi_drsub
</UL>

<P><STRONG><a name="[71]"></a>__aeabi_dsub</STRONG> (Thumb, 6 bytes, Stack size 0 bytes, dadd.o(.text))
<BR><BR>[Stack]<UL><LI>Max Depth = 88<LI>Call Chain = __aeabi_dsub &rArr; __aeabi_dadd &rArr; _double_epilogue &rArr; _double_round
</UL>
<BR>[Calls]<UL><LI><a href="#[6c]">&gt;&gt;</a>&nbsp;&nbsp;&nbsp;__aeabi_dadd
</UL>
<BR>[Called By]<UL><LI><a href="#[121]">&gt;&gt;</a>&nbsp;&nbsp;&nbsp;__hardfp_atan
<LI><a href="#[7d]">&gt;&gt;</a>&nbsp;&nbsp;&nbsp;__hardfp_atan2
</UL>

<P><STRONG><a name="[72]"></a>__aeabi_drsub</STRONG> (Thumb, 6 bytes, Stack size 0 bytes, dadd.o(.text))
<BR><BR>[Stack]<UL><LI>Max Depth = 88<LI>Call Chain = __aeabi_drsub &rArr; __aeabi_dadd &rArr; _double_epilogue &rArr; _double_round
</UL>
<BR>[Calls]<UL><LI><a href="#[6c]">&gt;&gt;</a>&nbsp;&nbsp;&nbsp;__aeabi_dadd
</UL>
<BR>[Called By]<UL><LI><a href="#[121]">&gt;&gt;</a>&nbsp;&nbsp;&nbsp;__hardfp_atan
<LI><a href="#[7d]">&gt;&gt;</a>&nbsp;&nbsp;&nbsp;__hardfp_atan2
</UL>

<P><STRONG><a name="[73]"></a>__aeabi_dmul</STRONG> (Thumb, 228 bytes, Stack size 48 bytes, dmul.o(.text))
<BR><BR>[Stack]<UL><LI>Max Depth = 88<LI>Call Chain = __aeabi_dmul &rArr; _double_epilogue &rArr; _double_round
</UL>
<BR>[Calls]<UL><LI><a href="#[6f]">&gt;&gt;</a>&nbsp;&nbsp;&nbsp;_double_epilogue
</UL>
<BR>[Called By]<UL><LI><a href="#[ac]">&gt;&gt;</a>&nbsp;&nbsp;&nbsp;BasicProtocolAnalysis
<LI><a href="#[126]">&gt;&gt;</a>&nbsp;&nbsp;&nbsp;__kernel_poly
<LI><a href="#[124]">&gt;&gt;</a>&nbsp;&nbsp;&nbsp;__mathlib_dbl_underflow
<LI><a href="#[121]">&gt;&gt;</a>&nbsp;&nbsp;&nbsp;__hardfp_atan
</UL>

<P><STRONG><a name="[74]"></a>__aeabi_i2d</STRONG> (Thumb, 34 bytes, Stack size 16 bytes, dflti.o(.text))
<BR><BR>[Stack]<UL><LI>Max Depth = 56<LI>Call Chain = __aeabi_i2d &rArr; _double_epilogue &rArr; _double_round
</UL>
<BR>[Calls]<UL><LI><a href="#[6f]">&gt;&gt;</a>&nbsp;&nbsp;&nbsp;_double_epilogue
</UL>
<BR>[Called By]<UL><LI><a href="#[ac]">&gt;&gt;</a>&nbsp;&nbsp;&nbsp;BasicProtocolAnalysis
</UL>

<P><STRONG><a name="[7c]"></a>__aeabi_f2d</STRONG> (Thumb, 38 bytes, Stack size 0 bytes, f2d.o(.text))
<BR><BR>[Called By]<UL><LI><a href="#[7b]">&gt;&gt;</a>&nbsp;&nbsp;&nbsp;AHRSInit
<LI><a href="#[81]">&gt;&gt;</a>&nbsp;&nbsp;&nbsp;AHRSUpdate
</UL>

<P><STRONG><a name="[75]"></a>__aeabi_d2f</STRONG> (Thumb, 56 bytes, Stack size 8 bytes, d2f.o(.text))
<BR><BR>[Stack]<UL><LI>Max Depth = 8<LI>Call Chain = __aeabi_d2f
</UL>
<BR>[Calls]<UL><LI><a href="#[76]">&gt;&gt;</a>&nbsp;&nbsp;&nbsp;_float_round
</UL>
<BR>[Called By]<UL><LI><a href="#[7b]">&gt;&gt;</a>&nbsp;&nbsp;&nbsp;AHRSInit
<LI><a href="#[81]">&gt;&gt;</a>&nbsp;&nbsp;&nbsp;AHRSUpdate
<LI><a href="#[ac]">&gt;&gt;</a>&nbsp;&nbsp;&nbsp;BasicProtocolAnalysis
</UL>

<P><STRONG><a name="[6d]"></a>__aeabi_llsl</STRONG> (Thumb, 30 bytes, Stack size 0 bytes, llshl.o(.text))
<BR><BR>[Called By]<UL><LI><a href="#[6f]">&gt;&gt;</a>&nbsp;&nbsp;&nbsp;_double_epilogue
<LI><a href="#[6c]">&gt;&gt;</a>&nbsp;&nbsp;&nbsp;__aeabi_dadd
</UL>

<P><STRONG><a name="[136]"></a>_ll_shift_l</STRONG> (Thumb, 0 bytes, Stack size 0 bytes, llshl.o(.text), UNUSED)

<P><STRONG><a name="[6e]"></a>__aeabi_lasr</STRONG> (Thumb, 36 bytes, Stack size 0 bytes, llsshr.o(.text))
<BR><BR>[Called By]<UL><LI><a href="#[6c]">&gt;&gt;</a>&nbsp;&nbsp;&nbsp;__aeabi_dadd
</UL>

<P><STRONG><a name="[137]"></a>_ll_sshift_r</STRONG> (Thumb, 0 bytes, Stack size 0 bytes, llsshr.o(.text), UNUSED)

<P><STRONG><a name="[138]"></a>__I$use$fp</STRONG> (Thumb, 0 bytes, Stack size 0 bytes, iusefp.o(.text), UNUSED)

<P><STRONG><a name="[76]"></a>_float_round</STRONG> (Thumb, 18 bytes, Stack size 0 bytes, fepilogue.o(.text))
<BR><BR>[Called By]<UL><LI><a href="#[75]">&gt;&gt;</a>&nbsp;&nbsp;&nbsp;__aeabi_d2f
</UL>

<P><STRONG><a name="[139]"></a>_float_epilogue</STRONG> (Thumb, 92 bytes, Stack size 4 bytes, fepilogue.o(.text), UNUSED)

<P><STRONG><a name="[70]"></a>_double_round</STRONG> (Thumb, 30 bytes, Stack size 8 bytes, depilogue.o(.text))
<BR><BR>[Stack]<UL><LI>Max Depth = 8<LI>Call Chain = _double_round
</UL>
<BR>[Called By]<UL><LI><a href="#[6f]">&gt;&gt;</a>&nbsp;&nbsp;&nbsp;_double_epilogue
<LI><a href="#[79]">&gt;&gt;</a>&nbsp;&nbsp;&nbsp;_dsqrt
<LI><a href="#[78]">&gt;&gt;</a>&nbsp;&nbsp;&nbsp;__aeabi_ddiv
<LI><a href="#[6c]">&gt;&gt;</a>&nbsp;&nbsp;&nbsp;__aeabi_dadd
</UL>

<P><STRONG><a name="[6f]"></a>_double_epilogue</STRONG> (Thumb, 156 bytes, Stack size 32 bytes, depilogue.o(.text))
<BR><BR>[Stack]<UL><LI>Max Depth = 40<LI>Call Chain = _double_epilogue &rArr; _double_round
</UL>
<BR>[Calls]<UL><LI><a href="#[77]">&gt;&gt;</a>&nbsp;&nbsp;&nbsp;__aeabi_llsr
<LI><a href="#[6d]">&gt;&gt;</a>&nbsp;&nbsp;&nbsp;__aeabi_llsl
<LI><a href="#[70]">&gt;&gt;</a>&nbsp;&nbsp;&nbsp;_double_round
</UL>
<BR>[Called By]<UL><LI><a href="#[74]">&gt;&gt;</a>&nbsp;&nbsp;&nbsp;__aeabi_i2d
<LI><a href="#[73]">&gt;&gt;</a>&nbsp;&nbsp;&nbsp;__aeabi_dmul
<LI><a href="#[6c]">&gt;&gt;</a>&nbsp;&nbsp;&nbsp;__aeabi_dadd
</UL>

<P><STRONG><a name="[78]"></a>__aeabi_ddiv</STRONG> (Thumb, 222 bytes, Stack size 32 bytes, ddiv.o(.text))
<BR><BR>[Stack]<UL><LI>Max Depth = 40<LI>Call Chain = __aeabi_ddiv &rArr; _double_round
</UL>
<BR>[Calls]<UL><LI><a href="#[70]">&gt;&gt;</a>&nbsp;&nbsp;&nbsp;_double_round
</UL>
<BR>[Called By]<UL><LI><a href="#[121]">&gt;&gt;</a>&nbsp;&nbsp;&nbsp;__hardfp_atan
<LI><a href="#[7d]">&gt;&gt;</a>&nbsp;&nbsp;&nbsp;__hardfp_atan2
</UL>

<P><STRONG><a name="[79]"></a>_dsqrt</STRONG> (Thumb, 162 bytes, Stack size 32 bytes, dsqrt.o(.text))
<BR><BR>[Stack]<UL><LI>Max Depth = 40<LI>Call Chain = _dsqrt &rArr; _double_round
</UL>
<BR>[Calls]<UL><LI><a href="#[77]">&gt;&gt;</a>&nbsp;&nbsp;&nbsp;__aeabi_llsr
<LI><a href="#[70]">&gt;&gt;</a>&nbsp;&nbsp;&nbsp;_double_round
</UL>
<BR>[Called By]<UL><LI><a href="#[83]">&gt;&gt;</a>&nbsp;&nbsp;&nbsp;__hardfp_sqrt
</UL>

<P><STRONG><a name="[68]"></a>__scatterload</STRONG> (Thumb, 28 bytes, Stack size 0 bytes, init.o(.text))
<BR><BR>[Calls]<UL><LI><a href="#[7a]">&gt;&gt;</a>&nbsp;&nbsp;&nbsp;__main_after_scatterload
</UL>
<BR>[Called By]<UL><LI><a href="#[67]">&gt;&gt;</a>&nbsp;&nbsp;&nbsp;_main_scatterload
</UL>

<P><STRONG><a name="[13a]"></a>__scatterload_rt2</STRONG> (Thumb, 0 bytes, Stack size 0 bytes, init.o(.text), UNUSED)

<P><STRONG><a name="[77]"></a>__aeabi_llsr</STRONG> (Thumb, 32 bytes, Stack size 0 bytes, llushr.o(.text))
<BR><BR>[Called By]<UL><LI><a href="#[6f]">&gt;&gt;</a>&nbsp;&nbsp;&nbsp;_double_epilogue
<LI><a href="#[79]">&gt;&gt;</a>&nbsp;&nbsp;&nbsp;_dsqrt
</UL>

<P><STRONG><a name="[13b]"></a>_ll_ushift_r</STRONG> (Thumb, 0 bytes, Stack size 0 bytes, llushr.o(.text), UNUSED)

<P><STRONG><a name="[13c]"></a>__decompress</STRONG> (Thumb, 0 bytes, Stack size unknown bytes, __dczerorl2.o(.text), UNUSED)

<P><STRONG><a name="[13d]"></a>__decompress1</STRONG> (Thumb, 86 bytes, Stack size unknown bytes, __dczerorl2.o(.text), UNUSED)

<P><STRONG><a name="[7b]"></a>AHRSInit</STRONG> (Thumb, 684 bytes, Stack size 104 bytes, imu.o(i.AHRSInit))
<BR><BR>[Stack]<UL><LI>Max Depth = 320<LI>Call Chain = AHRSInit &rArr; __hardfp_atan2 &rArr; atan &rArr; __hardfp_atan &rArr; __kernel_poly &rArr; __aeabi_dmul &rArr; _double_epilogue &rArr; _double_round
</UL>
<BR>[Calls]<UL><LI><a href="#[7c]">&gt;&gt;</a>&nbsp;&nbsp;&nbsp;__aeabi_f2d
<LI><a href="#[75]">&gt;&gt;</a>&nbsp;&nbsp;&nbsp;__aeabi_d2f
<LI><a href="#[7f]">&gt;&gt;</a>&nbsp;&nbsp;&nbsp;__hardfp_sinf
<LI><a href="#[7e]">&gt;&gt;</a>&nbsp;&nbsp;&nbsp;__hardfp_cosf
<LI><a href="#[80]">&gt;&gt;</a>&nbsp;&nbsp;&nbsp;__hardfp_atan2f
<LI><a href="#[7d]">&gt;&gt;</a>&nbsp;&nbsp;&nbsp;__hardfp_atan2
</UL>
<BR>[Called By]<UL><LI><a href="#[81]">&gt;&gt;</a>&nbsp;&nbsp;&nbsp;AHRSUpdate
</UL>

<P><STRONG><a name="[81]"></a>AHRSUpdate</STRONG> (Thumb, 2116 bytes, Stack size 128 bytes, imu.o(i.AHRSUpdate))
<BR><BR>[Stack]<UL><LI>Max Depth = 448<LI>Call Chain = AHRSUpdate &rArr; AHRSInit &rArr; __hardfp_atan2 &rArr; atan &rArr; __hardfp_atan &rArr; __kernel_poly &rArr; __aeabi_dmul &rArr; _double_epilogue &rArr; _double_round
</UL>
<BR>[Calls]<UL><LI><a href="#[7c]">&gt;&gt;</a>&nbsp;&nbsp;&nbsp;__aeabi_f2d
<LI><a href="#[82]">&gt;&gt;</a>&nbsp;&nbsp;&nbsp;invSqrt
<LI><a href="#[7b]">&gt;&gt;</a>&nbsp;&nbsp;&nbsp;AHRSInit
<LI><a href="#[75]">&gt;&gt;</a>&nbsp;&nbsp;&nbsp;__aeabi_d2f
<LI><a href="#[83]">&gt;&gt;</a>&nbsp;&nbsp;&nbsp;__hardfp_sqrt
<LI><a href="#[80]">&gt;&gt;</a>&nbsp;&nbsp;&nbsp;__hardfp_atan2f
<LI><a href="#[84]">&gt;&gt;</a>&nbsp;&nbsp;&nbsp;__hardfp_asinf
</UL>
<BR>[Called By]<UL><LI><a href="#[ce]">&gt;&gt;</a>&nbsp;&nbsp;&nbsp;Duty_1ms
</UL>

<P><STRONG><a name="[85]"></a>ANO_DT_Send_Check</STRONG> (Thumb, 66 bytes, Stack size 24 bytes, datatransfer.o(i.ANO_DT_Send_Check))
<BR><BR>[Stack]<UL><LI>Max Depth = 40<LI>Call Chain = ANO_DT_Send_Check &rArr; Usart2_Send
</UL>
<BR>[Calls]<UL><LI><a href="#[86]">&gt;&gt;</a>&nbsp;&nbsp;&nbsp;Usart2_Send
</UL>
<BR>[Called By]<UL><LI><a href="#[c9]">&gt;&gt;</a>&nbsp;&nbsp;&nbsp;DatatransferTask
</UL>

<P><STRONG><a name="[87]"></a>ANO_DT_Send_MotoPWM</STRONG> (Thumb, 296 bytes, Stack size 32 bytes, datatransfer.o(i.ANO_DT_Send_MotoPWM))
<BR><BR>[Stack]<UL><LI>Max Depth = 48<LI>Call Chain = ANO_DT_Send_MotoPWM &rArr; Usart2_Send
</UL>
<BR>[Calls]<UL><LI><a href="#[86]">&gt;&gt;</a>&nbsp;&nbsp;&nbsp;Usart2_Send
</UL>
<BR>[Called By]<UL><LI><a href="#[c9]">&gt;&gt;</a>&nbsp;&nbsp;&nbsp;DatatransferTask
</UL>

<P><STRONG><a name="[88]"></a>ANO_DT_Send_PID</STRONG> (Thumb, 564 bytes, Stack size 64 bytes, datatransfer.o(i.ANO_DT_Send_PID))
<BR><BR>[Stack]<UL><LI>Max Depth = 80<LI>Call Chain = ANO_DT_Send_PID &rArr; Usart2_Send
</UL>
<BR>[Calls]<UL><LI><a href="#[86]">&gt;&gt;</a>&nbsp;&nbsp;&nbsp;Usart2_Send
</UL>
<BR>[Called By]<UL><LI><a href="#[c9]">&gt;&gt;</a>&nbsp;&nbsp;&nbsp;DatatransferTask
</UL>

<P><STRONG><a name="[89]"></a>ANO_DT_Send_RCData</STRONG> (Thumb, 352 bytes, Stack size 32 bytes, datatransfer.o(i.ANO_DT_Send_RCData))
<BR><BR>[Stack]<UL><LI>Max Depth = 48<LI>Call Chain = ANO_DT_Send_RCData &rArr; Usart2_Send
</UL>
<BR>[Calls]<UL><LI><a href="#[86]">&gt;&gt;</a>&nbsp;&nbsp;&nbsp;Usart2_Send
</UL>
<BR>[Called By]<UL><LI><a href="#[c9]">&gt;&gt;</a>&nbsp;&nbsp;&nbsp;DatatransferTask
</UL>

<P><STRONG><a name="[8a]"></a>ANO_DT_Send_Senser</STRONG> (Thumb, 406 bytes, Stack size 40 bytes, datatransfer.o(i.ANO_DT_Send_Senser))
<BR><BR>[Stack]<UL><LI>Max Depth = 56<LI>Call Chain = ANO_DT_Send_Senser &rArr; Usart2_Send
</UL>
<BR>[Calls]<UL><LI><a href="#[86]">&gt;&gt;</a>&nbsp;&nbsp;&nbsp;Usart2_Send
</UL>
<BR>[Called By]<UL><LI><a href="#[c9]">&gt;&gt;</a>&nbsp;&nbsp;&nbsp;DatatransferTask
</UL>

<P><STRONG><a name="[8b]"></a>ANO_DT_Send_Status</STRONG> (Thumb, 336 bytes, Stack size 56 bytes, datatransfer.o(i.ANO_DT_Send_Status))
<BR><BR>[Stack]<UL><LI>Max Depth = 72<LI>Call Chain = ANO_DT_Send_Status &rArr; Usart2_Send
</UL>
<BR>[Calls]<UL><LI><a href="#[86]">&gt;&gt;</a>&nbsp;&nbsp;&nbsp;Usart2_Send
</UL>
<BR>[Called By]<UL><LI><a href="#[c9]">&gt;&gt;</a>&nbsp;&nbsp;&nbsp;DatatransferTask
</UL>

<P><STRONG><a name="[8c]"></a>All_Init</STRONG> (Thumb, 152 bytes, Stack size 8 bytes, driver.o(i.All_Init))
<BR><BR>[Stack]<UL><LI>Max Depth = 180<LI>Call Chain = All_Init &rArr; Usart2_Init &rArr; USART_Init &rArr; RCC_GetClocksFreq
</UL>
<BR>[Calls]<UL><LI><a href="#[95]">&gt;&gt;</a>&nbsp;&nbsp;&nbsp;Usart6_Init
<LI><a href="#[94]">&gt;&gt;</a>&nbsp;&nbsp;&nbsp;Usart3_Init
<LI><a href="#[93]">&gt;&gt;</a>&nbsp;&nbsp;&nbsp;Usart2_Init
<LI><a href="#[9f]">&gt;&gt;</a>&nbsp;&nbsp;&nbsp;TIM6_Start
<LI><a href="#[8e]">&gt;&gt;</a>&nbsp;&nbsp;&nbsp;TIM6_Configuration
<LI><a href="#[8f]">&gt;&gt;</a>&nbsp;&nbsp;&nbsp;TIM5_Configuration
<LI><a href="#[9b]">&gt;&gt;</a>&nbsp;&nbsp;&nbsp;SPI5_Init
<LI><a href="#[92]">&gt;&gt;</a>&nbsp;&nbsp;&nbsp;Rc_Init
<LI><a href="#[98]">&gt;&gt;</a>&nbsp;&nbsp;&nbsp;PWM_Init
<LI><a href="#[8d]">&gt;&gt;</a>&nbsp;&nbsp;&nbsp;NVIC_PriorityGroupConfig
<LI><a href="#[9c]">&gt;&gt;</a>&nbsp;&nbsp;&nbsp;MPU6500_Init
<LI><a href="#[91]">&gt;&gt;</a>&nbsp;&nbsp;&nbsp;Led_Configuration
<LI><a href="#[90]">&gt;&gt;</a>&nbsp;&nbsp;&nbsp;InnerLoopInit
<LI><a href="#[9d]">&gt;&gt;</a>&nbsp;&nbsp;&nbsp;IST8310_Init
<LI><a href="#[99]">&gt;&gt;</a>&nbsp;&nbsp;&nbsp;EncoderInit
<LI><a href="#[9e]">&gt;&gt;</a>&nbsp;&nbsp;&nbsp;CheckDog
<LI><a href="#[97]">&gt;&gt;</a>&nbsp;&nbsp;&nbsp;Can2_Init
<LI><a href="#[96]">&gt;&gt;</a>&nbsp;&nbsp;&nbsp;Can1_Init
<LI><a href="#[9a]">&gt;&gt;</a>&nbsp;&nbsp;&nbsp;Delay_ms
</UL>
<BR>[Called By]<UL><LI><a href="#[64]">&gt;&gt;</a>&nbsp;&nbsp;&nbsp;main
</UL>

<P><STRONG><a name="[a0]"></a>AppInit</STRONG> (Thumb, 12 bytes, Stack size 8 bytes, appinit.o(i.AppInit))
<BR><BR>[Stack]<UL><LI>Max Depth = 40<LI>Call Chain = AppInit &rArr; SensorOffsetInit &rArr; BSP_FLASH_Read
</UL>
<BR>[Calls]<UL><LI><a href="#[a1]">&gt;&gt;</a>&nbsp;&nbsp;&nbsp;SensorOffsetInit
<LI><a href="#[a2]">&gt;&gt;</a>&nbsp;&nbsp;&nbsp;ParametersInit
</UL>
<BR>[Called By]<UL><LI><a href="#[64]">&gt;&gt;</a>&nbsp;&nbsp;&nbsp;main
</UL>

<P><STRONG><a name="[a8]"></a>BSP_FLASH_GetFlashSector</STRONG> (Thumb, 116 bytes, Stack size 0 bytes, bsp_flash.o(i.BSP_FLASH_GetFlashSector))
<BR><BR>[Called By]<UL><LI><a href="#[a5]">&gt;&gt;</a>&nbsp;&nbsp;&nbsp;BSP_FLASH_Write
</UL>

<P><STRONG><a name="[a3]"></a>BSP_FLASH_Read</STRONG> (Thumb, 34 bytes, Stack size 24 bytes, bsp_flash.o(i.BSP_FLASH_Read))
<BR><BR>[Stack]<UL><LI>Max Depth = 24<LI>Call Chain = BSP_FLASH_Read
</UL>
<BR>[Calls]<UL><LI><a href="#[a4]">&gt;&gt;</a>&nbsp;&nbsp;&nbsp;BSP_FLASH_ReadByte
</UL>
<BR>[Called By]<UL><LI><a href="#[a1]">&gt;&gt;</a>&nbsp;&nbsp;&nbsp;SensorOffsetInit
</UL>

<P><STRONG><a name="[a5]"></a>BSP_FLASH_Write</STRONG> (Thumb, 168 bytes, Stack size 48 bytes, bsp_flash.o(i.BSP_FLASH_Write))
<BR><BR>[Stack]<UL><LI>Max Depth = 72<LI>Call Chain = BSP_FLASH_Write &rArr; FLASH_EraseSector &rArr; FLASH_WaitForLastOperation
</UL>
<BR>[Calls]<UL><LI><a href="#[a6]">&gt;&gt;</a>&nbsp;&nbsp;&nbsp;FLASH_Unlock
<LI><a href="#[aa]">&gt;&gt;</a>&nbsp;&nbsp;&nbsp;FLASH_ProgramByte
<LI><a href="#[ab]">&gt;&gt;</a>&nbsp;&nbsp;&nbsp;FLASH_Lock
<LI><a href="#[a9]">&gt;&gt;</a>&nbsp;&nbsp;&nbsp;FLASH_EraseSector
<LI><a href="#[a7]">&gt;&gt;</a>&nbsp;&nbsp;&nbsp;FLASH_DataCacheCmd
<LI><a href="#[a8]">&gt;&gt;</a>&nbsp;&nbsp;&nbsp;BSP_FLASH_GetFlashSector
</UL>
<BR>[Called By]<UL><LI><a href="#[f3]">&gt;&gt;</a>&nbsp;&nbsp;&nbsp;ParametersSave
</UL>

<P><STRONG><a name="[ac]"></a>BasicProtocolAnalysis</STRONG> (Thumb, 1486 bytes, Stack size 40 bytes, protocol.o(i.BasicProtocolAnalysis))
<BR><BR>[Stack]<UL><LI>Max Depth = 128<LI>Call Chain = BasicProtocolAnalysis &rArr; __aeabi_dmul &rArr; _double_epilogue &rArr; _double_round
</UL>
<BR>[Calls]<UL><LI><a href="#[74]">&gt;&gt;</a>&nbsp;&nbsp;&nbsp;__aeabi_i2d
<LI><a href="#[73]">&gt;&gt;</a>&nbsp;&nbsp;&nbsp;__aeabi_dmul
<LI><a href="#[75]">&gt;&gt;</a>&nbsp;&nbsp;&nbsp;__aeabi_d2f
<LI><a href="#[a2]">&gt;&gt;</a>&nbsp;&nbsp;&nbsp;ParametersInit
<LI><a href="#[af]">&gt;&gt;</a>&nbsp;&nbsp;&nbsp;IMU_MAGDataCali
<LI><a href="#[ae]">&gt;&gt;</a>&nbsp;&nbsp;&nbsp;IMU_GYRODataCali
<LI><a href="#[ad]">&gt;&gt;</a>&nbsp;&nbsp;&nbsp;IMU_ACCERDataCali
</UL>
<BR>[Called By]<UL><LI><a href="#[108]">&gt;&gt;</a>&nbsp;&nbsp;&nbsp;Usart2_DataPrepare
<LI><a href="#[10a]">&gt;&gt;</a>&nbsp;&nbsp;&nbsp;Usart6_DataPrepare
<LI><a href="#[109]">&gt;&gt;</a>&nbsp;&nbsp;&nbsp;Usart3_DataPrepare
</UL>

<P><STRONG><a name="[5]"></a>BusFault_Handler</STRONG> (Thumb, 4 bytes, Stack size 0 bytes, stm32f4xx_it.o(i.BusFault_Handler))
<BR>[Address Reference Count : 1]<UL><LI> startup_stm32f427_437xx.o(RESET)
</UL>
<P><STRONG><a name="[1f]"></a>CAN1_RX0_IRQHandler</STRONG> (Thumb, 50 bytes, Stack size 24 bytes, can.o(i.CAN1_RX0_IRQHandler))
<BR><BR>[Stack]<UL><LI>Max Depth = 48<LI>Call Chain = CAN1_RX0_IRQHandler &rArr; CanProtocolAnalysis &rArr; EncoderProcess
</UL>
<BR>[Calls]<UL><LI><a href="#[b4]">&gt;&gt;</a>&nbsp;&nbsp;&nbsp;CanProtocolAnalysis
<LI><a href="#[b3]">&gt;&gt;</a>&nbsp;&nbsp;&nbsp;CAN_Receive
<LI><a href="#[b0]">&gt;&gt;</a>&nbsp;&nbsp;&nbsp;CAN_GetITStatus
<LI><a href="#[b1]">&gt;&gt;</a>&nbsp;&nbsp;&nbsp;CAN_ClearITPendingBit
<LI><a href="#[b2]">&gt;&gt;</a>&nbsp;&nbsp;&nbsp;CAN_ClearFlag
</UL>
<BR>[Address Reference Count : 1]<UL><LI> startup_stm32f427_437xx.o(RESET)
</UL>
<P><STRONG><a name="[1e]"></a>CAN1_TX_IRQHandler</STRONG> (Thumb, 22 bytes, Stack size 8 bytes, can.o(i.CAN1_TX_IRQHandler))
<BR><BR>[Stack]<UL><LI>Max Depth = 24<LI>Call Chain = CAN1_TX_IRQHandler &rArr; CAN_GetITStatus
</UL>
<BR>[Calls]<UL><LI><a href="#[b0]">&gt;&gt;</a>&nbsp;&nbsp;&nbsp;CAN_GetITStatus
<LI><a href="#[b1]">&gt;&gt;</a>&nbsp;&nbsp;&nbsp;CAN_ClearITPendingBit
</UL>
<BR>[Address Reference Count : 1]<UL><LI> startup_stm32f427_437xx.o(RESET)
</UL>
<P><STRONG><a name="[4b]"></a>CAN2_RX0_IRQHandler</STRONG> (Thumb, 42 bytes, Stack size 24 bytes, can.o(i.CAN2_RX0_IRQHandler))
<BR><BR>[Stack]<UL><LI>Max Depth = 48<LI>Call Chain = CAN2_RX0_IRQHandler &rArr; CanProtocolAnalysis &rArr; EncoderProcess
</UL>
<BR>[Calls]<UL><LI><a href="#[b4]">&gt;&gt;</a>&nbsp;&nbsp;&nbsp;CanProtocolAnalysis
<LI><a href="#[b3]">&gt;&gt;</a>&nbsp;&nbsp;&nbsp;CAN_Receive
<LI><a href="#[b0]">&gt;&gt;</a>&nbsp;&nbsp;&nbsp;CAN_GetITStatus
<LI><a href="#[b1]">&gt;&gt;</a>&nbsp;&nbsp;&nbsp;CAN_ClearITPendingBit
</UL>
<BR>[Address Reference Count : 1]<UL><LI> startup_stm32f427_437xx.o(RESET)
</UL>
<P><STRONG><a name="[4a]"></a>CAN2_TX_IRQHandler</STRONG> (Thumb, 22 bytes, Stack size 8 bytes, can.o(i.CAN2_TX_IRQHandler))
<BR><BR>[Stack]<UL><LI>Max Depth = 24<LI>Call Chain = CAN2_TX_IRQHandler &rArr; CAN_GetITStatus
</UL>
<BR>[Calls]<UL><LI><a href="#[b0]">&gt;&gt;</a>&nbsp;&nbsp;&nbsp;CAN_GetITStatus
<LI><a href="#[b1]">&gt;&gt;</a>&nbsp;&nbsp;&nbsp;CAN_ClearITPendingBit
</UL>
<BR>[Address Reference Count : 1]<UL><LI> startup_stm32f427_437xx.o(RESET)
</UL>
<P><STRONG><a name="[b2]"></a>CAN_ClearFlag</STRONG> (Thumb, 52 bytes, Stack size 0 bytes, stm32f4xx_can.o(i.CAN_ClearFlag))
<BR><BR>[Called By]<UL><LI><a href="#[1f]">&gt;&gt;</a>&nbsp;&nbsp;&nbsp;CAN1_RX0_IRQHandler
</UL>

<P><STRONG><a name="[b1]"></a>CAN_ClearITPendingBit</STRONG> (Thumb, 162 bytes, Stack size 0 bytes, stm32f4xx_can.o(i.CAN_ClearITPendingBit))
<BR><BR>[Called By]<UL><LI><a href="#[4a]">&gt;&gt;</a>&nbsp;&nbsp;&nbsp;CAN2_TX_IRQHandler
<LI><a href="#[4b]">&gt;&gt;</a>&nbsp;&nbsp;&nbsp;CAN2_RX0_IRQHandler
<LI><a href="#[1e]">&gt;&gt;</a>&nbsp;&nbsp;&nbsp;CAN1_TX_IRQHandler
<LI><a href="#[1f]">&gt;&gt;</a>&nbsp;&nbsp;&nbsp;CAN1_RX0_IRQHandler
</UL>

<P><STRONG><a name="[b5]"></a>CAN_DeInit</STRONG> (Thumb, 50 bytes, Stack size 8 bytes, stm32f4xx_can.o(i.CAN_DeInit))
<BR><BR>[Stack]<UL><LI>Max Depth = 8<LI>Call Chain = CAN_DeInit
</UL>
<BR>[Calls]<UL><LI><a href="#[b6]">&gt;&gt;</a>&nbsp;&nbsp;&nbsp;RCC_APB1PeriphResetCmd
</UL>
<BR>[Called By]<UL><LI><a href="#[97]">&gt;&gt;</a>&nbsp;&nbsp;&nbsp;Can2_Init
<LI><a href="#[96]">&gt;&gt;</a>&nbsp;&nbsp;&nbsp;Can1_Init
</UL>

<P><STRONG><a name="[bf]"></a>CAN_FilterInit</STRONG> (Thumb, 258 bytes, Stack size 8 bytes, stm32f4xx_can.o(i.CAN_FilterInit))
<BR><BR>[Stack]<UL><LI>Max Depth = 8<LI>Call Chain = CAN_FilterInit
</UL>
<BR>[Called By]<UL><LI><a href="#[97]">&gt;&gt;</a>&nbsp;&nbsp;&nbsp;Can2_Init
<LI><a href="#[96]">&gt;&gt;</a>&nbsp;&nbsp;&nbsp;Can1_Init
</UL>

<P><STRONG><a name="[b0]"></a>CAN_GetITStatus</STRONG> (Thumb, 284 bytes, Stack size 16 bytes, stm32f4xx_can.o(i.CAN_GetITStatus))
<BR><BR>[Stack]<UL><LI>Max Depth = 16<LI>Call Chain = CAN_GetITStatus
</UL>
<BR>[Calls]<UL><LI><a href="#[b7]">&gt;&gt;</a>&nbsp;&nbsp;&nbsp;CheckITStatus
</UL>
<BR>[Called By]<UL><LI><a href="#[4a]">&gt;&gt;</a>&nbsp;&nbsp;&nbsp;CAN2_TX_IRQHandler
<LI><a href="#[4b]">&gt;&gt;</a>&nbsp;&nbsp;&nbsp;CAN2_RX0_IRQHandler
<LI><a href="#[1e]">&gt;&gt;</a>&nbsp;&nbsp;&nbsp;CAN1_TX_IRQHandler
<LI><a href="#[1f]">&gt;&gt;</a>&nbsp;&nbsp;&nbsp;CAN1_RX0_IRQHandler
</UL>

<P><STRONG><a name="[c0]"></a>CAN_ITConfig</STRONG> (Thumb, 18 bytes, Stack size 0 bytes, stm32f4xx_can.o(i.CAN_ITConfig))
<BR><BR>[Called By]<UL><LI><a href="#[97]">&gt;&gt;</a>&nbsp;&nbsp;&nbsp;Can2_Init
<LI><a href="#[96]">&gt;&gt;</a>&nbsp;&nbsp;&nbsp;Can1_Init
</UL>

<P><STRONG><a name="[be]"></a>CAN_Init</STRONG> (Thumb, 276 bytes, Stack size 12 bytes, stm32f4xx_can.o(i.CAN_Init))
<BR><BR>[Stack]<UL><LI>Max Depth = 12<LI>Call Chain = CAN_Init
</UL>
<BR>[Called By]<UL><LI><a href="#[97]">&gt;&gt;</a>&nbsp;&nbsp;&nbsp;Can2_Init
<LI><a href="#[96]">&gt;&gt;</a>&nbsp;&nbsp;&nbsp;Can1_Init
</UL>

<P><STRONG><a name="[b3]"></a>CAN_Receive</STRONG> (Thumb, 240 bytes, Stack size 8 bytes, stm32f4xx_can.o(i.CAN_Receive))
<BR><BR>[Stack]<UL><LI>Max Depth = 8<LI>Call Chain = CAN_Receive
</UL>
<BR>[Called By]<UL><LI><a href="#[4b]">&gt;&gt;</a>&nbsp;&nbsp;&nbsp;CAN2_RX0_IRQHandler
<LI><a href="#[1f]">&gt;&gt;</a>&nbsp;&nbsp;&nbsp;CAN1_RX0_IRQHandler
</UL>

<P><STRONG><a name="[bd]"></a>CAN_StructInit</STRONG> (Thumb, 32 bytes, Stack size 0 bytes, stm32f4xx_can.o(i.CAN_StructInit))
<BR><BR>[Called By]<UL><LI><a href="#[97]">&gt;&gt;</a>&nbsp;&nbsp;&nbsp;Can2_Init
<LI><a href="#[96]">&gt;&gt;</a>&nbsp;&nbsp;&nbsp;Can1_Init
</UL>

<P><STRONG><a name="[c8]"></a>CAN_Transmit</STRONG> (Thumb, 294 bytes, Stack size 8 bytes, stm32f4xx_can.o(i.CAN_Transmit))
<BR><BR>[Stack]<UL><LI>Max Depth = 8<LI>Call Chain = CAN_Transmit
</UL>
<BR>[Called By]<UL><LI><a href="#[c7]">&gt;&gt;</a>&nbsp;&nbsp;&nbsp;ChassisSpeedSet
</UL>

<P><STRONG><a name="[96]"></a>Can1_Init</STRONG> (Thumb, 262 bytes, Stack size 48 bytes, can.o(i.Can1_Init))
<BR><BR>[Stack]<UL><LI>Max Depth = 68<LI>Call Chain = Can1_Init &rArr; GPIO_PinAFConfig
</UL>
<BR>[Calls]<UL><LI><a href="#[b9]">&gt;&gt;</a>&nbsp;&nbsp;&nbsp;RCC_APB1PeriphClockCmd
<LI><a href="#[b8]">&gt;&gt;</a>&nbsp;&nbsp;&nbsp;RCC_AHB1PeriphClockCmd
<LI><a href="#[bc]">&gt;&gt;</a>&nbsp;&nbsp;&nbsp;NVIC_Init
<LI><a href="#[ba]">&gt;&gt;</a>&nbsp;&nbsp;&nbsp;GPIO_PinAFConfig
<LI><a href="#[bb]">&gt;&gt;</a>&nbsp;&nbsp;&nbsp;GPIO_Init
<LI><a href="#[bd]">&gt;&gt;</a>&nbsp;&nbsp;&nbsp;CAN_StructInit
<LI><a href="#[be]">&gt;&gt;</a>&nbsp;&nbsp;&nbsp;CAN_Init
<LI><a href="#[c0]">&gt;&gt;</a>&nbsp;&nbsp;&nbsp;CAN_ITConfig
<LI><a href="#[bf]">&gt;&gt;</a>&nbsp;&nbsp;&nbsp;CAN_FilterInit
<LI><a href="#[b5]">&gt;&gt;</a>&nbsp;&nbsp;&nbsp;CAN_DeInit
</UL>
<BR>[Called By]<UL><LI><a href="#[8c]">&gt;&gt;</a>&nbsp;&nbsp;&nbsp;All_Init
</UL>

<P><STRONG><a name="[97]"></a>Can2_Init</STRONG> (Thumb, 266 bytes, Stack size 48 bytes, can.o(i.Can2_Init))
<BR><BR>[Stack]<UL><LI>Max Depth = 68<LI>Call Chain = Can2_Init &rArr; GPIO_PinAFConfig
</UL>
<BR>[Calls]<UL><LI><a href="#[b9]">&gt;&gt;</a>&nbsp;&nbsp;&nbsp;RCC_APB1PeriphClockCmd
<LI><a href="#[b8]">&gt;&gt;</a>&nbsp;&nbsp;&nbsp;RCC_AHB1PeriphClockCmd
<LI><a href="#[bc]">&gt;&gt;</a>&nbsp;&nbsp;&nbsp;NVIC_Init
<LI><a href="#[ba]">&gt;&gt;</a>&nbsp;&nbsp;&nbsp;GPIO_PinAFConfig
<LI><a href="#[bb]">&gt;&gt;</a>&nbsp;&nbsp;&nbsp;GPIO_Init
<LI><a href="#[bd]">&gt;&gt;</a>&nbsp;&nbsp;&nbsp;CAN_StructInit
<LI><a href="#[be]">&gt;&gt;</a>&nbsp;&nbsp;&nbsp;CAN_Init
<LI><a href="#[c0]">&gt;&gt;</a>&nbsp;&nbsp;&nbsp;CAN_ITConfig
<LI><a href="#[bf]">&gt;&gt;</a>&nbsp;&nbsp;&nbsp;CAN_FilterInit
<LI><a href="#[b5]">&gt;&gt;</a>&nbsp;&nbsp;&nbsp;CAN_DeInit
</UL>
<BR>[Called By]<UL><LI><a href="#[8c]">&gt;&gt;</a>&nbsp;&nbsp;&nbsp;All_Init
</UL>

<P><STRONG><a name="[b4]"></a>CanProtocolAnalysis</STRONG> (Thumb, 628 bytes, Stack size 8 bytes, protocol.o(i.CanProtocolAnalysis))
<BR><BR>[Stack]<UL><LI>Max Depth = 24<LI>Call Chain = CanProtocolAnalysis &rArr; EncoderProcess
</UL>
<BR>[Calls]<UL><LI><a href="#[c1]">&gt;&gt;</a>&nbsp;&nbsp;&nbsp;FeedDog
<LI><a href="#[c4]">&gt;&gt;</a>&nbsp;&nbsp;&nbsp;GetWSCurrent
<LI><a href="#[c2]">&gt;&gt;</a>&nbsp;&nbsp;&nbsp;GetEncoderBias
<LI><a href="#[c3]">&gt;&gt;</a>&nbsp;&nbsp;&nbsp;EncoderProcess
</UL>
<BR>[Called By]<UL><LI><a href="#[4b]">&gt;&gt;</a>&nbsp;&nbsp;&nbsp;CAN2_RX0_IRQHandler
<LI><a href="#[1f]">&gt;&gt;</a>&nbsp;&nbsp;&nbsp;CAN1_RX0_IRQHandler
</UL>

<P><STRONG><a name="[c5]"></a>ChassisControl</STRONG> (Thumb, 632 bytes, Stack size 16 bytes, controltask.o(i.ChassisControl))
<BR><BR>[Stack]<UL><LI>Max Depth = 72<LI>Call Chain = ChassisControl &rArr; ChassisSpeedSet &rArr; CAN_Transmit
</UL>
<BR>[Calls]<UL><LI><a href="#[c6]">&gt;&gt;</a>&nbsp;&nbsp;&nbsp;PID_calculate
<LI><a href="#[c7]">&gt;&gt;</a>&nbsp;&nbsp;&nbsp;ChassisSpeedSet
</UL>
<BR>[Called By]<UL><LI><a href="#[d5]">&gt;&gt;</a>&nbsp;&nbsp;&nbsp;Duty_5ms
</UL>

<P><STRONG><a name="[c7]"></a>ChassisSpeedSet</STRONG> (Thumb, 92 bytes, Stack size 48 bytes, cantask.o(i.ChassisSpeedSet))
<BR><BR>[Stack]<UL><LI>Max Depth = 56<LI>Call Chain = ChassisSpeedSet &rArr; CAN_Transmit
</UL>
<BR>[Calls]<UL><LI><a href="#[c8]">&gt;&gt;</a>&nbsp;&nbsp;&nbsp;CAN_Transmit
</UL>
<BR>[Called By]<UL><LI><a href="#[c5]">&gt;&gt;</a>&nbsp;&nbsp;&nbsp;ChassisControl
</UL>

<P><STRONG><a name="[9e]"></a>CheckDog</STRONG> (Thumb, 84 bytes, Stack size 4 bytes, selfcheck.o(i.CheckDog))
<BR><BR>[Stack]<UL><LI>Max Depth = 4<LI>Call Chain = CheckDog
</UL>
<BR>[Calls]<UL><LI><a href="#[c1]">&gt;&gt;</a>&nbsp;&nbsp;&nbsp;FeedDog
</UL>
<BR>[Called By]<UL><LI><a href="#[8c]">&gt;&gt;</a>&nbsp;&nbsp;&nbsp;All_Init
<LI><a href="#[d5]">&gt;&gt;</a>&nbsp;&nbsp;&nbsp;Duty_5ms
</UL>

<P><STRONG><a name="[11a]"></a>DMA_ClearFlag</STRONG> (Thumb, 38 bytes, Stack size 0 bytes, stm32f4xx_dma.o(i.DMA_ClearFlag))
<BR><BR>[Called By]<UL><LI><a href="#[86]">&gt;&gt;</a>&nbsp;&nbsp;&nbsp;Usart2_Send
</UL>

<P><STRONG><a name="[105]"></a>DMA_Cmd</STRONG> (Thumb, 22 bytes, Stack size 0 bytes, stm32f4xx_dma.o(i.DMA_Cmd))
<BR><BR>[Called By]<UL><LI><a href="#[86]">&gt;&gt;</a>&nbsp;&nbsp;&nbsp;Usart2_Send
<LI><a href="#[f6]">&gt;&gt;</a>&nbsp;&nbsp;&nbsp;Usart1_Init
<LI><a href="#[30]">&gt;&gt;</a>&nbsp;&nbsp;&nbsp;USART1_IRQHandler
</UL>

<P><STRONG><a name="[111]"></a>DMA_DeInit</STRONG> (Thumb, 324 bytes, Stack size 0 bytes, stm32f4xx_dma.o(i.DMA_DeInit))
<BR><BR>[Called By]<UL><LI><a href="#[f6]">&gt;&gt;</a>&nbsp;&nbsp;&nbsp;Usart1_Init
<LI><a href="#[93]">&gt;&gt;</a>&nbsp;&nbsp;&nbsp;Usart2_Init
</UL>

<P><STRONG><a name="[115]"></a>DMA_DoubleBufferModeCmd</STRONG> (Thumb, 22 bytes, Stack size 0 bytes, stm32f4xx_dma.o(i.DMA_DoubleBufferModeCmd))
<BR><BR>[Called By]<UL><LI><a href="#[f6]">&gt;&gt;</a>&nbsp;&nbsp;&nbsp;Usart1_Init
</UL>

<P><STRONG><a name="[114]"></a>DMA_DoubleBufferModeConfig</STRONG> (Thumb, 24 bytes, Stack size 0 bytes, stm32f4xx_dma.o(i.DMA_DoubleBufferModeConfig))
<BR><BR>[Called By]<UL><LI><a href="#[f6]">&gt;&gt;</a>&nbsp;&nbsp;&nbsp;Usart1_Init
</UL>

<P><STRONG><a name="[119]"></a>DMA_GetCmdStatus</STRONG> (Thumb, 20 bytes, Stack size 0 bytes, stm32f4xx_dma.o(i.DMA_GetCmdStatus))
<BR><BR>[Called By]<UL><LI><a href="#[86]">&gt;&gt;</a>&nbsp;&nbsp;&nbsp;Usart2_Send
<LI><a href="#[93]">&gt;&gt;</a>&nbsp;&nbsp;&nbsp;Usart2_Init
</UL>

<P><STRONG><a name="[106]"></a>DMA_GetCurrDataCounter</STRONG> (Thumb, 8 bytes, Stack size 0 bytes, stm32f4xx_dma.o(i.DMA_GetCurrDataCounter))
<BR><BR>[Called By]<UL><LI><a href="#[86]">&gt;&gt;</a>&nbsp;&nbsp;&nbsp;Usart2_Send
<LI><a href="#[30]">&gt;&gt;</a>&nbsp;&nbsp;&nbsp;USART1_IRQHandler
</UL>

<P><STRONG><a name="[104]"></a>DMA_GetCurrentMemoryTarget</STRONG> (Thumb, 20 bytes, Stack size 0 bytes, stm32f4xx_dma.o(i.DMA_GetCurrentMemoryTarget))
<BR><BR>[Called By]<UL><LI><a href="#[30]">&gt;&gt;</a>&nbsp;&nbsp;&nbsp;USART1_IRQHandler
</UL>

<P><STRONG><a name="[113]"></a>DMA_Init</STRONG> (Thumb, 82 bytes, Stack size 8 bytes, stm32f4xx_dma.o(i.DMA_Init))
<BR><BR>[Stack]<UL><LI>Max Depth = 8<LI>Call Chain = DMA_Init
</UL>
<BR>[Called By]<UL><LI><a href="#[f6]">&gt;&gt;</a>&nbsp;&nbsp;&nbsp;Usart1_Init
<LI><a href="#[93]">&gt;&gt;</a>&nbsp;&nbsp;&nbsp;Usart2_Init
</UL>

<P><STRONG><a name="[112]"></a>DMA_StructInit</STRONG> (Thumb, 34 bytes, Stack size 0 bytes, stm32f4xx_dma.o(i.DMA_StructInit))
<BR><BR>[Called By]<UL><LI><a href="#[f6]">&gt;&gt;</a>&nbsp;&nbsp;&nbsp;Usart1_Init
</UL>

<P><STRONG><a name="[c9]"></a>DatatransferTask</STRONG> (Thumb, 870 bytes, Stack size 40 bytes, datatransfer.o(i.DatatransferTask))
<BR><BR>[Stack]<UL><LI>Max Depth = 120<LI>Call Chain = DatatransferTask &rArr; ANO_DT_Send_PID &rArr; Usart2_Send
</UL>
<BR>[Calls]<UL><LI><a href="#[8b]">&gt;&gt;</a>&nbsp;&nbsp;&nbsp;ANO_DT_Send_Status
<LI><a href="#[8a]">&gt;&gt;</a>&nbsp;&nbsp;&nbsp;ANO_DT_Send_Senser
<LI><a href="#[89]">&gt;&gt;</a>&nbsp;&nbsp;&nbsp;ANO_DT_Send_RCData
<LI><a href="#[88]">&gt;&gt;</a>&nbsp;&nbsp;&nbsp;ANO_DT_Send_PID
<LI><a href="#[87]">&gt;&gt;</a>&nbsp;&nbsp;&nbsp;ANO_DT_Send_MotoPWM
<LI><a href="#[85]">&gt;&gt;</a>&nbsp;&nbsp;&nbsp;ANO_DT_Send_Check
</UL>
<BR>[Called By]<UL><LI><a href="#[ce]">&gt;&gt;</a>&nbsp;&nbsp;&nbsp;Duty_1ms
</UL>

<P><STRONG><a name="[8]"></a>DebugMon_Handler</STRONG> (Thumb, 2 bytes, Stack size 0 bytes, stm32f4xx_it.o(i.DebugMon_Handler))
<BR>[Address Reference Count : 1]<UL><LI> startup_stm32f427_437xx.o(RESET)
</UL>
<P><STRONG><a name="[9a]"></a>Delay_ms</STRONG> (Thumb, 24 bytes, Stack size 4 bytes, timer.o(i.Delay_ms))
<BR><BR>[Stack]<UL><LI>Max Depth = 4<LI>Call Chain = Delay_ms
</UL>
<BR>[Calls]<UL><LI><a href="#[ca]">&gt;&gt;</a>&nbsp;&nbsp;&nbsp;Delay_us
</UL>
<BR>[Called By]<UL><LI><a href="#[9c]">&gt;&gt;</a>&nbsp;&nbsp;&nbsp;MPU6500_Init
<LI><a href="#[9d]">&gt;&gt;</a>&nbsp;&nbsp;&nbsp;IST8310_Init
<LI><a href="#[8c]">&gt;&gt;</a>&nbsp;&nbsp;&nbsp;All_Init
<LI><a href="#[64]">&gt;&gt;</a>&nbsp;&nbsp;&nbsp;main
<LI><a href="#[e3]">&gt;&gt;</a>&nbsp;&nbsp;&nbsp;MPU_Auto_Read_IST_config
<LI><a href="#[e1]">&gt;&gt;</a>&nbsp;&nbsp;&nbsp;IST_Reg_Write_By_MPU
<LI><a href="#[e2]">&gt;&gt;</a>&nbsp;&nbsp;&nbsp;IST_Reg_Read_By_MPU
</UL>

<P><STRONG><a name="[ca]"></a>Delay_us</STRONG> (Thumb, 18 bytes, Stack size 0 bytes, timer.o(i.Delay_us))
<BR><BR>[Called By]<UL><LI><a href="#[9a]">&gt;&gt;</a>&nbsp;&nbsp;&nbsp;Delay_ms
<LI><a href="#[df]">&gt;&gt;</a>&nbsp;&nbsp;&nbsp;IST8310_getRawEX
</UL>

<P><STRONG><a name="[d8]"></a>Duty_loop</STRONG> (Thumb, 160 bytes, Stack size 8 bytes, dutytasks.o(i.Duty_loop))
<BR><BR>[Stack]<UL><LI>Max Depth = 472<LI>Call Chain = Duty_loop &rArr; Duty_1ms &rArr; AHRSUpdate &rArr; AHRSInit &rArr; __hardfp_atan2 &rArr; atan &rArr; __hardfp_atan &rArr; __kernel_poly &rArr; __aeabi_dmul &rArr; _double_epilogue &rArr; _double_round
</UL>
<BR>[Calls]<UL><LI><a href="#[cc]">&gt;&gt;</a>&nbsp;&nbsp;&nbsp;GetInnerLoop
<LI><a href="#[c1]">&gt;&gt;</a>&nbsp;&nbsp;&nbsp;FeedDog
<LI><a href="#[d5]">&gt;&gt;</a>&nbsp;&nbsp;&nbsp;Duty_5ms
<LI><a href="#[d3]">&gt;&gt;</a>&nbsp;&nbsp;&nbsp;Duty_50ms
<LI><a href="#[d2]">&gt;&gt;</a>&nbsp;&nbsp;&nbsp;Duty_2ms
<LI><a href="#[d1]">&gt;&gt;</a>&nbsp;&nbsp;&nbsp;Duty_20ms
<LI><a href="#[ce]">&gt;&gt;</a>&nbsp;&nbsp;&nbsp;Duty_1ms
<LI><a href="#[cb]">&gt;&gt;</a>&nbsp;&nbsp;&nbsp;Duty_10ms
</UL>
<BR>[Called By]<UL><LI><a href="#[41]">&gt;&gt;</a>&nbsp;&nbsp;&nbsp;TIM6_DAC_IRQHandler
</UL>

<P><STRONG><a name="[99]"></a>EncoderInit</STRONG> (Thumb, 2 bytes, Stack size 0 bytes, encoder.o(i.EncoderInit))
<BR><BR>[Called By]<UL><LI><a href="#[8c]">&gt;&gt;</a>&nbsp;&nbsp;&nbsp;All_Init
</UL>

<P><STRONG><a name="[c3]"></a>EncoderProcess</STRONG> (Thumb, 202 bytes, Stack size 16 bytes, cantask.o(i.EncoderProcess))
<BR><BR>[Stack]<UL><LI>Max Depth = 16<LI>Call Chain = EncoderProcess
</UL>
<BR>[Called By]<UL><LI><a href="#[b4]">&gt;&gt;</a>&nbsp;&nbsp;&nbsp;CanProtocolAnalysis
</UL>

<P><STRONG><a name="[a7]"></a>FLASH_DataCacheCmd</STRONG> (Thumb, 30 bytes, Stack size 0 bytes, stm32f4xx_flash.o(i.FLASH_DataCacheCmd))
<BR><BR>[Called By]<UL><LI><a href="#[a5]">&gt;&gt;</a>&nbsp;&nbsp;&nbsp;BSP_FLASH_Write
</UL>

<P><STRONG><a name="[a9]"></a>FLASH_EraseSector</STRONG> (Thumb, 130 bytes, Stack size 16 bytes, stm32f4xx_flash.o(i.FLASH_EraseSector))
<BR><BR>[Stack]<UL><LI>Max Depth = 24<LI>Call Chain = FLASH_EraseSector &rArr; FLASH_WaitForLastOperation
</UL>
<BR>[Calls]<UL><LI><a href="#[d9]">&gt;&gt;</a>&nbsp;&nbsp;&nbsp;FLASH_WaitForLastOperation
</UL>
<BR>[Called By]<UL><LI><a href="#[a5]">&gt;&gt;</a>&nbsp;&nbsp;&nbsp;BSP_FLASH_Write
</UL>

<P><STRONG><a name="[da]"></a>FLASH_GetStatus</STRONG> (Thumb, 66 bytes, Stack size 0 bytes, stm32f4xx_flash.o(i.FLASH_GetStatus))
<BR><BR>[Called By]<UL><LI><a href="#[d9]">&gt;&gt;</a>&nbsp;&nbsp;&nbsp;FLASH_WaitForLastOperation
</UL>

<P><STRONG><a name="[ab]"></a>FLASH_Lock</STRONG> (Thumb, 14 bytes, Stack size 0 bytes, stm32f4xx_flash.o(i.FLASH_Lock))
<BR><BR>[Called By]<UL><LI><a href="#[a5]">&gt;&gt;</a>&nbsp;&nbsp;&nbsp;BSP_FLASH_Write
</UL>

<P><STRONG><a name="[aa]"></a>FLASH_ProgramByte</STRONG> (Thumb, 70 bytes, Stack size 12 bytes, stm32f4xx_flash.o(i.FLASH_ProgramByte))
<BR><BR>[Stack]<UL><LI>Max Depth = 20<LI>Call Chain = FLASH_ProgramByte &rArr; FLASH_WaitForLastOperation
</UL>
<BR>[Calls]<UL><LI><a href="#[d9]">&gt;&gt;</a>&nbsp;&nbsp;&nbsp;FLASH_WaitForLastOperation
</UL>
<BR>[Called By]<UL><LI><a href="#[a5]">&gt;&gt;</a>&nbsp;&nbsp;&nbsp;BSP_FLASH_Write
</UL>

<P><STRONG><a name="[a6]"></a>FLASH_Unlock</STRONG> (Thumb, 24 bytes, Stack size 0 bytes, stm32f4xx_flash.o(i.FLASH_Unlock))
<BR><BR>[Called By]<UL><LI><a href="#[a5]">&gt;&gt;</a>&nbsp;&nbsp;&nbsp;BSP_FLASH_Write
</UL>

<P><STRONG><a name="[d9]"></a>FLASH_WaitForLastOperation</STRONG> (Thumb, 34 bytes, Stack size 8 bytes, stm32f4xx_flash.o(i.FLASH_WaitForLastOperation))
<BR><BR>[Stack]<UL><LI>Max Depth = 8<LI>Call Chain = FLASH_WaitForLastOperation
</UL>
<BR>[Calls]<UL><LI><a href="#[da]">&gt;&gt;</a>&nbsp;&nbsp;&nbsp;FLASH_GetStatus
</UL>
<BR>[Called By]<UL><LI><a href="#[aa]">&gt;&gt;</a>&nbsp;&nbsp;&nbsp;FLASH_ProgramByte
<LI><a href="#[a9]">&gt;&gt;</a>&nbsp;&nbsp;&nbsp;FLASH_EraseSector
</UL>

<P><STRONG><a name="[c1]"></a>FeedDog</STRONG> (Thumb, 24 bytes, Stack size 0 bytes, selfcheck.o(i.FeedDog))
<BR><BR>[Called By]<UL><LI><a href="#[d8]">&gt;&gt;</a>&nbsp;&nbsp;&nbsp;Duty_loop
<LI><a href="#[30]">&gt;&gt;</a>&nbsp;&nbsp;&nbsp;USART1_IRQHandler
<LI><a href="#[9e]">&gt;&gt;</a>&nbsp;&nbsp;&nbsp;CheckDog
<LI><a href="#[b4]">&gt;&gt;</a>&nbsp;&nbsp;&nbsp;CanProtocolAnalysis
</UL>

<P><STRONG><a name="[cd]"></a>FireControl</STRONG> (Thumb, 2 bytes, Stack size 0 bytes, controltask.o(i.FireControl))
<BR><BR>[Called By]<UL><LI><a href="#[cb]">&gt;&gt;</a>&nbsp;&nbsp;&nbsp;Duty_10ms
</UL>

<P><STRONG><a name="[bb]"></a>GPIO_Init</STRONG> (Thumb, 144 bytes, Stack size 20 bytes, stm32f4xx_gpio.o(i.GPIO_Init))
<BR><BR>[Stack]<UL><LI>Max Depth = 20<LI>Call Chain = GPIO_Init
</UL>
<BR>[Called By]<UL><LI><a href="#[f6]">&gt;&gt;</a>&nbsp;&nbsp;&nbsp;Usart1_Init
<LI><a href="#[93]">&gt;&gt;</a>&nbsp;&nbsp;&nbsp;Usart2_Init
<LI><a href="#[9b]">&gt;&gt;</a>&nbsp;&nbsp;&nbsp;SPI5_Init
<LI><a href="#[98]">&gt;&gt;</a>&nbsp;&nbsp;&nbsp;PWM_Init
<LI><a href="#[91]">&gt;&gt;</a>&nbsp;&nbsp;&nbsp;Led_Configuration
<LI><a href="#[97]">&gt;&gt;</a>&nbsp;&nbsp;&nbsp;Can2_Init
<LI><a href="#[96]">&gt;&gt;</a>&nbsp;&nbsp;&nbsp;Can1_Init
</UL>

<P><STRONG><a name="[ba]"></a>GPIO_PinAFConfig</STRONG> (Thumb, 70 bytes, Stack size 20 bytes, stm32f4xx_gpio.o(i.GPIO_PinAFConfig))
<BR><BR>[Stack]<UL><LI>Max Depth = 20<LI>Call Chain = GPIO_PinAFConfig
</UL>
<BR>[Called By]<UL><LI><a href="#[f6]">&gt;&gt;</a>&nbsp;&nbsp;&nbsp;Usart1_Init
<LI><a href="#[93]">&gt;&gt;</a>&nbsp;&nbsp;&nbsp;Usart2_Init
<LI><a href="#[9b]">&gt;&gt;</a>&nbsp;&nbsp;&nbsp;SPI5_Init
<LI><a href="#[98]">&gt;&gt;</a>&nbsp;&nbsp;&nbsp;PWM_Init
<LI><a href="#[97]">&gt;&gt;</a>&nbsp;&nbsp;&nbsp;Can2_Init
<LI><a href="#[96]">&gt;&gt;</a>&nbsp;&nbsp;&nbsp;Can1_Init
</UL>

<P><STRONG><a name="[e5]"></a>GPIO_ResetBits</STRONG> (Thumb, 4 bytes, Stack size 0 bytes, stm32f4xx_gpio.o(i.GPIO_ResetBits))
<BR><BR>[Called By]<UL><LI><a href="#[91]">&gt;&gt;</a>&nbsp;&nbsp;&nbsp;Led_Configuration
<LI><a href="#[e9]">&gt;&gt;</a>&nbsp;&nbsp;&nbsp;MPU6500_ReadValueRaw
<LI><a href="#[e0]">&gt;&gt;</a>&nbsp;&nbsp;&nbsp;MPU6500_Write_Reg
<LI><a href="#[e4]">&gt;&gt;</a>&nbsp;&nbsp;&nbsp;MPU6500_Read_Reg
</UL>

<P><STRONG><a name="[e6]"></a>GPIO_SetBits</STRONG> (Thumb, 4 bytes, Stack size 0 bytes, stm32f4xx_gpio.o(i.GPIO_SetBits))
<BR><BR>[Called By]<UL><LI><a href="#[91]">&gt;&gt;</a>&nbsp;&nbsp;&nbsp;Led_Configuration
<LI><a href="#[e9]">&gt;&gt;</a>&nbsp;&nbsp;&nbsp;MPU6500_ReadValueRaw
<LI><a href="#[e0]">&gt;&gt;</a>&nbsp;&nbsp;&nbsp;MPU6500_Write_Reg
<LI><a href="#[e4]">&gt;&gt;</a>&nbsp;&nbsp;&nbsp;MPU6500_Read_Reg
</UL>

<P><STRONG><a name="[10e]"></a>GPIO_StructInit</STRONG> (Thumb, 18 bytes, Stack size 0 bytes, stm32f4xx_gpio.o(i.GPIO_StructInit))
<BR><BR>[Called By]<UL><LI><a href="#[f6]">&gt;&gt;</a>&nbsp;&nbsp;&nbsp;Usart1_Init
</UL>

<P><STRONG><a name="[d4]"></a>GPIO_ToggleBits</STRONG> (Thumb, 8 bytes, Stack size 0 bytes, stm32f4xx_gpio.o(i.GPIO_ToggleBits))
<BR><BR>[Called By]<UL><LI><a href="#[d3]">&gt;&gt;</a>&nbsp;&nbsp;&nbsp;Duty_50ms
<LI><a href="#[de]">&gt;&gt;</a>&nbsp;&nbsp;&nbsp;IST8310_CALI
<LI><a href="#[e7]">&gt;&gt;</a>&nbsp;&nbsp;&nbsp;MPU6500_Data_Cali
</UL>

<P><STRONG><a name="[c2]"></a>GetEncoderBias</STRONG> (Thumb, 20 bytes, Stack size 0 bytes, cantask.o(i.GetEncoderBias))
<BR><BR>[Called By]<UL><LI><a href="#[b4]">&gt;&gt;</a>&nbsp;&nbsp;&nbsp;CanProtocolAnalysis
</UL>

<P><STRONG><a name="[cc]"></a>GetInnerLoop</STRONG> (Thumb, 42 bytes, Stack size 0 bytes, timer.o(i.GetInnerLoop))
<BR><BR>[Called By]<UL><LI><a href="#[d8]">&gt;&gt;</a>&nbsp;&nbsp;&nbsp;Duty_loop
<LI><a href="#[90]">&gt;&gt;</a>&nbsp;&nbsp;&nbsp;InnerLoopInit
<LI><a href="#[d5]">&gt;&gt;</a>&nbsp;&nbsp;&nbsp;Duty_5ms
<LI><a href="#[d2]">&gt;&gt;</a>&nbsp;&nbsp;&nbsp;Duty_2ms
<LI><a href="#[d1]">&gt;&gt;</a>&nbsp;&nbsp;&nbsp;Duty_20ms
<LI><a href="#[ce]">&gt;&gt;</a>&nbsp;&nbsp;&nbsp;Duty_1ms
<LI><a href="#[cb]">&gt;&gt;</a>&nbsp;&nbsp;&nbsp;Duty_10ms
</UL>

<P><STRONG><a name="[db]"></a>GetRcMode</STRONG> (Thumb, 20 bytes, Stack size 8 bytes, rc.o(i.GetRcMode))
<BR><BR>[Stack]<UL><LI>Max Depth = 8<LI>Call Chain = GetRcMode
</UL>
<BR>[Calls]<UL><LI><a href="#[dc]">&gt;&gt;</a>&nbsp;&nbsp;&nbsp;IsDeviceLost
</UL>
<BR>[Called By]<UL><LI><a href="#[cf]">&gt;&gt;</a>&nbsp;&nbsp;&nbsp;WorkStateFSM
<LI><a href="#[f4]">&gt;&gt;</a>&nbsp;&nbsp;&nbsp;RcDataAnalysis
</UL>

<P><STRONG><a name="[c4]"></a>GetWSCurrent</STRONG> (Thumb, 6 bytes, Stack size 0 bytes, modeduty.o(i.GetWSCurrent))
<BR><BR>[Called By]<UL><LI><a href="#[b4]">&gt;&gt;</a>&nbsp;&nbsp;&nbsp;CanProtocolAnalysis
</UL>

<P><STRONG><a name="[d7]"></a>GimbalControl</STRONG> (Thumb, 2 bytes, Stack size 0 bytes, controltask.o(i.GimbalControl))
<BR><BR>[Called By]<UL><LI><a href="#[d5]">&gt;&gt;</a>&nbsp;&nbsp;&nbsp;Duty_5ms
</UL>

<P><STRONG><a name="[dd]"></a>GimbalDataCali</STRONG> (Thumb, 14 bytes, Stack size 0 bytes, parameters.o(i.GimbalDataCali))
<BR><BR>[Called By]<UL><LI><a href="#[ad]">&gt;&gt;</a>&nbsp;&nbsp;&nbsp;IMU_ACCERDataCali
</UL>

<P><STRONG><a name="[3]"></a>HardFault_Handler</STRONG> (Thumb, 4 bytes, Stack size 0 bytes, stm32f4xx_it.o(i.HardFault_Handler))
<BR>[Address Reference Count : 1]<UL><LI> startup_stm32f427_437xx.o(RESET)
</UL>
<P><STRONG><a name="[ad]"></a>IMU_ACCERDataCali</STRONG> (Thumb, 20 bytes, Stack size 4 bytes, parameters.o(i.IMU_ACCERDataCali))
<BR><BR>[Stack]<UL><LI>Max Depth = 4<LI>Call Chain = IMU_ACCERDataCali
</UL>
<BR>[Calls]<UL><LI><a href="#[dd]">&gt;&gt;</a>&nbsp;&nbsp;&nbsp;GimbalDataCali
</UL>
<BR>[Called By]<UL><LI><a href="#[ac]">&gt;&gt;</a>&nbsp;&nbsp;&nbsp;BasicProtocolAnalysis
</UL>

<P><STRONG><a name="[ae]"></a>IMU_GYRODataCali</STRONG> (Thumb, 14 bytes, Stack size 0 bytes, parameters.o(i.IMU_GYRODataCali))
<BR><BR>[Called By]<UL><LI><a href="#[ac]">&gt;&gt;</a>&nbsp;&nbsp;&nbsp;BasicProtocolAnalysis
</UL>

<P><STRONG><a name="[af]"></a>IMU_MAGDataCali</STRONG> (Thumb, 14 bytes, Stack size 0 bytes, parameters.o(i.IMU_MAGDataCali))
<BR><BR>[Called By]<UL><LI><a href="#[ac]">&gt;&gt;</a>&nbsp;&nbsp;&nbsp;BasicProtocolAnalysis
</UL>

<P><STRONG><a name="[de]"></a>IST8310_CALI</STRONG> (Thumb, 586 bytes, Stack size 8 bytes, ist8310.o(i.IST8310_CALI))
<BR><BR>[Stack]<UL><LI>Max Depth = 8<LI>Call Chain = IST8310_CALI
</UL>
<BR>[Calls]<UL><LI><a href="#[d4]">&gt;&gt;</a>&nbsp;&nbsp;&nbsp;GPIO_ToggleBits
</UL>
<BR>[Called By]<UL><LI><a href="#[d6]">&gt;&gt;</a>&nbsp;&nbsp;&nbsp;IST8310_Data_Prepare
</UL>

<P><STRONG><a name="[d6]"></a>IST8310_Data_Prepare</STRONG> (Thumb, 100 bytes, Stack size 8 bytes, ist8310.o(i.IST8310_Data_Prepare))
<BR><BR>[Stack]<UL><LI>Max Depth = 48<LI>Call Chain = IST8310_Data_Prepare &rArr; IST8310_getRawEX &rArr; MPU6500_Read_Reg &rArr; SPI5_Read_Write_Byte
</UL>
<BR>[Calls]<UL><LI><a href="#[df]">&gt;&gt;</a>&nbsp;&nbsp;&nbsp;IST8310_getRawEX
<LI><a href="#[de]">&gt;&gt;</a>&nbsp;&nbsp;&nbsp;IST8310_CALI
</UL>
<BR>[Called By]<UL><LI><a href="#[d5]">&gt;&gt;</a>&nbsp;&nbsp;&nbsp;Duty_5ms
</UL>

<P><STRONG><a name="[9d]"></a>IST8310_Init</STRONG> (Thumb, 242 bytes, Stack size 8 bytes, ist8310.o(i.IST8310_Init))
<BR><BR>[Stack]<UL><LI>Max Depth = 56<LI>Call Chain = IST8310_Init &rArr; MPU_Auto_Read_IST_config &rArr; MPU6500_Write_Reg &rArr; SPI5_Read_Write_Byte
</UL>
<BR>[Calls]<UL><LI><a href="#[9a]">&gt;&gt;</a>&nbsp;&nbsp;&nbsp;Delay_ms
<LI><a href="#[e3]">&gt;&gt;</a>&nbsp;&nbsp;&nbsp;MPU_Auto_Read_IST_config
<LI><a href="#[e1]">&gt;&gt;</a>&nbsp;&nbsp;&nbsp;IST_Reg_Write_By_MPU
<LI><a href="#[e2]">&gt;&gt;</a>&nbsp;&nbsp;&nbsp;IST_Reg_Read_By_MPU
<LI><a href="#[e0]">&gt;&gt;</a>&nbsp;&nbsp;&nbsp;MPU6500_Write_Reg
</UL>
<BR>[Called By]<UL><LI><a href="#[8c]">&gt;&gt;</a>&nbsp;&nbsp;&nbsp;All_Init
</UL>

<P><STRONG><a name="[df]"></a>IST8310_getRawEX</STRONG> (Thumb, 130 bytes, Stack size 8 bytes, ist8310.o(i.IST8310_getRawEX))
<BR><BR>[Stack]<UL><LI>Max Depth = 40<LI>Call Chain = IST8310_getRawEX &rArr; MPU6500_Read_Reg &rArr; SPI5_Read_Write_Byte
</UL>
<BR>[Calls]<UL><LI><a href="#[ca]">&gt;&gt;</a>&nbsp;&nbsp;&nbsp;Delay_us
<LI><a href="#[e4]">&gt;&gt;</a>&nbsp;&nbsp;&nbsp;MPU6500_Read_Reg
</UL>
<BR>[Called By]<UL><LI><a href="#[d6]">&gt;&gt;</a>&nbsp;&nbsp;&nbsp;IST8310_Data_Prepare
</UL>

<P><STRONG><a name="[90]"></a>InnerLoopInit</STRONG> (Thumb, 22 bytes, Stack size 4 bytes, timer.o(i.InnerLoopInit))
<BR><BR>[Stack]<UL><LI>Max Depth = 4<LI>Call Chain = InnerLoopInit
</UL>
<BR>[Calls]<UL><LI><a href="#[cc]">&gt;&gt;</a>&nbsp;&nbsp;&nbsp;GetInnerLoop
</UL>
<BR>[Called By]<UL><LI><a href="#[8c]">&gt;&gt;</a>&nbsp;&nbsp;&nbsp;All_Init
</UL>

<P><STRONG><a name="[dc]"></a>IsDeviceLost</STRONG> (Thumb, 28 bytes, Stack size 0 bytes, selfcheck.o(i.IsDeviceLost))
<BR><BR>[Called By]<UL><LI><a href="#[db]">&gt;&gt;</a>&nbsp;&nbsp;&nbsp;GetRcMode
</UL>

<P><STRONG><a name="[91]"></a>Led_Configuration</STRONG> (Thumb, 112 bytes, Stack size 16 bytes, led.o(i.Led_Configuration))
<BR><BR>[Stack]<UL><LI>Max Depth = 36<LI>Call Chain = Led_Configuration &rArr; GPIO_Init
</UL>
<BR>[Calls]<UL><LI><a href="#[e6]">&gt;&gt;</a>&nbsp;&nbsp;&nbsp;GPIO_SetBits
<LI><a href="#[e5]">&gt;&gt;</a>&nbsp;&nbsp;&nbsp;GPIO_ResetBits
<LI><a href="#[b8]">&gt;&gt;</a>&nbsp;&nbsp;&nbsp;RCC_AHB1PeriphClockCmd
<LI><a href="#[bb]">&gt;&gt;</a>&nbsp;&nbsp;&nbsp;GPIO_Init
</UL>
<BR>[Called By]<UL><LI><a href="#[8c]">&gt;&gt;</a>&nbsp;&nbsp;&nbsp;All_Init
</UL>

<P><STRONG><a name="[e7]"></a>MPU6500_Data_Cali</STRONG> (Thumb, 458 bytes, Stack size 8 bytes, mpu6500.o(i.MPU6500_Data_Cali))
<BR><BR>[Stack]<UL><LI>Max Depth = 8<LI>Call Chain = MPU6500_Data_Cali
</UL>
<BR>[Calls]<UL><LI><a href="#[d4]">&gt;&gt;</a>&nbsp;&nbsp;&nbsp;GPIO_ToggleBits
</UL>
<BR>[Called By]<UL><LI><a href="#[d0]">&gt;&gt;</a>&nbsp;&nbsp;&nbsp;MPU6500_Data_Prepare
</UL>

<P><STRONG><a name="[d0]"></a>MPU6500_Data_Prepare</STRONG> (Thumb, 840 bytes, Stack size 40 bytes, mpu6500.o(i.MPU6500_Data_Prepare))
<BR><BR>[Stack]<UL><LI>Max Depth = 64<LI>Call Chain = MPU6500_Data_Prepare &rArr; MPU6500_ReadValueRaw &rArr; SPI5_Read_Write_Byte
</UL>
<BR>[Calls]<UL><LI><a href="#[e9]">&gt;&gt;</a>&nbsp;&nbsp;&nbsp;MPU6500_ReadValueRaw
[...]
<BR><BR>[Stack]<UL><LI>Max Depth = 16<LI>Call Chain = Usart2_Send
</UL>
<BR>[Calls]<UL><LI><a href="#[119]">&gt;&gt;</a>&nbsp;&nbsp;&nbsp;DMA_GetCmdStatus
<LI><a href="#[11a]">&gt;&gt;</a>&nbsp;&nbsp;&nbsp;DMA_ClearFlag
<LI><a href="#[106]">&gt;&gt;</a>&nbsp;&nbsp;&nbsp;DMA_GetCurrDataCounter
<LI><a href="#[105]">&gt;&gt;</a>&nbsp;&nbsp;&nbsp;DMA_Cmd
</UL>
<BR>[Called By]<UL><LI><a href="#[8b]">&gt;&gt;</a>&nbsp;&nbsp;&nbsp;ANO_DT_Send_Status
<LI><a href="#[8a]">&gt;&gt;</a>&nbsp;&nbsp;&nbsp;ANO_DT_Send_Senser
<LI><a href="#[89]">&gt;&gt;</a>&nbsp;&nbsp;&nbsp;ANO_DT_Send_RCData
<LI><a href="#[88]">&gt;&gt;</a>&nbsp;&nbsp;&nbsp;ANO_DT_Send_PID
<LI><a href="#[87]">&gt;&gt;</a>&nbsp;&nbsp;&nbsp;ANO_DT_Send_MotoPWM
<LI><a href="#[85]">&gt;&gt;</a>&nbsp;&nbsp;&nbsp;ANO_DT_Send_Check
</UL>

<P><STRONG><a name="[109]"></a>Usart3_DataPrepare</STRONG> (Thumb, 214 bytes, Stack size 8 bytes, datatransfer.o(i.Usart3_DataPrepare))
<BR><BR>[Stack]<UL><LI>Max Depth = 136<LI>Call Chain = Usart3_DataPrepare &rArr; BasicProtocolAnalysis &rArr; __aeabi_dmul &rArr; _double_epilogue &rArr; _double_round
</UL>
<BR>[Calls]<UL><LI><a href="#[ac]">&gt;&gt;</a>&nbsp;&nbsp;&nbsp;BasicProtocolAnalysis
</UL>
<BR>[Called By]<UL><LI><a href="#[32]">&gt;&gt;</a>&nbsp;&nbsp;&nbsp;USART3_IRQHandler
</UL>

<P><STRONG><a name="[94]"></a>Usart3_Init</STRONG> (Thumb, 2 bytes, Stack size 0 bytes, usart3.o(i.Usart3_Init))
<BR><BR>[Called By]<UL><LI><a href="#[8c]">&gt;&gt;</a>&nbsp;&nbsp;&nbsp;All_Init
</UL>

<P><STRONG><a name="[10a]"></a>Usart6_DataPrepare</STRONG> (Thumb, 214 bytes, Stack size 8 bytes, datatransfer.o(i.Usart6_DataPrepare))
<BR><BR>[Stack]<UL><LI>Max Depth = 136<LI>Call Chain = Usart6_DataPrepare &rArr; BasicProtocolAnalysis &rArr; __aeabi_dmul &rArr; _double_epilogue &rArr; _double_round
</UL>
<BR>[Calls]<UL><LI><a href="#[ac]">&gt;&gt;</a>&nbsp;&nbsp;&nbsp;BasicProtocolAnalysis
</UL>
<BR>[Called By]<UL><LI><a href="#[52]">&gt;&gt;</a>&nbsp;&nbsp;&nbsp;USART6_IRQHandler
</UL>

<P><STRONG><a name="[95]"></a>Usart6_Init</STRONG> (Thumb, 2 bytes, Stack size 0 bytes, usart6.o(i.Usart6_Init))
<BR><BR>[Called By]<UL><LI><a href="#[8c]">&gt;&gt;</a>&nbsp;&nbsp;&nbsp;All_Init
</UL>

<P><STRONG><a name="[cf]"></a>WorkStateFSM</STRONG> (Thumb, 124 bytes, Stack size 8 bytes, modeduty.o(i.WorkStateFSM))
<BR><BR>[Stack]<UL><LI>Max Depth = 16<LI>Call Chain = WorkStateFSM &rArr; GetRcMode
</UL>
<BR>[Calls]<UL><LI><a href="#[db]">&gt;&gt;</a>&nbsp;&nbsp;&nbsp;GetRcMode
</UL>
<BR>[Called By]<UL><LI><a href="#[ce]">&gt;&gt;</a>&nbsp;&nbsp;&nbsp;Duty_1ms
</UL>

<P><STRONG><a name="[123]"></a>__ARM_fpclassify</STRONG> (Thumb, 48 bytes, Stack size 8 bytes, fpclassify.o(i.__ARM_fpclassify))
<BR><BR>[Stack]<UL><LI>Max Depth = 8<LI>Call Chain = __ARM_fpclassify
</UL>
<BR>[Called By]<UL><LI><a href="#[121]">&gt;&gt;</a>&nbsp;&nbsp;&nbsp;__hardfp_atan
</UL>

<P><STRONG><a name="[11c]"></a>__ARM_fpclassifyf</STRONG> (Thumb, 38 bytes, Stack size 0 bytes, fpclassifyf.o(i.__ARM_fpclassifyf))
<BR><BR>[Called By]<UL><LI><a href="#[7f]">&gt;&gt;</a>&nbsp;&nbsp;&nbsp;__hardfp_sinf
<LI><a href="#[80]">&gt;&gt;</a>&nbsp;&nbsp;&nbsp;__hardfp_atan2f
<LI><a href="#[84]">&gt;&gt;</a>&nbsp;&nbsp;&nbsp;__hardfp_asinf
</UL>

<P><STRONG><a name="[84]"></a>__hardfp_asinf</STRONG> (Thumb, 258 bytes, Stack size 16 bytes, asinf.o(i.__hardfp_asinf))
<BR><BR>[Stack]<UL><LI>Max Depth = 32<LI>Call Chain = __hardfp_asinf &rArr; sqrtf
</UL>
<BR>[Calls]<UL><LI><a href="#[11f]">&gt;&gt;</a>&nbsp;&nbsp;&nbsp;__set_errno
<LI><a href="#[11b]">&gt;&gt;</a>&nbsp;&nbsp;&nbsp;sqrtf
<LI><a href="#[11d]">&gt;&gt;</a>&nbsp;&nbsp;&nbsp;__mathlib_flt_underflow
<LI><a href="#[120]">&gt;&gt;</a>&nbsp;&nbsp;&nbsp;__mathlib_flt_invalid
<LI><a href="#[11e]">&gt;&gt;</a>&nbsp;&nbsp;&nbsp;__mathlib_flt_infnan
<LI><a href="#[11c]">&gt;&gt;</a>&nbsp;&nbsp;&nbsp;__ARM_fpclassifyf
</UL>
<BR>[Called By]<UL><LI><a href="#[81]">&gt;&gt;</a>&nbsp;&nbsp;&nbsp;AHRSUpdate
</UL>

<P><STRONG><a name="[121]"></a>__hardfp_atan</STRONG> (Thumb, 622 bytes, Stack size 48 bytes, atan.o(i.__hardfp_atan))
<BR><BR>[Stack]<UL><LI>Max Depth = 160<LI>Call Chain = __hardfp_atan &rArr; __kernel_poly &rArr; __aeabi_dmul &rArr; _double_epilogue &rArr; _double_round
</UL>
<BR>[Calls]<UL><LI><a href="#[73]">&gt;&gt;</a>&nbsp;&nbsp;&nbsp;__aeabi_dmul
<LI><a href="#[126]">&gt;&gt;</a>&nbsp;&nbsp;&nbsp;__kernel_poly
<LI><a href="#[123]">&gt;&gt;</a>&nbsp;&nbsp;&nbsp;__ARM_fpclassify
<LI><a href="#[125]">&gt;&gt;</a>&nbsp;&nbsp;&nbsp;fabs
<LI><a href="#[124]">&gt;&gt;</a>&nbsp;&nbsp;&nbsp;__mathlib_dbl_underflow
<LI><a href="#[122]">&gt;&gt;</a>&nbsp;&nbsp;&nbsp;__mathlib_dbl_infnan
<LI><a href="#[78]">&gt;&gt;</a>&nbsp;&nbsp;&nbsp;__aeabi_ddiv
<LI><a href="#[71]">&gt;&gt;</a>&nbsp;&nbsp;&nbsp;__aeabi_dsub
<LI><a href="#[72]">&gt;&gt;</a>&nbsp;&nbsp;&nbsp;__aeabi_drsub
<LI><a href="#[6c]">&gt;&gt;</a>&nbsp;&nbsp;&nbsp;__aeabi_dadd
</UL>
<BR>[Called By]<UL><LI><a href="#[128]">&gt;&gt;</a>&nbsp;&nbsp;&nbsp;atan
</UL>

<P><STRONG><a name="[7d]"></a>__hardfp_atan2</STRONG> (Thumb, 432 bytes, Stack size 48 bytes, atan2.o(i.__hardfp_atan2))
<BR><BR>[Stack]<UL><LI>Max Depth = 216<LI>Call Chain = __hardfp_atan2 &rArr; atan &rArr; __hardfp_atan &rArr; __kernel_poly &rArr; __aeabi_dmul &rArr; _double_epilogue &rArr; _double_round
</UL>
<BR>[Calls]<UL><LI><a href="#[125]">&gt;&gt;</a>&nbsp;&nbsp;&nbsp;fabs
<LI><a href="#[127]">&gt;&gt;</a>&nbsp;&nbsp;&nbsp;__mathlib_dbl_infnan2
<LI><a href="#[128]">&gt;&gt;</a>&nbsp;&nbsp;&nbsp;atan
<LI><a href="#[78]">&gt;&gt;</a>&nbsp;&nbsp;&nbsp;__aeabi_ddiv
<LI><a href="#[71]">&gt;&gt;</a>&nbsp;&nbsp;&nbsp;__aeabi_dsub
<LI><a href="#[72]">&gt;&gt;</a>&nbsp;&nbsp;&nbsp;__aeabi_drsub
</UL>
<BR>[Called By]<UL><LI><a href="#[7b]">&gt;&gt;</a>&nbsp;&nbsp;&nbsp;AHRSInit
</UL>

<P><STRONG><a name="[80]"></a>__hardfp_atan2f</STRONG> (Thumb, 502 bytes, Stack size 16 bytes, atan2f.o(i.__hardfp_atan2f))
<BR><BR>[Stack]<UL><LI>Max Depth = 16<LI>Call Chain = __hardfp_atan2f
</UL>
<BR>[Calls]<UL><LI><a href="#[11d]">&gt;&gt;</a>&nbsp;&nbsp;&nbsp;__mathlib_flt_underflow
<LI><a href="#[129]">&gt;&gt;</a>&nbsp;&nbsp;&nbsp;__mathlib_flt_infnan2
<LI><a href="#[11c]">&gt;&gt;</a>&nbsp;&nbsp;&nbsp;__ARM_fpclassifyf
</UL>
<BR>[Called By]<UL><LI><a href="#[7b]">&gt;&gt;</a>&nbsp;&nbsp;&nbsp;AHRSInit
<LI><a href="#[81]">&gt;&gt;</a>&nbsp;&nbsp;&nbsp;AHRSUpdate
</UL>

<P><STRONG><a name="[7e]"></a>__hardfp_cosf</STRONG> (Thumb, 280 bytes, Stack size 8 bytes, cosf.o(i.__hardfp_cosf))
<BR><BR>[Stack]<UL><LI>Max Depth = 28<LI>Call Chain = __hardfp_cosf &rArr; __mathlib_rredf2
</UL>
<BR>[Calls]<UL><LI><a href="#[11f]">&gt;&gt;</a>&nbsp;&nbsp;&nbsp;__set_errno
<LI><a href="#[12a]">&gt;&gt;</a>&nbsp;&nbsp;&nbsp;__mathlib_rredf2
<LI><a href="#[120]">&gt;&gt;</a>&nbsp;&nbsp;&nbsp;__mathlib_flt_invalid
<LI><a href="#[11e]">&gt;&gt;</a>&nbsp;&nbsp;&nbsp;__mathlib_flt_infnan
</UL>
<BR>[Called By]<UL><LI><a href="#[7b]">&gt;&gt;</a>&nbsp;&nbsp;&nbsp;AHRSInit
</UL>

<P><STRONG><a name="[7f]"></a>__hardfp_sinf</STRONG> (Thumb, 344 bytes, Stack size 16 bytes, sinf.o(i.__hardfp_sinf))
<BR><BR>[Stack]<UL><LI>Max Depth = 36<LI>Call Chain = __hardfp_sinf &rArr; __mathlib_rredf2
</UL>
<BR>[Calls]<UL><LI><a href="#[11f]">&gt;&gt;</a>&nbsp;&nbsp;&nbsp;__set_errno
<LI><a href="#[12a]">&gt;&gt;</a>&nbsp;&nbsp;&nbsp;__mathlib_rredf2
<LI><a href="#[11d]">&gt;&gt;</a>&nbsp;&nbsp;&nbsp;__mathlib_flt_underflow
<LI><a href="#[120]">&gt;&gt;</a>&nbsp;&nbsp;&nbsp;__mathlib_flt_invalid
<LI><a href="#[11e]">&gt;&gt;</a>&nbsp;&nbsp;&nbsp;__mathlib_flt_infnan
<LI><a href="#[11c]">&gt;&gt;</a>&nbsp;&nbsp;&nbsp;__ARM_fpclassifyf
</UL>
<BR>[Called By]<UL><LI><a href="#[7b]">&gt;&gt;</a>&nbsp;&nbsp;&nbsp;AHRSInit
</UL>

<P><STRONG><a name="[83]"></a>__hardfp_sqrt</STRONG> (Thumb, 122 bytes, Stack size 32 bytes, sqrt.o(i.__hardfp_sqrt))
<BR><BR>[Stack]<UL><LI>Max Depth = 72<LI>Call Chain = __hardfp_sqrt &rArr; _dsqrt &rArr; _double_round
</UL>
<BR>[Calls]<UL><LI><a href="#[11f]">&gt;&gt;</a>&nbsp;&nbsp;&nbsp;__set_errno
<LI><a href="#[79]">&gt;&gt;</a>&nbsp;&nbsp;&nbsp;_dsqrt
</UL>
<BR>[Called By]<UL><LI><a href="#[81]">&gt;&gt;</a>&nbsp;&nbsp;&nbsp;AHRSUpdate
</UL>

<P><STRONG><a name="[126]"></a>__kernel_poly</STRONG> (Thumb, 248 bytes, Stack size 24 bytes, poly.o(i.__kernel_poly))
<BR><BR>[Stack]<UL><LI>Max Depth = 112<LI>Call Chain = __kernel_poly &rArr; __aeabi_dmul &rArr; _double_epilogue &rArr; _double_round
</UL>
<BR>[Calls]<UL><LI><a href="#[73]">&gt;&gt;</a>&nbsp;&nbsp;&nbsp;__aeabi_dmul
<LI><a href="#[6c]">&gt;&gt;</a>&nbsp;&nbsp;&nbsp;__aeabi_dadd
</UL>
<BR>[Called By]<UL><LI><a href="#[121]">&gt;&gt;</a>&nbsp;&nbsp;&nbsp;__hardfp_atan
</UL>

<P><STRONG><a name="[122]"></a>__mathlib_dbl_infnan</STRONG> (Thumb, 20 bytes, Stack size 8 bytes, dunder.o(i.__mathlib_dbl_infnan))
<BR><BR>[Stack]<UL><LI>Max Depth = 96<LI>Call Chain = __mathlib_dbl_infnan &rArr; __aeabi_dadd &rArr; _double_epilogue &rArr; _double_round
</UL>
<BR>[Calls]<UL><LI><a href="#[6c]">&gt;&gt;</a>&nbsp;&nbsp;&nbsp;__aeabi_dadd
</UL>
<BR>[Called By]<UL><LI><a href="#[121]">&gt;&gt;</a>&nbsp;&nbsp;&nbsp;__hardfp_atan
</UL>

<P><STRONG><a name="[127]"></a>__mathlib_dbl_infnan2</STRONG> (Thumb, 20 bytes, Stack size 8 bytes, dunder.o(i.__mathlib_dbl_infnan2))
<BR><BR>[Stack]<UL><LI>Max Depth = 96<LI>Call Chain = __mathlib_dbl_infnan2 &rArr; __aeabi_dadd &rArr; _double_epilogue &rArr; _double_round
</UL>
<BR>[Calls]<UL><LI><a href="#[6c]">&gt;&gt;</a>&nbsp;&nbsp;&nbsp;__aeabi_dadd
</UL>
<BR>[Called By]<UL><LI><a href="#[7d]">&gt;&gt;</a>&nbsp;&nbsp;&nbsp;__hardfp_atan2
</UL>

<P><STRONG><a name="[124]"></a>__mathlib_dbl_underflow</STRONG> (Thumb, 24 bytes, Stack size 8 bytes, dunder.o(i.__mathlib_dbl_underflow))
<BR><BR>[Stack]<UL><LI>Max Depth = 96<LI>Call Chain = __mathlib_dbl_underflow &rArr; __aeabi_dmul &rArr; _double_epilogue &rArr; _double_round
</UL>
<BR>[Calls]<UL><LI><a href="#[73]">&gt;&gt;</a>&nbsp;&nbsp;&nbsp;__aeabi_dmul
</UL>
<BR>[Called By]<UL><LI><a href="#[121]">&gt;&gt;</a>&nbsp;&nbsp;&nbsp;__hardfp_atan
</UL>

<P><STRONG><a name="[11e]"></a>__mathlib_flt_infnan</STRONG> (Thumb, 6 bytes, Stack size 0 bytes, funder.o(i.__mathlib_flt_infnan))
<BR><BR>[Called By]<UL><LI><a href="#[7f]">&gt;&gt;</a>&nbsp;&nbsp;&nbsp;__hardfp_sinf
<LI><a href="#[7e]">&gt;&gt;</a>&nbsp;&nbsp;&nbsp;__hardfp_cosf
<LI><a href="#[84]">&gt;&gt;</a>&nbsp;&nbsp;&nbsp;__hardfp_asinf
</UL>

<P><STRONG><a name="[129]"></a>__mathlib_flt_infnan2</STRONG> (Thumb, 6 bytes, Stack size 0 bytes, funder.o(i.__mathlib_flt_infnan2))
<BR><BR>[Called By]<UL><LI><a href="#[80]">&gt;&gt;</a>&nbsp;&nbsp;&nbsp;__hardfp_atan2f
</UL>

<P><STRONG><a name="[120]"></a>__mathlib_flt_invalid</STRONG> (Thumb, 10 bytes, Stack size 0 bytes, funder.o(i.__mathlib_flt_invalid))
<BR><BR>[Called By]<UL><LI><a href="#[7f]">&gt;&gt;</a>&nbsp;&nbsp;&nbsp;__hardfp_sinf
<LI><a href="#[7e]">&gt;&gt;</a>&nbsp;&nbsp;&nbsp;__hardfp_cosf
<LI><a href="#[84]">&gt;&gt;</a>&nbsp;&nbsp;&nbsp;__hardfp_asinf
</UL>

<P><STRONG><a name="[11d]"></a>__mathlib_flt_underflow</STRONG> (Thumb, 10 bytes, Stack size 0 bytes, funder.o(i.__mathlib_flt_underflow))
<BR><BR>[Called By]<UL><LI><a href="#[7f]">&gt;&gt;</a>&nbsp;&nbsp;&nbsp;__hardfp_sinf
<LI><a href="#[80]">&gt;&gt;</a>&nbsp;&nbsp;&nbsp;__hardfp_atan2f
<LI><a href="#[84]">&gt;&gt;</a>&nbsp;&nbsp;&nbsp;__hardfp_asinf
</UL>

<P><STRONG><a name="[12a]"></a>__mathlib_rredf2</STRONG> (Thumb, 316 bytes, Stack size 20 bytes, rredf.o(i.__mathlib_rredf2))
<BR><BR>[Stack]<UL><LI>Max Depth = 20<LI>Call Chain = __mathlib_rredf2
</UL>
<BR>[Called By]<UL><LI><a href="#[7f]">&gt;&gt;</a>&nbsp;&nbsp;&nbsp;__hardfp_sinf
<LI><a href="#[7e]">&gt;&gt;</a>&nbsp;&nbsp;&nbsp;__hardfp_cosf
</UL>

<P><STRONG><a name="[13e]"></a>__scatterload_copy</STRONG> (Thumb, 14 bytes, Stack size unknown bytes, handlers.o(i.__scatterload_copy), UNUSED)

<P><STRONG><a name="[13f]"></a>__scatterload_null</STRONG> (Thumb, 2 bytes, Stack size unknown bytes, handlers.o(i.__scatterload_null), UNUSED)

<P><STRONG><a name="[140]"></a>__scatterload_zeroinit</STRONG> (Thumb, 14 bytes, Stack size unknown bytes, handlers.o(i.__scatterload_zeroinit), UNUSED)

<P><STRONG><a name="[11f]"></a>__set_errno</STRONG> (Thumb, 6 bytes, Stack size 0 bytes, errno.o(i.__set_errno))
<BR><BR>[Called By]<UL><LI><a href="#[11b]">&gt;&gt;</a>&nbsp;&nbsp;&nbsp;sqrtf
<LI><a href="#[83]">&gt;&gt;</a>&nbsp;&nbsp;&nbsp;__hardfp_sqrt
<LI><a href="#[7f]">&gt;&gt;</a>&nbsp;&nbsp;&nbsp;__hardfp_sinf
<LI><a href="#[7e]">&gt;&gt;</a>&nbsp;&nbsp;&nbsp;__hardfp_cosf
<LI><a href="#[84]">&gt;&gt;</a>&nbsp;&nbsp;&nbsp;__hardfp_asinf
</UL>

<P><STRONG><a name="[128]"></a>atan</STRONG> (Thumb, 16 bytes, Stack size 8 bytes, atan.o(i.atan))
<BR><BR>[Stack]<UL><LI>Max Depth = 168<LI>Call Chain = atan &rArr; __hardfp_atan &rArr; __kernel_poly &rArr; __aeabi_dmul &rArr; _double_epilogue &rArr; _double_round
</UL>
<BR>[Calls]<UL><LI><a href="#[121]">&gt;&gt;</a>&nbsp;&nbsp;&nbsp;__hardfp_atan
</UL>
<BR>[Called By]<UL><LI><a href="#[7d]">&gt;&gt;</a>&nbsp;&nbsp;&nbsp;__hardfp_atan2
</UL>

<P><STRONG><a name="[125]"></a>fabs</STRONG> (Thumb, 24 bytes, Stack size 8 bytes, fabs.o(i.fabs))
<BR><BR>[Stack]<UL><LI>Max Depth = 8<LI>Call Chain = fabs
</UL>
<BR>[Called By]<UL><LI><a href="#[121]">&gt;&gt;</a>&nbsp;&nbsp;&nbsp;__hardfp_atan
<LI><a href="#[7d]">&gt;&gt;</a>&nbsp;&nbsp;&nbsp;__hardfp_atan2
</UL>

<P><STRONG><a name="[82]"></a>invSqrt</STRONG> (Thumb, 102 bytes, Stack size 20 bytes, imu.o(i.invSqrt))
<BR><BR>[Stack]<UL><LI>Max Depth = 20<LI>Call Chain = invSqrt
</UL>
<BR>[Called By]<UL><LI><a href="#[81]">&gt;&gt;</a>&nbsp;&nbsp;&nbsp;AHRSUpdate
</UL>

<P><STRONG><a name="[64]"></a>main</STRONG> (Thumb, 36 bytes, Stack size 0 bytes, main.o(i.main))
<BR><BR>[Stack]<UL><LI>Max Depth = 180<LI>Call Chain = main &rArr; All_Init &rArr; Usart2_Init &rArr; USART_Init &rArr; RCC_GetClocksFreq
</UL>
<BR>[Calls]<UL><LI><a href="#[f3]">&gt;&gt;</a>&nbsp;&nbsp;&nbsp;ParametersSave
<LI><a href="#[9a]">&gt;&gt;</a>&nbsp;&nbsp;&nbsp;Delay_ms
<LI><a href="#[a0]">&gt;&gt;</a>&nbsp;&nbsp;&nbsp;AppInit
<LI><a href="#[8c]">&gt;&gt;</a>&nbsp;&nbsp;&nbsp;All_Init
</UL>
<BR>[Address Reference Count : 1]<UL><LI> entry9a.o(.ARM.Collect$$$$0000000B)
</UL>
<P><STRONG><a name="[11b]"></a>sqrtf</STRONG> (Thumb, 62 bytes, Stack size 16 bytes, sqrtf.o(i.sqrtf))
<BR><BR>[Stack]<UL><LI>Max Depth = 16<LI>Call Chain = sqrtf
</UL>
<BR>[Calls]<UL><LI><a href="#[11f]">&gt;&gt;</a>&nbsp;&nbsp;&nbsp;__set_errno
</UL>
<BR>[Called By]<UL><LI><a href="#[84]">&gt;&gt;</a>&nbsp;&nbsp;&nbsp;__hardfp_asinf
</UL>
<P>
<H3>
Local Symbols
</H3>
<P><STRONG><a name="[a4]"></a>BSP_FLASH_ReadByte</STRONG> (Thumb, 6 bytes, Stack size 0 bytes, bsp_flash.o(i.BSP_FLASH_ReadByte))
<BR><BR>[Called By]<UL><LI><a href="#[a3]">&gt;&gt;</a>&nbsp;&nbsp;&nbsp;BSP_FLASH_Read
</UL>

<P><STRONG><a name="[e2]"></a>IST_Reg_Read_By_MPU</STRONG> (Thumb, 58 bytes, Stack size 16 bytes, ist8310.o(i.IST_Reg_Read_By_MPU))
<BR><BR>[Stack]<UL><LI>Max Depth = 48<LI>Call Chain = IST_Reg_Read_By_MPU &rArr; MPU6500_Write_Reg &rArr; SPI5_Read_Write_Byte
</UL>
<BR>[Calls]<UL><LI><a href="#[9a]">&gt;&gt;</a>&nbsp;&nbsp;&nbsp;Delay_ms
<LI><a href="#[e0]">&gt;&gt;</a>&nbsp;&nbsp;&nbsp;MPU6500_Write_Reg
<LI><a href="#[e4]">&gt;&gt;</a>&nbsp;&nbsp;&nbsp;MPU6500_Read_Reg
</UL>
<BR>[Called By]<UL><LI><a href="#[9d]">&gt;&gt;</a>&nbsp;&nbsp;&nbsp;IST8310_Init
</UL>

<P><STRONG><a name="[e1]"></a>IST_Reg_Write_By_MPU</STRONG> (Thumb, 64 bytes, Stack size 16 bytes, ist8310.o(i.IST_Reg_Write_By_MPU))
<BR><BR>[Stack]<UL><LI>Max Depth = 48<LI>Call Chain = IST_Reg_Write_By_MPU &rArr; MPU6500_Write_Reg &rArr; SPI5_Read_Write_Byte
</UL>
<BR>[Calls]<UL><LI><a href="#[9a]">&gt;&gt;</a>&nbsp;&nbsp;&nbsp;Delay_ms
<LI><a href="#[e0]">&gt;&gt;</a>&nbsp;&nbsp;&nbsp;MPU6500_Write_Reg
</UL>
<BR>[Called By]<UL><LI><a href="#[9d]">&gt;&gt;</a>&nbsp;&nbsp;&nbsp;IST8310_Init
</UL>

<P><STRONG><a name="[e3]"></a>MPU_Auto_Read_IST_config</STRONG> (Thumb, 140 bytes, Stack size 16 bytes, ist8310.o(i.MPU_Auto_Read_IST_config))
<BR><BR>[Stack]<UL><LI>Max Depth = 48<LI>Call Chain = MPU_Auto_Read_IST_config &rArr; MPU6500_Write_Reg &rArr; SPI5_Read_Write_Byte
</UL>
<BR>[Calls]<UL><LI><a href="#[9a]">&gt;&gt;</a>&nbsp;&nbsp;&nbsp;Delay_ms
<LI><a href="#[e0]">&gt;&gt;</a>&nbsp;&nbsp;&nbsp;MPU6500_Write_Reg
</UL>
<BR>[Called By]<UL><LI><a href="#[9d]">&gt;&gt;</a>&nbsp;&nbsp;&nbsp;IST8310_Init
</UL>

<P><STRONG><a name="[cb]"></a>Duty_10ms</STRONG> (Thumb, 48 bytes, Stack size 16 bytes, dutytasks.o(i.Duty_10ms))
<BR><BR>[Stack]<UL><LI>Max Depth = 16<LI>Call Chain = Duty_10ms
</UL>
<BR>[Calls]<UL><LI><a href="#[cc]">&gt;&gt;</a>&nbsp;&nbsp;&nbsp;GetInnerLoop
<LI><a href="#[cd]">&gt;&gt;</a>&nbsp;&nbsp;&nbsp;FireControl
</UL>
<BR>[Called By]<UL><LI><a href="#[d8]">&gt;&gt;</a>&nbsp;&nbsp;&nbsp;Duty_loop
</UL>

<P><STRONG><a name="[ce]"></a>Duty_1ms</STRONG> (Thumb, 150 bytes, Stack size 16 bytes, dutytasks.o(i.Duty_1ms))
<BR><BR>[Stack]<UL><LI>Max Depth = 464<LI>Call Chain = Duty_1ms &rArr; AHRSUpdate &rArr; AHRSInit &rArr; __hardfp_atan2 &rArr; atan &rArr; __hardfp_atan &rArr; __kernel_poly &rArr; __aeabi_dmul &rArr; _double_epilogue &rArr; _double_round
</UL>
<BR>[Calls]<UL><LI><a href="#[cc]">&gt;&gt;</a>&nbsp;&nbsp;&nbsp;GetInnerLoop
<LI><a href="#[81]">&gt;&gt;</a>&nbsp;&nbsp;&nbsp;AHRSUpdate
<LI><a href="#[c9]">&gt;&gt;</a>&nbsp;&nbsp;&nbsp;DatatransferTask
<LI><a href="#[cf]">&gt;&gt;</a>&nbsp;&nbsp;&nbsp;WorkStateFSM
<LI><a href="#[d0]">&gt;&gt;</a>&nbsp;&nbsp;&nbsp;MPU6500_Data_Prepare
</UL>
<BR>[Called By]<UL><LI><a href="#[d8]">&gt;&gt;</a>&nbsp;&nbsp;&nbsp;Duty_loop
</UL>

<P><STRONG><a name="[d1]"></a>Duty_20ms</STRONG> (Thumb, 14 bytes, Stack size 16 bytes, dutytasks.o(i.Duty_20ms))
<BR><BR>[Stack]<UL><LI>Max Depth = 16<LI>Call Chain = Duty_20ms
</UL>
<BR>[Calls]<UL><LI><a href="#[cc]">&gt;&gt;</a>&nbsp;&nbsp;&nbsp;GetInnerLoop
</UL>
<BR>[Called By]<UL><LI><a href="#[d8]">&gt;&gt;</a>&nbsp;&nbsp;&nbsp;Duty_loop
</UL>

<P><STRONG><a name="[d2]"></a>Duty_2ms</STRONG> (Thumb, 14 bytes, Stack size 16 bytes, dutytasks.o(i.Duty_2ms))
<BR><BR>[Stack]<UL><LI>Max Depth = 16<LI>Call Chain = Duty_2ms
</UL>
<BR>[Calls]<UL><LI><a href="#[cc]">&gt;&gt;</a>&nbsp;&nbsp;&nbsp;GetInnerLoop
</UL>
<BR>[Called By]<UL><LI><a href="#[d8]">&gt;&gt;</a>&nbsp;&nbsp;&nbsp;Duty_loop
</UL>

<P><STRONG><a name="[d3]"></a>Duty_50ms</STRONG> (Thumb, 38 bytes, Stack size 8 bytes, dutytasks.o(i.Duty_50ms))
<BR><BR>[Stack]<UL><LI>Max Depth = 8<LI>Call Chain = Duty_50ms
</UL>
<BR>[Calls]<UL><LI><a href="#[d4]">&gt;&gt;</a>&nbsp;&nbsp;&nbsp;GPIO_ToggleBits
</UL>
<BR>[Called By]<UL><LI><a href="#[d8]">&gt;&gt;</a>&nbsp;&nbsp;&nbsp;Duty_loop
</UL>

<P><STRONG><a name="[d5]"></a>Duty_5ms</STRONG> (Thumb, 80 bytes, Stack size 16 bytes, dutytasks.o(i.Duty_5ms))
<BR><BR>[Stack]<UL><LI>Max Depth = 88<LI>Call Chain = Duty_5ms &rArr; ChassisControl &rArr; ChassisSpeedSet &rArr; CAN_Transmit
</UL>
<BR>[Calls]<UL><LI><a href="#[cc]">&gt;&gt;</a>&nbsp;&nbsp;&nbsp;GetInnerLoop
<LI><a href="#[9e]">&gt;&gt;</a>&nbsp;&nbsp;&nbsp;CheckDog
<LI><a href="#[d7]">&gt;&gt;</a>&nbsp;&nbsp;&nbsp;GimbalControl
<LI><a href="#[c5]">&gt;&gt;</a>&nbsp;&nbsp;&nbsp;ChassisControl
<LI><a href="#[d6]">&gt;&gt;</a>&nbsp;&nbsp;&nbsp;IST8310_Data_Prepare
</UL>
<BR>[Called By]<UL><LI><a href="#[d8]">&gt;&gt;</a>&nbsp;&nbsp;&nbsp;Duty_loop
</UL>

<P><STRONG><a name="[b7]"></a>CheckITStatus</STRONG> (Thumb, 18 bytes, Stack size 0 bytes, stm32f4xx_can.o(i.CheckITStatus))
<BR><BR>[Called By]<UL><LI><a href="#[b0]">&gt;&gt;</a>&nbsp;&nbsp;&nbsp;CAN_GetITStatus
</UL>

<P><STRONG><a name="[fe]"></a>SetSysClock</STRONG> (Thumb, 220 bytes, Stack size 12 bytes, system_stm32f4xx.o(i.SetSysClock))
<BR><BR>[Stack]<UL><LI>Max Depth = 12<LI>Call Chain = SetSysClock
</UL>
<BR>[Called By]<UL><LI><a href="#[65]">&gt;&gt;</a>&nbsp;&nbsp;&nbsp;SystemInit
</UL>
<P>
<H3>
Undefined Global Symbols
</H3><HR></body></html>
